<html>
<body>
<pre>
<h1>礦ision Build Log</h1>
<h2>Tool Versions:</h2>
IDE-Version: μVision V5.14.0.0
Copyright (C) 2015 ARM Ltd and ARM Germany GmbH. All rights reserved.
License Information: 吴 祖猎, 电子科技大学中山学院, LIC=HF8LQ-NQSDI-ZBMEA-1PZM6-3VTYL-0D1C5
 
Tool Versions:
Toolchain:       MDK-ARM Professional  Version: 5.14.0.0
Toolchain Path:  D:\MDK_5\ARM\ARMCC\Bin
C Compiler:      Armcc.exe V5.05 update 1 (build 106)
Assembler:       Armasm.exe V5.05 update 1 (build 106)
Linker/Locator:  ArmLink.exe V5.05 update 1 (build 106)
Library Manager: ArmAr.exe V5.05 update 1 (build 106)
Hex Converter:   FromElf.exe V5.05 update 1 (build 106)
CPU DLL:         SARMCM3.DLL V5.14.0.0
Dialog DLL:      DCM.DLL V1.13.1.0
Target DLL:      Segger\JL2CM3.dll V2.99.23.0
Dialog DLL:      TCM.DLL V1.14.4.0
 
<h2>Project:</h2>
F:\无人机\【正点原子】MiniFly微型四轴飞行器光盘\2，MiniFly程序源码\5 , MiniFly V1.3\1，MiniFly Master\2，STM32F411\Firmware_F411 V1.3\USER\Firmware_F411.uvprojx
Project File Date:  09/04/2019

<h2>Output:</h2>
Rebuild target 'Firmware'
compiling main.c...
compiling system_stm32f4xx.c...
compiling delay.c...
compiling sys.c...
compiling usart.c...
compiling config_param.c...
compiling ak8963.c...
compiling bmp280.c...
compiling module_detect.c...
compiling exti.c...
compiling i2cdev.c...
compiling i2c_drv.c...
compiling led.c...
compiling motors.c...
compiling mpu6500.c...
compiling nvic.c...
compiling uart_syslink.c...
compiling uart1.c...
compiling system.c...
compiling stmflash.c...
compiling watchdog.c...
compiling ws2812.c...
compiling spi.c...
compiling spl06.c...
compiling vl53lxx_i2c.c...
compiling vl53l0x.c...
compiling vl53l1x.c...
compiling wifi_ctrl.c...
compiling ledring12.c...
compiling module_mgt.c...
compiling optical_flow.c...
compiling vl53lxx.c...
compiling vl53l1_api.c...
compiling vl53l1_api_calibration.c...
compiling vl53l1_api_core.c...
compiling vl53l1_api_debug.c...
compiling vl53l1_api_preset_modes.c...
compiling vl53l1_api_strings.c...
compiling vl53l1_core.c...
compiling vl53l1_core_support.c...
compiling vl53l1_error_strings.c...
compiling vl53l1_register_funcs.c...
compiling vl53l1_silicon_core.c...
compiling vl53l1_wait.c...
assembling startup_stm32f411xe.s...
compiling misc.c...
compiling stm32f4xx_adc.c...
compiling stm32f4xx_dbgmcu.c...
compiling stm32f4xx_dma.c...
compiling stm32f4xx_exti.c...
compiling stm32f4xx_flash.c...
compiling stm32f4xx_gpio.c...
compiling stm32f4xx_i2c.c...
compiling stm32f4xx_iwdg.c...
compiling stm32f4xx_rcc.c...
compiling stm32f4xx_spi.c...
compiling stm32f4xx_tim.c...
compiling stm32f4xx_usart.c...
compiling stm32f4xx_syscfg.c...
compiling arm_common_tables.c...
compiling arm_const_structs.c...
compiling arm_cos_f32.c...
compiling arm_mat_mult_f32.c...
compiling arm_mat_trans_f32.c...
compiling arm_mean_f32.c...
compiling arm_sin_f32.c...
compiling list.c...
compiling queue.c...
compiling tasks.c...
compiling timers.c...
compiling port.c...
compiling heap_4.c...
compiling usb_core.c...
compiling usb_dcd.c...
compiling usb_dcd_int.c...
compiling usbd_core.c...
compiling usbd_ioreq.c...
compiling usbd_req.c...
compiling usbd_cdc_core.c...
compiling usb_bsp.c...
compiling usbd_cdc_vcp.c...
compiling usbd_desc.c...
compiling usbd_usr.c...
compiling atkp.c...
compiling comm.c...
compiling commander.c...
compiling ledseq.c...
compiling console.c...
compiling pm.c...
compiling radiolink.c...
compiling remoter_ctrl.c...
compiling usblink.c...
compiling anomal_detec.c...
compiling attitude_pid.c...
compiling flip.c...
compiling pid.c...
compiling position_pid.c...
compiling power_control.c...
compiling sensfusion6.c...
compiling sensors.c...
compiling stabilizer.c...
compiling state_control.c...
compiling state_estimator.c...
compiling debug_assert.c...
compiling freeRTOSdebug.c...
compiling filter.c...
compiling filter2.c...
compiling maths.c...
linking...
Program Size: Code=99656 RO-data=1256 RW-data=1880 ZI-data=44568  
FromELF: creating hex file...
"..\OBJ\Firmware_F411.axf" - 0 Error(s), 0 Warning(s).

<h2>Collection of Component include folders:</h2>
  F:\无人机\【正点原子】MiniFly微型四轴飞行器光盘\2，MiniFly程序源码\5 , MiniFly V1.3\1，MiniFly Master\2，STM32F411\Firmware_F411 V1.3\USER\RTE
  D:\MDK_5\ARM\PACK\Keil\STM32F4xx_DFP\2.5.0

<h2>Collection of Component Files used:</h2>
</pre>
</body>
</html>
