<html>
<body>
<pre>
<h1>礦ision Build Log</h1>
<h2>Tool Versions:</h2>
IDE-Version: μVision V5.14.0.0
Copyright (C) 2015 ARM Ltd and ARM Germany GmbH. All rights reserved.
License Information: 吴 祖猎, 电子科技大学中山学院, LIC=HF8LQ-NQSDI-ZBMEA-1PZM6-3VTYL-0D1C5
 
Tool Versions:
Toolchain:       MDK-ARM Professional  Version: 5.14.0.0
Toolchain Path:  D:\MDK_5\ARM\ARMCC\Bin
C Compiler:      Armcc.exe V5.05 update 1 (build 106)
Assembler:       Armasm.exe V5.05 update 1 (build 106)
Linker/Locator:  ArmLink.exe V5.05 update 1 (build 106)
Library Manager: ArmAr.exe V5.05 update 1 (build 106)
Hex Converter:   FromElf.exe V5.05 update 1 (build 106)
CPU DLL:         SARMCM3.DLL V5.14.0.0
Dialog DLL:      DCM.DLL V1.13.1.0
Target DLL:      Segger\JL2CM3.dll V2.99.23.0
Dialog DLL:      TCM.DLL V1.14.4.0
 
<h2>Project:</h2>
F:\无人机\【正点原子】MiniFly微型四轴飞行器光盘\2，MiniFly程序源码\5 , MiniFly V1.3\1，MiniFly Master\2，STM32F411\Firmware_F411 V1.3\USER\Firmware_F411.uvprojx
Project File Date:  09/05/2019

<h2>Output:</h2>
Build target 'Firmware'
compiling commander.c...
compiling power_control.c...
linking...
Program Size: Code=99864 RO-data=1256 RW-data=1892 ZI-data=44572  
FromELF: creating hex file...
"..\OBJ\Firmware_F411.axf" - 0 Error(s), 0 Warning(s).

<h2>Collection of Component include folders:</h2>
  F:\无人机\【正点原子】MiniFly微型四轴飞行器光盘\2，MiniFly程序源码\5 , MiniFly V1.3\1，MiniFly Master\2，STM32F411\Firmware_F411 V1.3\USER\RTE
  D:\MDK_5\ARM\PACK\Keil\STM32F4xx_DFP\2.5.0

<h2>Collection of Component Files used:</h2>
</pre>
</body>
</html>
