Component: ARM Compiler 5.05 update 1 (build 106) Tool: armlink [4d0efa]

==============================================================================

Section Cross References

    main.o(i.main) refers to system.o(i.systemInit) for systemInit
    main.o(i.main) refers to tasks.o(i.xTaskCreate) for xTaskCreate
    main.o(i.main) refers to tasks.o(i.vTaskStartScheduler) for vTaskStartScheduler
    main.o(i.main) refers to main.o(.data) for startTaskHandle
    main.o(i.main) refers to main.o(i.startTask) for startTask
    main.o(i.startTask) refers to port.o(i.vPortEnterCritical) for vPortEnterCritical
    main.o(i.startTask) refers to tasks.o(i.xTaskCreate) for xTaskCreate
    main.o(i.startTask) refers to heap_4.o(i.xPortGetFreeHeapSize) for xPortGetFreeHeapSize
    main.o(i.startTask) refers to printfa.o(i.__0printf) for __2printf
    main.o(i.startTask) refers to tasks.o(i.vTaskDelete) for vTaskDelete
    main.o(i.startTask) refers to port.o(i.vPortExitCritical) for vPortExitCritical
    main.o(i.startTask) refers to radiolink.o(i.radiolinkTask) for radiolinkTask
    main.o(i.startTask) refers to usblink.o(i.usblinkRxTask) for usblinkRxTask
    main.o(i.startTask) refers to usblink.o(i.usblinkTxTask) for usblinkTxTask
    main.o(i.startTask) refers to atkp.o(i.atkpTxTask) for atkpTxTask
    main.o(i.startTask) refers to atkp.o(i.atkpRxAnlTask) for atkpRxAnlTask
    main.o(i.startTask) refers to config_param.o(i.configParamTask) for configParamTask
    main.o(i.startTask) refers to pm.o(i.pmTask) for pmTask
    main.o(i.startTask) refers to sensors.o(i.sensorsTask) for sensorsTask
    main.o(i.startTask) refers to stabilizer.o(i.stabilizerTask) for stabilizerTask
    main.o(i.startTask) refers to module_mgt.o(i.expModuleMgtTask) for expModuleMgtTask
    main.o(i.startTask) refers to main.o(.data) for startTaskHandle
    main.o(i.vApplicationIdleHook) refers to nvic.o(i.getSysTickCnt) for getSysTickCnt
    main.o(i.vApplicationIdleHook) refers to stm32f4xx_iwdg.o(i.IWDG_ReloadCounter) for IWDG_ReloadCounter
    main.o(i.vApplicationIdleHook) refers to main.o(.data) for tickWatchdogReset
    system_stm32f4xx.o(i.SystemCoreClockUpdate) refers to system_stm32f4xx.o(.data) for SystemCoreClock
    system_stm32f4xx.o(i.SystemInit) refers to system_stm32f4xx.o(i.SetSysClock) for SetSysClock
    delay.o(i.delay_init) refers to misc.o(i.SysTick_CLKSourceConfig) for SysTick_CLKSourceConfig
    delay.o(i.delay_init) refers to delay.o(.data) for fac_us
    delay.o(i.delay_ms) refers to tasks.o(i.xTaskGetSchedulerState) for xTaskGetSchedulerState
    delay.o(i.delay_ms) refers to tasks.o(i.vTaskDelay) for vTaskDelay
    delay.o(i.delay_ms) refers to delay.o(i.delay_us) for delay_us
    delay.o(i.delay_ms) refers to delay.o(.data) for fac_ms
    delay.o(i.delay_us) refers to delay.o(.data) for fac_us
    delay.o(i.delay_xms) refers to delay.o(i.delay_us) for delay_us
    usart.o(i.fputc) refers to console.o(i.consolePutchar) for consolePutchar
    usart.o(i.uart_init) refers to stm32f4xx_rcc.o(i.RCC_AHB1PeriphClockCmd) for RCC_AHB1PeriphClockCmd
    usart.o(i.uart_init) refers to stm32f4xx_rcc.o(i.RCC_APB2PeriphClockCmd) for RCC_APB2PeriphClockCmd
    usart.o(i.uart_init) refers to stm32f4xx_gpio.o(i.GPIO_PinAFConfig) for GPIO_PinAFConfig
    usart.o(i.uart_init) refers to stm32f4xx_gpio.o(i.GPIO_Init) for GPIO_Init
    usart.o(i.uart_init) refers to stm32f4xx_usart.o(i.USART_Init) for USART_Init
    usart.o(i.uart_init) refers to stm32f4xx_usart.o(i.USART_Cmd) for USART_Cmd
    usart.o(i.uart_init) refers to stm32f4xx_usart.o(i.USART_ITConfig) for USART_ITConfig
    usart.o(i.uart_init) refers to misc.o(i.NVIC_Init) for NVIC_Init
    config_param.o(i.configParamGiveSemaphore) refers to queue.o(i.xQueueGenericSend) for xQueueGenericSend
    config_param.o(i.configParamGiveSemaphore) refers to config_param.o(.data) for xSemaphore
    config_param.o(i.configParamInit) refers to stmflash.o(i.STMFLASH_Read) for STMFLASH_Read
    config_param.o(i.configParamInit) refers to config_param.o(i.configParamCksum) for configParamCksum
    config_param.o(i.configParamInit) refers to f2d.o(.text) for __aeabi_f2d
    config_param.o(i.configParamInit) refers to printfa.o(i.__0printf) for __2printf
    config_param.o(i.configParamInit) refers to memmovea.o(.text) for __aeabi_memcpy4
    config_param.o(i.configParamInit) refers to stmflash.o(i.STMFLASH_Write) for STMFLASH_Write
    config_param.o(i.configParamInit) refers to queue.o(i.xQueueGenericCreate) for xQueueGenericCreate
    config_param.o(i.configParamInit) refers to config_param.o(.data) for isInit
    config_param.o(i.configParamInit) refers to config_param.o(.bss) for configParam
    config_param.o(i.configParamTask) refers to queue.o(i.xQueueGenericReceive) for xQueueGenericReceive
    config_param.o(i.configParamTask) refers to config_param.o(i.configParamCksum) for configParamCksum
[...]
    0x0800a400   0x00000018   Code   RO         6528    i.I2C_DMACmd        stm32f4xx_i2c.o
    0x0800a418   0x00000018   Code   RO         6529    i.I2C_DMALastTransferCmd  stm32f4xx_i2c.o
    0x0800a430   0x00000060   Code   RO         6530    i.I2C_DeInit        stm32f4xx_i2c.o
    0x0800a490   0x0000003a   Code   RO         6537    i.I2C_GetFlagStatus  stm32f4xx_i2c.o
    0x0800a4ca   0x00000012   Code   RO         6541    i.I2C_ITConfig      stm32f4xx_i2c.o
    0x0800a4dc   0x000000e8   Code   RO         6542    i.I2C_Init          stm32f4xx_i2c.o
    0x0800a5c4   0x00000008   Code   RO         6547    i.I2C_ReceiveData   stm32f4xx_i2c.o
    0x0800a5cc   0x00000010   Code   RO         6549    i.I2C_Send7bitAddress  stm32f4xx_i2c.o
    0x0800a5dc   0x00000004   Code   RO         6550    i.I2C_SendData      stm32f4xx_i2c.o
    0x0800a5e0   0x00000010   Code   RO         6744    i.IWDG_Enable       stm32f4xx_iwdg.o
    0x0800a5f0   0x00000010   Code   RO         6746    i.IWDG_ReloadCounter  stm32f4xx_iwdg.o
    0x0800a600   0x0000000c   Code   RO         6747    i.IWDG_SetPrescaler  stm32f4xx_iwdg.o
    0x0800a60c   0x0000000c   Code   RO         6748    i.IWDG_SetReload    stm32f4xx_iwdg.o
    0x0800a618   0x0000000c   Code   RO         6749    i.IWDG_WriteAccessCmd  stm32f4xx_iwdg.o
    0x0800a624   0x00000252   Code   RO         3814    i.InitRegisters     optical_flow.o
    0x0800a876   0x0000003e   Code   RO        10078    i.IntToUnicode      usbd_desc.o
    0x0800a8b4   0x00000058   Code   RO         2640    i.MemManage_Handler  nvic.o
    0x0800a90c   0x00000002   Code   RO         2641    i.NMI_Handler       nvic.o
    0x0800a90e   0x00000002   PAD
    0x0800a910   0x00000078   Code   RO         5648    i.NVIC_Init         misc.o
    0x0800a988   0x00000014   Code   RO         5649    i.NVIC_PriorityGroupConfig  misc.o
    0x0800a99c   0x00000014   Code   RO         5650    i.NVIC_SetVectorTable  misc.o
    0x0800a9b0   0x00000010   Code   RO        10151    i.OTG_FS_IRQHandler  usbd_usr.o
    0x0800a9c0   0x00000020   Code   RO         6794    i.RCC_AHB1PeriphClockCmd  stm32f4xx_rcc.o
    0x0800a9e0   0x00000020   Code   RO         6797    i.RCC_AHB2PeriphClockCmd  stm32f4xx_rcc.o
    0x0800aa00   0x00000020   Code   RO         6803    i.RCC_APB1PeriphClockCmd  stm32f4xx_rcc.o
    0x0800aa20   0x00000020   Code   RO         6805    i.RCC_APB1PeriphResetCmd  stm32f4xx_rcc.o
    0x0800aa40   0x00000020   Code   RO         6806    i.RCC_APB2PeriphClockCmd  stm32f4xx_rcc.o
    0x0800aa60   0x00000020   Code   RO         6808    i.RCC_APB2PeriphResetCmd  stm32f4xx_rcc.o
    0x0800aa80   0x00000014   Code   RO         6811    i.RCC_ClearFlag     stm32f4xx_rcc.o
    0x0800aa94   0x000000e8   Code   RO         6815    i.RCC_GetClocksFreq  stm32f4xx_rcc.o
    0x0800ab7c   0x00000040   Code   RO         6816    i.RCC_GetFlagStatus  stm32f4xx_rcc.o
    0x0800abbc   0x00000018   Code   RO         7134    i.SPI_Cmd           stm32f4xx_spi.o
    0x0800abd4   0x00000012   Code   RO         7140    i.SPI_I2S_DMACmd    stm32f4xx_spi.o
    0x0800abe6   0x00000002   PAD
    0x0800abe8   0x000000b0   Code   RO         7141    i.SPI_I2S_DeInit    stm32f4xx_spi.o
    0x0800ac98   0x0000003c   Code   RO         7147    i.SPI_Init          stm32f4xx_spi.o
    0x0800acd4   0x0000009c   Code   RO         3108    i.SPL06Init         spl06.o
    0x0800ad70   0x00000058   Code   RO         3109    i.SPL06PressureToAltitude  spl06.o
    0x0800adc8   0x000000a0   Code   RO         2926    i.STMFLASH_GetFlashSector  stmflash.o
    0x0800ae68   0x00000020   Code   RO         2927    i.STMFLASH_Read     stmflash.o
    0x0800ae88   0x00000006   Code   RO         2928    i.STMFLASH_ReadWord  stmflash.o
    0x0800ae8e   0x00000002   PAD
    0x0800ae90   0x00000098   Code   RO         2929    i.STMFLASH_Write    stmflash.o
    0x0800af28   0x00000040   Code   RO         8045    i.SYSCFG_EXTILineConfig  stm32f4xx_syscfg.o
    0x0800af68   0x00000040   Code   RO         3963    i.SetLimitValue     vl53l1_api.o
    0x0800afa8   0x00000072   Code   RO         3964    i.SetPresetMode     vl53l1_api.o
    0x0800b01a   0x00000002   PAD
    0x0800b01c   0x00000154   Code   RO         3965    i.SetSimpleData     vl53l1_api.o
    0x0800b170   0x000000e8   Code   RO          252    i.SetSysClock       system_stm32f4xx.o
    0x0800b258   0x00000028   Code   RO         5652    i.SysTick_CLKSourceConfig  misc.o
    0x0800b280   0x00000020   Code   RO         2642    i.SysTick_Handler   nvic.o
    0x0800b2a0   0x00000068   Code   RO          254    i.SystemInit        system_stm32f4xx.o
    0x0800b308   0x00000018   Code   RO         7296    i.TIM_ARRPreloadConfig  stm32f4xx_tim.o
    0x0800b320   0x00000018   Code   RO         7308    i.TIM_Cmd           stm32f4xx_tim.o
    0x0800b338   0x00000012   Code   RO         7311    i.TIM_DMACmd        stm32f4xx_tim.o
    0x0800b34a   0x00000002   PAD
    0x0800b34c   0x00000190   Code   RO         7313    i.TIM_DeInit        stm32f4xx_tim.o
    0x0800b4dc   0x0000007c   Code   RO         7337    i.TIM_OC1Init       stm32f4xx_tim.o
    0x0800b558   0x00000012   Code   RO         7340    i.TIM_OC1PreloadConfig  stm32f4xx_tim.o
    0x0800b56a   0x00000002   PAD
    0x0800b56c   0x000000a4   Code   RO         7342    i.TIM_OC2Init       stm32f4xx_tim.o
    0x0800b610   0x0000001a   Code   RO         7345    i.TIM_OC2PreloadConfig  stm32f4xx_tim.o
    0x0800b62a   0x00000002   PAD
    0x0800b62c   0x000000a0   Code   RO         7347    i.TIM_OC3Init       stm32f4xx_tim.o
    0x0800b6cc   0x00000012   Code   RO         7350    i.TIM_OC3PreloadConfig  stm32f4xx_tim.o
    0x0800b6de   0x00000004   Code   RO         7370    i.TIM_SetCompare1   stm32f4xx_tim.o
    0x0800b6e2   0x00000004   Code   RO         7371    i.TIM_SetCompare2   stm32f4xx_tim.o
    0x0800b6e6   0x00000004   Code   RO         7372    i.TIM_SetCompare3   stm32f4xx_tim.o
    0x0800b6ea   0x00000002   PAD
    0x0800b6ec   0x00000084   Code   RO         7380    i.TIM_TimeBaseInit  stm32f4xx_tim.o
    0x0800b770   0x00000034   Code   RO         2840    i.USART1_IRQHandler  uart1.o
    0x0800b7a4   0x00000008   Code   RO         2724    i.USART2_IRQHandler  uart_syslink.o
    0x0800b7ac   0x00000012   Code   RO         7854    i.USART_ClearFlag   stm32f4xx_usart.o
    0x0800b7be   0x00000018   Code   RO         7858    i.USART_Cmd         stm32f4xx_usart.o
    0x0800b7d6   0x00000012   Code   RO         7859    i.USART_DMACmd      stm32f4xx_usart.o
    0x0800b7e8   0x00000054   Code   RO         7862    i.USART_GetITStatus  stm32f4xx_usart.o
    0x0800b83c   0x0000004a   Code   RO         7864    i.USART_ITConfig    stm32f4xx_usart.o
    0x0800b886   0x00000002   PAD
    0x0800b888   0x000000d4   Code   RO         7865    i.USART_Init        stm32f4xx_usart.o
    0x0800b95c   0x0000000a   Code   RO         7872    i.USART_ReceiveData  stm32f4xx_usart.o
    0x0800b966   0x00000008   Code   RO         7875    i.USART_SendData    stm32f4xx_usart.o
    0x0800b96e   0x00000016   Code   RO         9629    i.USBD_ClrCfg       usbd_core.o
    0x0800b984   0x00000048   Code   RO         9794    i.USBD_ClrFeature   usbd_req.o
    0x0800b9cc   0x0000001e   Code   RO         9738    i.USBD_CtlContinueRx  usbd_ioreq.o
    0x0800b9ea   0x0000001e   Code   RO         9739    i.USBD_CtlContinueSendData  usbd_ioreq.o
    0x0800ba08   0x0000001e   Code   RO         9795    i.USBD_CtlError     usbd_req.o
    0x0800ba26   0x0000002e   Code   RO         9740    i.USBD_CtlPrepareRx  usbd_ioreq.o
    0x0800ba54   0x00000024   Code   RO         9741    i.USBD_CtlReceiveStatus  usbd_ioreq.o
    0x0800ba78   0x0000002e   Code   RO         9742    i.USBD_CtlSendData  usbd_ioreq.o
    0x0800baa6   0x00000024   Code   RO         9743    i.USBD_CtlSendStatus  usbd_ioreq.o
    0x0800baca   0x000000e8   Code   RO         9630    i.USBD_DataInStage  usbd_core.o
    0x0800bbb2   0x00000096   Code   RO         9631    i.USBD_DataOutStage  usbd_core.o
    0x0800bc48   0x00000006   Code   RO         9632    i.USBD_DeInit       usbd_core.o
    0x0800bc4e   0x00000002   PAD
    0x0800bc50   0x00000054   Code   RO         9796    i.USBD_GetConfig    usbd_req.o
    0x0800bca4   0x00000112   Code   RO         9797    i.USBD_GetDescriptor  usbd_req.o
    0x0800bdb6   0x00000014   Code   RO         9798    i.USBD_GetLen       usbd_req.o
    0x0800bdca   0x00000002   PAD
    0x0800bdcc   0x00000050   Code   RO         9799    i.USBD_GetStatus    usbd_req.o
    0x0800be1c   0x00000052   Code   RO         9800    i.USBD_GetString    usbd_req.o
    0x0800be6e   0x00000042   Code   RO         9633    i.USBD_Init         usbd_core.o
    0x0800beb0   0x00000012   Code   RO         9634    i.USBD_IsoINIncomplete  usbd_core.o
    0x0800bec2   0x00000012   Code   RO         9635    i.USBD_IsoOUTIncomplete  usbd_core.o
    0x0800bed4   0x000000e0   Code   RO         9557    i.USBD_OTG_ISR_Handler  usb_dcd_int.o
    0x0800bfb4   0x00000048   Code   RO         9801    i.USBD_ParseSetupRequest  usbd_req.o
    0x0800bffc   0x00000032   Code   RO         9636    i.USBD_Reset        usbd_core.o
    0x0800c02e   0x0000001e   Code   RO         9637    i.USBD_Resume       usbd_core.o
    0x0800c04c   0x00000014   Code   RO         9638    i.USBD_RunTestMode  usbd_core.o
    0x0800c060   0x0000001a   Code   RO         9639    i.USBD_SOF          usbd_core.o
    0x0800c07a   0x0000005c   Code   RO         9802    i.USBD_SetAddress   usbd_req.o
    0x0800c0d6   0x0000001e   Code   RO         9640    i.USBD_SetCfg       usbd_core.o
    0x0800c0f4   0x000000d0   Code   RO         9803    i.USBD_SetConfig    usbd_req.o
    0x0800c1c4   0x000000b0   Code   RO         9804    i.USBD_SetFeature   usbd_req.o
    0x0800c274   0x00000054   Code   RO         9641    i.USBD_SetupStage   usbd_core.o
    0x0800c2c8   0x00000072   Code   RO         9805    i.USBD_StdDevReq    usbd_req.o
    0x0800c33a   0x00000002   PAD
    0x0800c33c   0x00000178   Code   RO         9806    i.USBD_StdEPReq     usbd_req.o
    0x0800c4b4   0x0000004c   Code   RO         9807    i.USBD_StdItfReq    usbd_req.o
    0x0800c500   0x00000020   Code   RO         9642    i.USBD_Suspend      usbd_core.o
    0x0800c520   0x00000034   Code   RO        10079    i.USBD_USR_ConfigStrDescriptor  usbd_desc.o
    0x0800c554   0x0000000c   Code   RO        10152    i.USBD_USR_DeviceConfigured  usbd_usr.o
    0x0800c560   0x0000000c   Code   RO        10153    i.USBD_USR_DeviceConnected  usbd_usr.o
    0x0800c56c   0x00000010   Code   RO        10080    i.USBD_USR_DeviceDescriptor  usbd_desc.o
    0x0800c57c   0x0000000c   Code   RO        10154    i.USBD_USR_DeviceDisconnected  usbd_usr.o
    0x0800c588   0x00000012   Code   RO        10155    i.USBD_USR_DeviceReset  usbd_usr.o
    0x0800c59a   0x00000002   Code   RO        10156    i.USBD_USR_DeviceResumed  usbd_usr.o
    0x0800c59c   0x0000000c   Code   RO        10157    i.USBD_USR_DeviceSuspended  usbd_usr.o
    0x0800c5a8   0x00000002   Code   RO        10158    i.USBD_USR_Init     usbd_usr.o
    0x0800c5aa   0x00000002   PAD
    0x0800c5ac   0x00000038   Code   RO        10081    i.USBD_USR_InterfaceStrDescriptor  usbd_desc.o
    0x0800c5e4   0x00000010   Code   RO        10082    i.USBD_USR_LangIDStrDescriptor  usbd_desc.o
    0x0800c5f4   0x0000002c   Code   RO        10083    i.USBD_USR_ManufacturerStrDescriptor  usbd_desc.o
    0x0800c620   0x00000070   Code   RO        10084    i.USBD_USR_ProductStrDescriptor  usbd_desc.o
    0x0800c690   0x00000018   Code   RO        10085    i.USBD_USR_SerialStrDescriptor  usbd_desc.o
    0x0800c6a8   0x00000010   Code   RO         9893    i.USBD_cdc_GetCfgDesc  usbd_cdc_core.o
    0x0800c6b8   0x0000002c   Code   RO         9966    i.USB_OTG_BSP_EnableInterrupt  usb_bsp.o
    0x0800c6e4   0x0000005c   Code   RO         9967    i.USB_OTG_BSP_Init  usb_bsp.o
    0x0800c740   0x00000012   Code   RO         9968    i.USB_OTG_BSP_mDelay  usb_bsp.o
    0x0800c752   0x0000001e   Code   RO         9969    i.USB_OTG_BSP_uDelay  usb_bsp.o
    0x0800c770   0x00000126   Code   RO         9208    i.USB_OTG_CoreInit  usb_core.o
    0x0800c896   0x0000020e   Code   RO         9209    i.USB_OTG_CoreInitDev  usb_core.o
    0x0800caa4   0x00000070   Code   RO         9210    i.USB_OTG_CoreReset  usb_core.o
    0x0800cb14   0x00000022   Code   RO         9211    i.USB_OTG_DisableGlobalInt  usb_core.o
    0x0800cb36   0x00000074   Code   RO         9212    i.USB_OTG_EP0Activate  usb_core.o
    0x0800cbaa   0x00000156   Code   RO         9213    i.USB_OTG_EP0StartXfer  usb_core.o
    0x0800cd00   0x00000062   Code   RO         9214    i.USB_OTG_EP0_OutStart  usb_core.o
    0x0800cd62   0x00000098   Code   RO         9215    i.USB_OTG_EPActivate  usb_core.o
    0x0800cdfa   0x00000050   Code   RO         9216    i.USB_OTG_EPClearStall  usb_core.o
    0x0800ce4a   0x0000005e   Code   RO         9217    i.USB_OTG_EPDeactivate  usb_core.o
    0x0800cea8   0x00000064   Code   RO         9218    i.USB_OTG_EPSetStall  usb_core.o
    0x0800cf0c   0x000001fe   Code   RO         9219    i.USB_OTG_EPStartXfer  usb_core.o
    0x0800d10a   0x00000034   Code   RO         9220    i.USB_OTG_EnableCommonInt  usb_core.o
    0x0800d13e   0x0000009a   Code   RO         9221    i.USB_OTG_EnableDevInt  usb_core.o
    0x0800d1d8   0x00000022   Code   RO         9222    i.USB_OTG_EnableGlobalInt  usb_core.o
    0x0800d1fa   0x00000002   PAD
    0x0800d1fc   0x0000004c   Code   RO         9223    i.USB_OTG_FlushRxFifo  usb_core.o
    0x0800d248   0x00000054   Code   RO         9224    i.USB_OTG_FlushTxFifo  usb_core.o
    0x0800d29c   0x00000038   Code   RO         9225    i.USB_OTG_GetDeviceSpeed  usb_core.o
    0x0800d2d4   0x0000000c   Code   RO         9227    i.USB_OTG_GetMode   usb_core.o
    0x0800d2e0   0x00000018   Code   RO         9228    i.USB_OTG_InitDevSpeed  usb_core.o
    0x0800d2f8   0x00000016   Code   RO         9229    i.USB_OTG_IsDeviceMode  usb_core.o
    0x0800d30e   0x00000010   Code   RO         9231    i.USB_OTG_ReadCoreItr  usb_core.o
    0x0800d31e   0x00000010   Code   RO         9232    i.USB_OTG_ReadDevAllInEPItr  usb_core.o
    0x0800d32e   0x00000010   Code   RO         9233    i.USB_OTG_ReadDevAllOutEp_itr  usb_core.o
    0x0800d33e   0x00000014   Code   RO         9234    i.USB_OTG_ReadDevOutEP_itr  usb_core.o
    0x0800d352   0x00000028   Code   RO         9236    i.USB_OTG_ReadPacket  usb_core.o
    0x0800d37a   0x00000002   PAD
    0x0800d37c   0x000000d0   Code   RO         9237    i.USB_OTG_SelectCore  usb_core.o
    0x0800d44c   0x0000004e   Code   RO         9238    i.USB_OTG_SetCurrentMode  usb_core.o
    0x0800d49a   0x00000040   Code   RO         9242    i.USB_OTG_WritePacket  usb_core.o
    0x0800d4da   0x00000002   PAD
    0x0800d4dc   0x00000058   Code   RO         2643    i.UsageFault_Handler  nvic.o
    0x0800d534   0x000000a0   Code   RO        10004    i.VCP_Ctrl          usbd_cdc_vcp.o
    0x0800d5d4   0x00000030   Code   RO        10005    i.VCP_DataRx        usbd_cdc_vcp.o
    0x0800d604   0x00000050   Code   RO        10006    i.VCP_DataTx        usbd_cdc_vcp.o
    0x0800d654   0x00000004   Code   RO        10007    i.VCP_DeInit        usbd_cdc_vcp.o
    0x0800d658   0x00000004   Code   RO        10008    i.VCP_Init          usbd_cdc_vcp.o
    0x0800d65c   0x00000034   Code   RO         3967    i.VL53L1_ClearInterruptAndStartMeasurement  vl53l1_api.o
    0x0800d690   0x00000064   Code   RO         3968    i.VL53L1_DataInit   vl53l1_api.o
    0x0800d6f4   0x0000002c   Code   RO         3972    i.VL53L1_GetInterMeasurementPeriodMilliSeconds  vl53l1_api.o
    0x0800d720   0x0000001c   Code   RO         3974    i.VL53L1_GetLimitCheckEnable  vl53l1_api.o
    0x0800d73c   0x00000072   Code   RO         3977    i.VL53L1_GetLimitCheckValue  vl53l1_api.o
    0x0800d7ae   0x00000016   Code   RO         3978    i.VL53L1_GetMeasurementDataReady  vl53l1_api.o
    0x0800d7c4   0x000000f4   Code   RO         3979    i.VL53L1_GetMeasurementTimingBudgetMicroSeconds  vl53l1_api.o
    0x0800d8b8   0x00000044   Code   RO         3989    i.VL53L1_GetRangingMeasurementData  vl53l1_api.o
    0x0800d8fc   0x0000001e   Code   RO         3990    i.VL53L1_GetSequenceStepEnable  vl53l1_api.o
    0x0800d91a   0x0000000a   Code   RO         3440    i.VL53L1_GetTickCount  vl53l1x.o
    0x0800d924   0x0000001e   Code   RO         3442    i.VL53L1_RdByte     vl53l1x.o
    0x0800d942   0x00000002   PAD
    0x0800d944   0x00000030   Code   RO         3444    i.VL53L1_RdWord     vl53l1x.o
    0x0800d974   0x00000020   Code   RO         3445    i.VL53L1_ReadMulti  vl53l1x.o
    0x0800d994   0x00000096   Code   RO         4003    i.VL53L1_SetDistanceMode  vl53l1_api.o
    0x0800da2a   0x00000028   Code   RO         4004    i.VL53L1_SetInterMeasurementPeriodMilliSeconds  vl53l1_api.o
    0x0800da52   0x00000048   Code   RO         4005    i.VL53L1_SetLimitCheckEnable  vl53l1_api.o
    0x0800da9a   0x00000046   Code   RO         4006    i.VL53L1_SetLimitCheckValue  vl53l1_api.o
    0x0800dae0   0x00000128   Code   RO         4007    i.VL53L1_SetMeasurementTimingBudgetMicroSeconds  vl53l1_api.o
    0x0800dc08   0x00000062   Code   RO         4009    i.VL53L1_SetPresetMode  vl53l1_api.o
    0x0800dc6a   0x000000a0   Code   RO         4015    i.VL53L1_StartMeasurement  vl53l1_api.o
    0x0800dd0a   0x0000002e   Code   RO         4016    i.VL53L1_StaticInit  vl53l1_api.o
    0x0800dd38   0x0000001a   Code   RO         4017    i.VL53L1_StopMeasurement  vl53l1_api.o
    0x0800dd52   0x00000016   Code   RO         4018    i.VL53L1_WaitDeviceBooted  vl53l1_api.o
    0x0800dd68   0x00000010   Code   RO         3447    i.VL53L1_WaitMs     vl53l1x.o
    0x0800dd78   0x0000001a   Code   RO         3448    i.VL53L1_WaitUs     vl53l1x.o
    0x0800dd92   0x00000002   PAD
    0x0800dd94   0x00000098   Code   RO         3449    i.VL53L1_WaitValueMaskEx  vl53l1x.o
    0x0800de2c   0x00000020   Code   RO         3453    i.VL53L1_WriteMulti  vl53l1x.o
    0x0800de4c   0x00000020   Code   RO         4976    i.VL53L1_calc_decoded_timeout_us  vl53l1_core.o
    0x0800de6c   0x00000020   Code   RO         4977    i.VL53L1_calc_encoded_timeout  vl53l1_core.o
    0x0800de8c   0x00000032   Code   RO         4978    i.VL53L1_calc_macro_period_us  vl53l1_core.o
    0x0800debe   0x0000000e   Code   RO         5331    i.VL53L1_calc_pll_period_us  vl53l1_core_support.o
    0x0800decc   0x00000068   Code   RO         4980    i.VL53L1_calc_range_ignore_threshold  vl53l1_core.o
    0x0800df34   0x00000010   Code   RO         4981    i.VL53L1_calc_timeout_mclks  vl53l1_core.o
    0x0800df44   0x00000096   Code   RO         4982    i.VL53L1_calc_timeout_register_values  vl53l1_core.o
    0x0800dfda   0x00000026   Code   RO         4983    i.VL53L1_calc_timeout_us  vl53l1_core.o
    0x0800e000   0x00000068   Code   RO         4984    i.VL53L1_check_ll_driver_rd_state  vl53l1_core.o
    0x0800e068   0x0000001a   Code   RO         4454    i.VL53L1_clear_interrupt_and_enable_next_range  vl53l1_api_core.o
    0x0800e082   0x0000001e   Code   RO         4986    i.VL53L1_config_low_power_auto_mode  vl53l1_core.o
    0x0800e0a0   0x00000086   Code   RO         4987    i.VL53L1_copy_rtn_good_spads_to_buffer  vl53l1_core.o
    0x0800e126   0x000001e6   Code   RO         4455    i.VL53L1_copy_sys_and_core_results_to_range_results  vl53l1_api_core.o
    0x0800e30c   0x000000c6   Code   RO         4456    i.VL53L1_data_init  vl53l1_api_core.o
    0x0800e3d2   0x0000002e   Code   RO         5332    i.VL53L1_decode_row_col  vl53l1_core_support.o
    0x0800e400   0x0000000e   Code   RO         4989    i.VL53L1_decode_timeout  vl53l1_core.o
    0x0800e40e   0x0000000c   Code   RO         5333    i.VL53L1_decode_vcsel_period  vl53l1_core_support.o
    0x0800e41a   0x0000000c   Code   RO         4992    i.VL53L1_decode_zone_size  vl53l1_core.o
    0x0800e426   0x00000022   Code   RO         4998    i.VL53L1_encode_row_col  vl53l1_core.o
    0x0800e448   0x00000028   Code   RO         4999    i.VL53L1_encode_timeout  vl53l1_core.o
    0x0800e470   0x00000008   Code   RO         5002    i.VL53L1_encode_zone_size  vl53l1_core.o
    0x0800e478   0x0000002e   Code   RO         5383    i.VL53L1_get_customer_nvm_managed  vl53l1_register_funcs.o
    0x0800e4a6   0x000000a8   Code   RO         4461    i.VL53L1_get_device_results  vl53l1_api_core.o
    0x0800e54e   0x0000002c   Code   RO         4462    i.VL53L1_get_inter_measurement_period_ms  vl53l1_api_core.o
    0x0800e57a   0x00000012   Code   RO         4464    i.VL53L1_get_lite_min_count_rate  vl53l1_api_core.o
    0x0800e58c   0x00000012   Code   RO         4465    i.VL53L1_get_lite_sigma_threshold  vl53l1_api_core.o
    0x0800e59e   0x000000b2   Code   RO         4467    i.VL53L1_get_measurement_results  vl53l1_api_core.o
    0x0800e650   0x00000042   Code   RO         4468    i.VL53L1_get_mode_mitigation_roi  vl53l1_api_core.o
    0x0800e692   0x00000030   Code   RO         5384    i.VL53L1_get_nvm_copy_data  vl53l1_register_funcs.o
    0x0800e6c2   0x000000c8   Code   RO         4472    i.VL53L1_get_preset_mode_timing_cfg  vl53l1_api_core.o
    0x0800e78a   0x00000034   Code   RO         4475    i.VL53L1_get_sequence_config_bit  vl53l1_api_core.o
    0x0800e7be   0x0000002a   Code   RO         5385    i.VL53L1_get_static_nvm_managed  vl53l1_register_funcs.o
    0x0800e7e8   0x00000098   Code   RO         4476    i.VL53L1_get_timeouts_us  vl53l1_api_core.o
    0x0800e880   0x0000025e   Code   RO         4477    i.VL53L1_get_tuning_parm  vl53l1_api_core.o
    0x0800eade   0x0000002e   Code   RO         4478    i.VL53L1_get_user_zone  vl53l1_api_core.o
    0x0800eb0c   0x00000080   Code   RO         5387    i.VL53L1_i2c_decode_core_results  vl53l1_register_funcs.o
    0x0800eb8c   0x000000a4   Code   RO         5388    i.VL53L1_i2c_decode_customer_nvm_managed  vl53l1_register_funcs.o
    0x0800ec30   0x0000018a   Code   RO         5389    i.VL53L1_i2c_decode_debug_results  vl53l1_register_funcs.o
    0x0800edba   0x00000026   Code   RO         5004    i.VL53L1_i2c_decode_int16_t  vl53l1_core.o
    0x0800ede0   0x00000024   Code   RO         5005    i.VL53L1_i2c_decode_int32_t  vl53l1_core.o
    0x0800ee04   0x00000142   Code   RO         5391    i.VL53L1_i2c_decode_nvm_copy_data  vl53l1_register_funcs.o
    0x0800ef46   0x00000062   Code   RO         5393    i.VL53L1_i2c_decode_static_nvm_managed  vl53l1_register_funcs.o
    0x0800efa8   0x00000124   Code   RO         5394    i.VL53L1_i2c_decode_system_results  vl53l1_register_funcs.o
    0x0800f0cc   0x0000001e   Code   RO         5006    i.VL53L1_i2c_decode_uint16_t  vl53l1_core.o
    0x0800f0ea   0x0000001c   Code   RO         5007    i.VL53L1_i2c_decode_uint32_t  vl53l1_core.o
    0x0800f106   0x000000ac   Code   RO         5395    i.VL53L1_i2c_encode_customer_nvm_managed  vl53l1_register_funcs.o
    0x0800f1b2   0x0000008c   Code   RO         5396    i.VL53L1_i2c_encode_dynamic_config  vl53l1_register_funcs.o
    0x0800f23e   0x00000092   Code   RO         5397    i.VL53L1_i2c_encode_general_config  vl53l1_register_funcs.o
    0x0800f2d0   0x00000020   Code   RO         5009    i.VL53L1_i2c_encode_int16_t  vl53l1_core.o
    0x0800f2f0   0x000000e6   Code   RO         5398    i.VL53L1_i2c_encode_static_config  vl53l1_register_funcs.o
    0x0800f3d6   0x00000062   Code   RO         5399    i.VL53L1_i2c_encode_static_nvm_managed  vl53l1_register_funcs.o
    0x0800f438   0x00000038   Code   RO         5400    i.VL53L1_i2c_encode_system_control  vl53l1_register_funcs.o
    0x0800f470   0x00000090   Code   RO         5401    i.VL53L1_i2c_encode_timing_config  vl53l1_register_funcs.o
    0x0800f500   0x00000020   Code   RO         5011    i.VL53L1_i2c_encode_uint16_t  vl53l1_core.o
    0x0800f520   0x00000020   Code   RO         5012    i.VL53L1_i2c_encode_uint32_t  vl53l1_core.o
    0x0800f540   0x00000274   Code   RO         4482    i.VL53L1_init_and_start_range  vl53l1_api_core.o
    0x0800f7b4   0x00000026   Code   RO         5013    i.VL53L1_init_ll_driver_state  vl53l1_core.o
    0x0800f7da   0x00000026   Code   RO         4812    i.VL53L1_init_offset_cal_config_struct  vl53l1_api_preset_modes.o
    0x0800f800   0x00000022   Code   RO         4813    i.VL53L1_init_refspadchar_config_struct  vl53l1_api_preset_modes.o
    0x0800f822   0x00000020   Code   RO         4814    i.VL53L1_init_ssc_config_struct  vl53l1_api_preset_modes.o
    0x0800f842   0x000000a4   Code   RO         4815    i.VL53L1_init_tuning_parm_storage_struct  vl53l1_api_preset_modes.o
    0x0800f8e6   0x0000001c   Code   RO         5015    i.VL53L1_init_version  vl53l1_core.o
    0x0800f902   0x00000066   Code   RO         4816    i.VL53L1_init_xtalk_config_struct  vl53l1_api_preset_modes.o
    0x0800f968   0x00000054   Code   RO         5569    i.VL53L1_is_new_data_ready  vl53l1_wait.o
    0x0800f9bc   0x00000034   Code   RO         5017    i.VL53L1_low_power_auto_data_init  vl53l1_core.o
    0x0800f9f0   0x00000050   Code   RO         5018    i.VL53L1_low_power_auto_data_stop_range  vl53l1_core.o
    0x0800fa40   0x00000062   Code   RO         5019    i.VL53L1_low_power_auto_setup_manual_calibration  vl53l1_core.o
    0x0800faa2   0x0000009e   Code   RO         5020    i.VL53L1_low_power_auto_update_DSS  vl53l1_core.o
    0x0800fb40   0x00000038   Code   RO         5570    i.VL53L1_poll_for_boot_completion  vl53l1_wait.o
    0x0800fb78   0x0000003c   Code   RO         4817    i.VL53L1_preset_mode_low_power_auto_long_ranging  vl53l1_api_preset_modes.o
    0x0800fbb4   0x0000003c   Code   RO         4818    i.VL53L1_preset_mode_low_power_auto_ranging  vl53l1_api_preset_modes.o
    0x0800fbf0   0x0000003c   Code   RO         4819    i.VL53L1_preset_mode_low_power_auto_short_ranging  vl53l1_api_preset_modes.o
    0x0800fc2c   0x00000030   Code   RO         4820    i.VL53L1_preset_mode_olt  vl53l1_api_preset_modes.o
    0x0800fc5c   0x0000004e   Code   RO         4821    i.VL53L1_preset_mode_singleshot_ranging  vl53l1_api_preset_modes.o
    0x0800fcaa   0x0000013a   Code   RO         4822    i.VL53L1_preset_mode_standard_ranging  vl53l1_api_preset_modes.o
    0x0800fde4   0x00000054   Code   RO         4823    i.VL53L1_preset_mode_standard_ranging_long_range  vl53l1_api_preset_modes.o
    0x0800fe38   0x00000034   Code   RO         4824    i.VL53L1_preset_mode_standard_ranging_mm1_cal  vl53l1_api_preset_modes.o
    0x0800fe6c   0x00000034   Code   RO         4825    i.VL53L1_preset_mode_standard_ranging_mm2_cal  vl53l1_api_preset_modes.o
    0x0800fea0   0x00000054   Code   RO         4826    i.VL53L1_preset_mode_standard_ranging_short_range  vl53l1_api_preset_modes.o
    0x0800fef4   0x00000054   Code   RO         4827    i.VL53L1_preset_mode_timed_ranging  vl53l1_api_preset_modes.o
    0x0800ff48   0x00000054   Code   RO         4828    i.VL53L1_preset_mode_timed_ranging_long_range  vl53l1_api_preset_modes.o
    0x0800ff9c   0x00000056   Code   RO         4829    i.VL53L1_preset_mode_timed_ranging_short_range  vl53l1_api_preset_modes.o
    0x0800fff2   0x0000009c   Code   RO         4483    i.VL53L1_read_p2p_data  vl53l1_api_core.o
    0x0801008e   0x0000002a   Code   RO         4488    i.VL53L1_set_inter_measurement_period_ms  vl53l1_api_core.o
    0x080100b8   0x00000010   Code   RO         4490    i.VL53L1_set_lite_min_count_rate  vl53l1_api_core.o
    0x080100c8   0x00000010   Code   RO         4491    i.VL53L1_set_lite_sigma_threshold  vl53l1_api_core.o
    0x080100d8   0x000001da   Code   RO         4496    i.VL53L1_set_preset_mode  vl53l1_api_core.o
    0x080102b2   0x0000002a   Code   RO         5407    i.VL53L1_set_system_control  vl53l1_register_funcs.o
    0x080102dc   0x00000050   Code   RO         4500    i.VL53L1_set_timeouts_us  vl53l1_api_core.o
    0x0801032c   0x0000002a   Code   RO         4502    i.VL53L1_set_user_zone  vl53l1_api_core.o
    0x08010356   0x00000020   Code   RO         4504    i.VL53L1_set_vhv_loopbound  vl53l1_api_core.o
    0x08010376   0x00000054   Code   RO         4506    i.VL53L1_stop_range  vl53l1_api_core.o
    0x080103ca   0x00000082   Code   RO         5030    i.VL53L1_update_ll_driver_cfg_state  vl53l1_core.o
    0x0801044c   0x000000ac   Code   RO         5031    i.VL53L1_update_ll_driver_rd_state  vl53l1_core.o
    0x080104f8   0x00000020   Code   RO        12394    i.__0printf         mc_w.l(printfa.o)
    0x08010518   0x00000026   Code   RO        12444    i.__ARM_fpclassifyf  m_wm.l(fpclassifyf.o)
    0x0801053e   0x00000002   PAD
    0x08010540   0x0000012c   Code   RO        12034    i.__hardfp_asinf    m_wm.l(asinf.o)
    0x0801066c   0x00000250   Code   RO        12046    i.__hardfp_atan2f   m_wm.l(atan2f.o)
    0x080108bc   0x00000150   Code   RO        12058    i.__hardfp_cosf     m_wm.l(cosf.o)
    0x08010a0c   0x00000014   Code   RO        12070    i.__hardfp_fabs     m_wm.l(fabs.o)
    0x08010a20   0x0000060c   Code   RO        12090    i.__hardfp_powf     m_wm.l(powf.o)
    0x0801102c   0x00000190   Code   RO        12104    i.__hardfp_sinf     m_wm.l(sinf.o)
    0x080111bc   0x0000003a   Code   RO        12116    i.__hardfp_sqrtf    m_wm.l(sqrtf.o)
    0x080111f6   0x00000002   PAD
    0x080111f8   0x0000017c   Code   RO        12128    i.__hardfp_tanf     m_wm.l(tanf.o)
    0x08011374   0x00000014   Code   RO        12446    i.__mathlib_flt_divzero  m_wm.l(funder.o)
    0x08011388   0x00000006   Code   RO        12447    i.__mathlib_flt_infnan  m_wm.l(funder.o)
    0x0801138e   0x00000006   Code   RO        12448    i.__mathlib_flt_infnan2  m_wm.l(funder.o)
    0x08011394   0x00000010   Code   RO        12449    i.__mathlib_flt_invalid  m_wm.l(funder.o)
    0x080113a4   0x00000010   Code   RO        12450    i.__mathlib_flt_overflow  m_wm.l(funder.o)
    0x080113b4   0x00000010   Code   RO        12452    i.__mathlib_flt_underflow  m_wm.l(funder.o)
    0x080113c4   0x00000154   Code   RO        12460    i.__mathlib_rredf2  m_wm.l(rredf.o)
    0x08011518   0x0000000e   Code   RO        12507    i.__scatterload_copy  mc_w.l(handlers.o)
    0x08011526   0x00000002   Code   RO        12508    i.__scatterload_null  mc_w.l(handlers.o)
    0x08011528   0x0000000e   Code   RO        12509    i.__scatterload_zeroinit  mc_w.l(handlers.o)
    0x08011536   0x00000002   PAD
    0x08011538   0x0000000c   Code   RO        12489    i.__set_errno       mc_w.l(errno.o)
    0x08011544   0x00000164   Code   RO        12401    i._fp_digits        mc_w.l(printfa.o)
    0x080116a8   0x000006dc   Code   RO        12402    i._printf_core      mc_w.l(printfa.o)
    0x08011d84   0x00000024   Code   RO        12403    i._printf_post_padding  mc_w.l(printfa.o)
    0x08011da8   0x0000002e   Code   RO        12404    i._printf_pre_padding  mc_w.l(printfa.o)
    0x08011dd6   0x00000002   PAD
    0x08011dd8   0x000000c8   Code   RO        10833    i.anomalDetec       anomal_detec.o
    0x08011ea0   0x00000034   Code   RO        11224    i.applyAxis3fLpf    sensors.o
    0x08011ed4   0x00000054   Code   RO        11798    i.applyDeadbandf    maths.o
    0x08011f28   0x00000078   Code   RO        11565    i.assertFail        debug_assert.o
    0x08011fa0   0x0000002c   Code   RO        10231    i.atkpCheckSum      atkp.o
    0x08011fcc   0x00000060   Code   RO        10232    i.atkpInit          atkp.o
    0x0801202c   0x000000a0   Code   RO        10700    i.atkpPacketDispatch  radiolink.o
    0x080120cc   0x00000d82   Code   RO        10233    i.atkpReceiveAnl    atkp.o
    0x08012e4e   0x00000002   PAD
    0x08012e50   0x00000084   Code   RO        10234    i.atkpReceivePacketBlocking  atkp.o
    0x08012ed4   0x00000020   Code   RO        10235    i.atkpRxAnlTask     atkp.o
    0x08012ef4   0x00000018   Code   RO        10236    i.atkpSendPacket    atkp.o
    0x08012f0c   0x00000390   Code   RO        10237    i.atkpSendPeriod    atkp.o
    0x0801329c   0x00000012   Code   RO        10238    i.atkpTxTask        atkp.o
    0x080132ae   0x00000002   PAD
    0x080132b0   0x000000c4   Code   RO        10868    i.attitudeAnglePID  attitude_pid.o
    0x08013374   0x00000124   Code   RO        10869    i.attitudeControlInit  attitude_pid.o
    0x08013498   0x00000004   Code   RO        10870    i.attitudeControlTest  attitude_pid.o
    0x0801349c   0x00000010   Code   RO        10871    i.attitudeControllerResetPitchAttitudePID  attitude_pid.o
    0x080134ac   0x00000010   Code   RO        10872    i.attitudeControllerResetRollAttitudePID  attitude_pid.o
    0x080134bc   0x00000450   Code   RO         3659    i.attitudeInduceEffect  ledring12.o
    0x0801390c   0x000000f8   Code   RO        10873    i.attitudePIDwriteToConfigParam  attitude_pid.o
    0x08013a04   0x00000080   Code   RO        10874    i.attitudeRatePID   attitude_pid.o
    0x08013a84   0x00000040   Code   RO        10875    i.attitudeResetAllPID  attitude_pid.o
    0x08013ac4   0x000000c0   Code   RO         3660    i.binkLED           ledring12.o
    0x08013b84   0x00000034   Code   RO         3661    i.blackEffect       ledring12.o
    0x08013bb8   0x000001a8   Code   RO          666    i.bmp280CompensateP  bmp280.o
    0x08013d60   0x00000048   Code   RO          667    i.bmp280CompensateT  bmp280.o
    0x08013da8   0x000000ac   Code   RO          670    i.bmp280Init        bmp280.o
    0x08013e54   0x00000060   Code   RO          671    i.bmp280PressureToAltitude  bmp280.o
    0x08013eb4   0x00000144   Code   RO         3662    i.breathingLED      ledring12.o
    0x08013ff8   0x0000013c   Code   RO        11165    i.calBaseAcc        sensfusion6.o
    0x08014134   0x000000b0   Code   RO         3663    i.colorSpinEffect   ledring12.o
    0x080141e4   0x000000c0   Code   RO         3664    i.colorTest         ledring12.o
    0x080142a4   0x00000020   Code   RO        10360    i.commInit          comm.o
    0x080142c4   0x00000014   Code   RO        10361    i.commTest          comm.o
    0x080142d8   0x00000038   Code   RO        10388    i.commanderDropToGround  commander.o
    0x08014310   0x000003d0   Code   RO        10389    i.commanderGetSetpoint  commander.o
    0x080146e0   0x0000002c   Code   RO        10390    i.commanderLevelRPY  commander.o
    0x0801470c   0x00000026   Code   RO          403    i.configParamCksum  config_param.o
    0x08014732   0x00000002   PAD
    0x08014734   0x00000018   Code   RO          404    i.configParamGiveSemaphore  config_param.o
    0x0801474c   0x00000134   Code   RO          405    i.configParamInit   config_param.o
    0x08014880   0x00000058   Code   RO          406    i.configParamTask   config_param.o
    0x080148d8   0x0000000c   Code   RO          407    i.configParamTest   config_param.o
    0x080148e4   0x0000004c   Code   RO        10585    i.consoleInit       console.o
    0x08014930   0x000000cc   Code   RO        10586    i.consolePutchar    console.o
    0x080149fc   0x00000044   Code   RO        10587    i.consolePutcharFromISR  console.o
    0x08014a40   0x0000000c   Code   RO        10589    i.consoleTest       console.o
    0x08014a4c   0x0000002a   Code   RO        11804    i.constrainf        maths.o
    0x08014a76   0x00000002   PAD
    0x08014a78   0x000001c4   Code   RO        10391    i.ctrlDataUpdate    commander.o
    0x08014c3c   0x00000044   Code   RO          289    i.delay_init        delay.o
    0x08014c80   0x00000044   Code   RO          290    i.delay_ms          delay.o
    0x08014cc4   0x00000048   Code   RO          291    i.delay_us          delay.o
    0x08014d0c   0x00000018   Code   RO          292    i.delay_xms         delay.o
    0x08014d24   0x000000ac   Code   RO        10834    i.detecFreeFall     anomal_detec.o
    0x08014dd0   0x000000bc   Code   RO        10835    i.detecTumbled      anomal_detec.o
    0x08014e8c   0x0000009c   Code   RO         3665    i.doubleSpinEffect  ledring12.o
    0x08014f28   0x0000000c   Code   RO        11509    i.estRstAll         state_estimator.o
    0x08014f34   0x0000000c   Code   RO        11510    i.estRstHeight      state_estimator.o
    0x08014f40   0x00000068   Code   RO         3759    i.expModuleDetect   module_mgt.o
    0x08014fa8   0x00000108   Code   RO          728    i.expModuleDriverInit  module_detect.o
    0x080150b0   0x00000058   Code   RO         3760    i.expModuleMgtTask  module_mgt.o
    0x08015108   0x00000050   Code   RO         3761    i.expModulePower    module_mgt.o
    0x08015158   0x0000009c   Code   RO          785    i.extiInit          exti.o
    0x080151f4   0x00000108   Code   RO        11400    i.fastAdjustPosZ    stabilizer.o
    0x080152fc   0x00000068   Code   RO         2990    i.fillLed           ws2812.o
    0x08015364   0x00000028   Code   RO         3666    i.flashlight        ledring12.o
    0x0801538c   0x000000a4   Code   RO        10392    i.flightCtrldataCache  commander.o
    0x08015430   0x00000130   Code   RO        10393    i.flyerAutoLand     commander.o
    0x08015560   0x00000578   Code   RO        10941    i.flyerFlipCheck    flip.o
    0x08015ad8   0x00000010   Code   RO          358    i.fputc             usart.o
    0x08015ae8   0x0000000c   Code   RO        11056    i.getAltholdThrust  position_pid.o
    0x08015af4   0x00000028   Code   RO        11401    i.getAttitudeData   stabilizer.o
    0x08015b1c   0x0000000c   Code   RO        11402    i.getBaroData       stabilizer.o
    0x08015b28   0x00000010   Code   RO        10395    i.getCommanderCtrlMode  commander.o
    0x08015b38   0x00000010   Code   RO        10397    i.getCommanderKeyFlight  commander.o
    0x08015b48   0x00000010   Code   RO        10398    i.getCommanderKeyland  commander.o
    0x08015b58   0x0000000c   Code   RO        11511    i.getFusedHeight    state_estimator.o
    0x08015b64   0x0000000c   Code   RO        11225    i.getIsBaroPresent  sensors.o
    0x08015b70   0x0000000c   Code   RO        11166    i.getIsCalibrated   sensfusion6.o
    0x08015b7c   0x0000000c   Code   RO        10634    i.getIsLowpower     pm.o
    0x08015b88   0x0000000c   Code   RO        11226    i.getIsMPU9250Present  sensors.o
    0x08015b94   0x000000f8   Code   RO          729    i.getModuleDriverID  module_detect.o
    0x08015c8c   0x0000000c   Code   RO         3762    i.getModuleID       module_mgt.o
    0x08015c98   0x00000010   Code   RO        11112    i.getMotorPWM       power_control.o
    0x08015ca8   0x0000000c   Code   RO         3815    i.getOpDataState    optical_flow.o
    0x08015cb4   0x00000214   Code   RO         3816    i.getOpFlowData     optical_flow.o
    0x08015ec8   0x00000024   Code   RO        10512    i.getPrio           ledseq.o
    0x08015eec   0x00000014   Code   RO        11403    i.getSensorData     stabilizer.o
    0x08015f00   0x00000030   Code   RO        11227    i.getSensorRawData  sensors.o
    0x08015f30   0x00000098   Code   RO        11404    i.getStateData      stabilizer.o
    0x08015fc8   0x0000001c   Code   RO         2644    i.getSysTickCnt     nvic.o
    0x08015fe4   0x0000000c   Code   RO        10159    i.getusbConnectState  usbd_usr.o
    0x08015ff0   0x0000015c   Code   RO         3667    i.gyroInduceEffect  ledring12.o
    0x0801614c   0x0000002c   Code   RO         1014    i.i2cNotifyClient   i2c_drv.o
    0x08016178   0x0000001e   Code   RO         1015    i.i2cTryNextMessage  i2c_drv.o
    0x08016196   0x0000000e   Code   RO          928    i.i2cdevInit        i2cdev.o
    0x080161a4   0x00000032   Code   RO          929    i.i2cdevRead        i2cdev.o
    0x080161d6   0x00000054   Code   RO          932    i.i2cdevReadBits    i2cdev.o
    0x0801622a   0x0000001a   Code   RO          933    i.i2cdevReadByte    i2cdev.o
    0x08016244   0x00000032   Code   RO          934    i.i2cdevWrite       i2cdev.o
    0x08016276   0x00000050   Code   RO          936    i.i2cdevWriteBit    i2cdev.o
    0x080162c6   0x00000064   Code   RO          937    i.i2cdevWriteBits   i2cdev.o
    0x0801632a   0x0000001e   Code   RO          938    i.i2cdevWriteByte   i2cdev.o
    0x08016348   0x0000003a   Code   RO         1016    i.i2cdrvClearDMA    i2c_drv.o
    0x08016382   0x0000001c   Code   RO         1018    i.i2cdrvCreateMessageIntAddr  i2c_drv.o
    0x0801639e   0x0000004a   Code   RO         1019    i.i2cdrvDmaIsrHandler  i2c_drv.o
    0x080163e8   0x00000068   Code   RO         1020    i.i2cdrvDmaSetupBus  i2c_drv.o
    0x08016450   0x00000094   Code   RO         1021    i.i2cdrvErrorIsrHandler  i2c_drv.o
    0x080164e4   0x000001de   Code   RO         1022    i.i2cdrvEventIsrHandler  i2c_drv.o
    0x080166c2   0x0000000c   Code   RO         1023    i.i2cdrvInit        i2c_drv.o
    0x080166ce   0x0000014e   Code   RO         1024    i.i2cdrvInitBus     i2c_drv.o
    0x0801681c   0x0000005a   Code   RO         1025    i.i2cdrvMessageTransfer  i2c_drv.o
    0x08016876   0x0000001e   Code   RO         1026    i.i2cdrvRoughLoopDelay  i2c_drv.o
    0x08016894   0x0000004e   Code   RO         1027    i.i2cdrvStartTransfer  i2c_drv.o
    0x080168e2   0x0000000c   Code   RO         1028    i.i2cdrvTryToRestartBus  i2c_drv.o
    0x080168ee   0x00000002   PAD
    0x080168f0   0x000000dc   Code   RO         1029    i.i2cdrvdevUnlockBus  i2c_drv.o
    0x080169cc   0x0000017c   Code   RO        11167    i.imuComputeRotationMatrix  sensfusion6.o
    0x08016b48   0x00000100   Code   RO        11168    i.imuTransformVectorBodyToEarth  sensfusion6.o
    0x08016c48   0x00000098   Code   RO        11169    i.imuTransformVectorEarthToBody  sensfusion6.o
    0x08016ce0   0x000003e0   Code   RO        11170    i.imuUpdate         sensfusion6.o
    0x080170c0   0x00000048   Code   RO        11512    i.inavFilterCorrectPos  state_estimator.o
    0x08017108   0x00000024   Code   RO        11513    i.inavFilterCorrectVel  state_estimator.o
    0x0801712c   0x00000058   Code   RO        11514    i.inavFilterPredict  state_estimator.o
    0x08017184   0x0000003c   Code   RO        11171    i.invSqrt           sensfusion6.o
    0x080171c0   0x00000018   Code   RO         1149    i.ledClearAll       led.o
    0x080171d8   0x00000026   Code   RO         1150    i.ledFlashOne       led.o
    0x080171fe   0x00000002   PAD
    0x08017200   0x0000007c   Code   RO         1151    i.ledInit           led.o
    0x0801727c   0x0000005c   Code   RO         1152    i.ledSet            led.o
    0x080172d8   0x00000064   Code   RO         1154    i.ledTest           led.o
    0x0801733c   0x00000058   Code   RO         3668    i.ledring12Init     ledring12.o
    0x08017394   0x00000088   Code   RO         3669    i.ledring12Timer    ledring12.o
    0x0801741c   0x0000000c   Code   RO         3670    i.ledringPowerControl  ledring12.o
    0x08017428   0x0000000c   Code   RO        10513    i.ledseqEnable      ledseq.o
    0x08017434   0x000000b0   Code   RO        10514    i.ledseqInit        ledseq.o
    0x080174e4   0x00000070   Code   RO        10515    i.ledseqRun         ledseq.o
    0x08017554   0x00000064   Code   RO        10517    i.ledseqStop        ledseq.o
    0x080175b8   0x0000001c   Code   RO        10518    i.ledseqTest        ledseq.o
    0x080175d4   0x00000018   Code   RO        11113    i.limitThrust       power_control.o
    0x080175ec   0x0000006e   Code   RO        11643    i.lpf2pApply        filter.o
    0x0801765a   0x00000034   Code   RO        11644    i.lpf2pInit         filter.o
    0x0801768e   0x00000002   PAD
    0x08017690   0x000000d4   Code   RO        11646    i.lpf2pSetCutoffFreq  filter.o
    0x08017764   0x00000038   Code   RO            3    i.main              main.o
    0x0801779c   0x00000140   Code   RO         1201    i.motorsInit        motors.o
    0x080178dc   0x00000128   Code   RO         1202    i.motorsSetRatio    motors.o
    0x08017a04   0x00000040   Code   RO         1203    i.motorsTest        motors.o
    0x08017a44   0x0000002c   Code   RO         1270    i.mpu6500GetDeviceID  mpu6500.o
    0x08017a70   0x00000028   Code   RO         1372    i.mpu6500Init       mpu6500.o
    0x08017a98   0x00000020   Code   RO         1375    i.mpu6500Reset      mpu6500.o
    0x08017ab8   0x00000024   Code   RO         1384    i.mpu6500SetAccelDLPF  mpu6500.o
    0x08017adc   0x00000024   Code   RO         1391    i.mpu6500SetClockSource  mpu6500.o
    0x08017b00   0x00000024   Code   RO         1393    i.mpu6500SetDLPFMode  mpu6500.o
    0x08017b24   0x00000024   Code   RO         1405    i.mpu6500SetFullScaleAccelRange  mpu6500.o
    0x08017b48   0x00000024   Code   RO         1406    i.mpu6500SetFullScaleGyroRange  mpu6500.o
    0x08017b6c   0x00000020   Code   RO         1410    i.mpu6500SetI2CBypassEnabled  mpu6500.o
    0x08017b8c   0x00000020   Code   RO         1411    i.mpu6500SetI2CMasterModeEnabled  mpu6500.o
    0x08017bac   0x00000020   Code   RO         1413    i.mpu6500SetIntDataReadyEnabled  mpu6500.o
    0x08017bcc   0x00000020   Code   RO         1414    i.mpu6500SetIntEnabled  mpu6500.o
    0x08017bec   0x00000020   Code   RO         1421    i.mpu6500SetInterruptDrive  mpu6500.o
    0x08017c0c   0x00000020   Code   RO         1422    i.mpu6500SetInterruptLatch  mpu6500.o
    0x08017c2c   0x00000020   Code   RO         1423    i.mpu6500SetInterruptLatchClear  mpu6500.o
    0x08017c4c   0x00000020   Code   RO         1424    i.mpu6500SetInterruptMode  mpu6500.o
    0x08017c6c   0x00000024   Code   RO         1425    i.mpu6500SetMasterClockSpeed  mpu6500.o
    0x08017c90   0x00000020   Code   RO         1430    i.mpu6500SetRate    mpu6500.o
    0x08017cb0   0x00000024   Code   RO         1438    i.mpu6500SetSlave4MasterDelay  mpu6500.o
    0x08017cd4   0x00000030   Code   RO         1442    i.mpu6500SetSlaveAddress  mpu6500.o
    0x08017d04   0x00000034   Code   RO         1443    i.mpu6500SetSlaveDataLength  mpu6500.o
    0x08017d38   0x00000024   Code   RO         1444    i.mpu6500SetSlaveDelayEnabled  mpu6500.o
    0x08017d5c   0x00000030   Code   RO         1445    i.mpu6500SetSlaveEnabled  mpu6500.o
    0x08017d8c   0x00000020   Code   RO         1447    i.mpu6500SetSlaveReadWriteTransitionEnabled  mpu6500.o
    0x08017dac   0x00000030   Code   RO         1448    i.mpu6500SetSlaveRegister  mpu6500.o
    0x08017ddc   0x00000020   Code   RO         1452    i.mpu6500SetSleepEnabled  mpu6500.o
    0x08017dfc   0x00000024   Code   RO         1460    i.mpu6500SetTempSensorEnabled  mpu6500.o
    0x08017e20   0x00000020   Code   RO         1461    i.mpu6500SetWaitForExternalSensorEnabled  mpu6500.o
    0x08017e40   0x0000000e   Code   RO          730    i.my_abs            module_detect.o
    0x08017e4e   0x00000002   PAD
    0x08017e50   0x00000018   Code   RO         2645    i.nvicInit          nvic.o
    0x08017e68   0x000000fc   Code   RO         3817    i.opticalFlowInit   optical_flow.o
    0x08017f64   0x00000018   Code   RO         3818    i.opticalFlowPowerControl  optical_flow.o
    0x08017f7c   0x000000d8   Code   RO         3819    i.opticalFlowTask   optical_flow.o
    0x08018054   0x00000064   Code   RO        10971    i.pidInit           pid.o
    0x080180b8   0x00000040   Code   RO        10876    i.pidOutLimit       attitude_pid.o
    0x080180f8   0x00000028   Code   RO        10972    i.pidReset          pid.o
    0x08018120   0x00000006   Code   RO        10976    i.pidSetIntegralLimit  pid.o
    0x08018126   0x00000006   Code   RO        10980    i.pidSetOutputLimit  pid.o
    0x0801812c   0x00000108   Code   RO        10981    i.pidUpdate         pid.o
    0x08018234   0x0000000c   Code   RO        10635    i.pmGetBatteryVoltage  pm.o
    0x08018240   0x0000003c   Code   RO        10636    i.pmInit            pm.o
    0x0801827c   0x0000003c   Code   RO        10637    i.pmSetBatteryVoltage  pm.o
    0x080182b8   0x00000024   Code   RO        10638    i.pmSyslinkUpdate   pm.o
    0x080182dc   0x00000108   Code   RO        10639    i.pmTask            pm.o
    0x080183e4   0x0000000c   Code   RO        10640    i.pmTest            pm.o
    0x080183f0   0x00000050   Code   RO        10641    i.pmUpdateState     pm.o
    0x08018440   0x00000124   Code   RO        11057    i.positionControlInit  position_pid.o
    0x08018564   0x000000b0   Code   RO        11058    i.positionController  position_pid.o
    0x08018614   0x00000668   Code   RO        11515    i.positionEstimate  state_estimator.o
    0x08018c7c   0x000000f8   Code   RO        11059    i.positionPIDwriteToConfigParam  position_pid.o
    0x08018d74   0x00000040   Code   RO        11060    i.positionResetAllPID  position_pid.o
    0x08018db4   0x00000178   Code   RO        11114    i.powerControl      power_control.o
    0x08018f2c   0x00000008   Code   RO        11115    i.powerControlInit  power_control.o
    0x08018f34   0x0000000e   Code   RO        11116    i.powerControlTest  power_control.o
    0x08018f42   0x00000002   PAD
    0x08018f44   0x00000064   Code   RO        11566    i.printAssertSnapshotData  debug_assert.o
    0x08018fa8   0x000001b0   Code   RO         2646    i.printHardFault    nvic.o
    0x08019158   0x000001d8   Code   RO        11228    i.processAccGyroMeasurements  sensors.o
    0x08019330   0x000000dc   Code   RO        11229    i.processAccScale   sensors.o
    0x0801940c   0x00000150   Code   RO        11230    i.processBarometerMeasurements  sensors.o
    0x0801955c   0x00000048   Code   RO        11231    i.processGyroBias   sensors.o
    0x080195a4   0x00000080   Code   RO        11232    i.processMagnetometerMeasurements  sensors.o
    0x08019624   0x00000098   Code   RO         8553    i.prvAddCurrentTaskToDelayedList  tasks.o
    0x080196bc   0x000000b8   Code   RO         8554    i.prvAddNewTaskToReadyList  tasks.o
    0x08019774   0x00000064   Code   RO         8945    i.prvCheckForValidListAndQueue  timers.o
    0x080197d8   0x00000064   Code   RO         8555    i.prvCheckTasksWaitingTermination  tasks.o
    0x0801983c   0x0000002a   Code   RO         8300    i.prvCopyDataFromQueue  queue.o
    0x08019866   0x0000007c   Code   RO         8301    i.prvCopyDataToQueue  queue.o
    0x080198e2   0x00000012   Code   RO         8556    i.prvDeleteTCB      tasks.o
    0x080198f4   0x00000028   Code   RO         8946    i.prvGetNextExpireTime  timers.o
    0x0801991c   0x0000007c   Code   RO         9150    i.prvHeapInit       heap_4.o
    0x08019998   0x0000000c   Code   RO         8557    i.prvIdleTask       tasks.o
    0x080199a4   0x0000001c   Code   RO         8302    i.prvInitialiseMutex  queue.o
    0x080199c0   0x0000002e   Code   RO         8303    i.prvInitialiseNewQueue  queue.o
    0x080199ee   0x00000092   Code   RO         8558    i.prvInitialiseNewTask  tasks.o
    0x08019a80   0x0000002e   Code   RO         8947    i.prvInitialiseNewTimer  timers.o
    0x08019aae   0x00000002   PAD
    0x08019ab0   0x00000068   Code   RO         8559    i.prvInitialiseTaskLists  tasks.o
    0x08019b18   0x00000068   Code   RO         9151    i.prvInsertBlockIntoFreeList  heap_4.o
    0x08019b80   0x00000058   Code   RO         8948    i.prvInsertTimerInActiveList  timers.o
    0x08019bd8   0x0000001a   Code   RO         8304    i.prvIsQueueEmpty   queue.o
    0x08019bf2   0x0000001e   Code   RO         8305    i.prvIsQueueFull    queue.o
    0x08019c10   0x00000052   Code   RO         8306    i.prvNotifyQueueSetContainer  queue.o
    0x08019c62   0x00000002   PAD
    0x08019c64   0x0000004c   Code   RO         8949    i.prvProcessExpiredTimer  timers.o
    0x08019cb0   0x000000bc   Code   RO         8950    i.prvProcessReceivedCommands  timers.o
    0x08019d6c   0x00000074   Code   RO         8951    i.prvProcessTimerOrBlockTask  timers.o
    0x08019de0   0x00000034   Code   RO         8561    i.prvResetNextTaskUnblockTime  tasks.o
    0x08019e14   0x0000002c   Code   RO         8952    i.prvSampleTimeNow  timers.o
    0x08019e40   0x00000084   Code   RO         8953    i.prvSwitchTimerLists  timers.o
    0x08019ec4   0x00000016   Code   RO         9072    i.prvTaskExitError  port.o
    0x08019eda   0x00000002   PAD
    0x08019edc   0x00000040   Code   RO         8563    i.prvTaskIsTaskSuspended  tasks.o
    0x08019f1c   0x0000001a   Code   RO         8954    i.prvTimerTask      timers.o
    0x08019f36   0x00000092   Code   RO         8307    i.prvUnlockQueue    queue.o
    0x08019fc8   0x000000dc   Code   RO         9152    i.pvPortMalloc      heap_4.o
    0x0801a0a4   0x00000020   Code   RO         8565    i.pvTaskIncrementMutexHeldCount  tasks.o
    0x0801a0c4   0x00000014   Code   RO         8955    i.pvTimerGetTimerID  timers.o
    0x0801a0d8   0x0000002c   Code   RO         9073    i.pxPortInitialiseStack  port.o
    0x0801a104   0x00000014   Code   RO        10701    i.radiolinkGetFreeTxQueuePackets  radiolink.o
    0x0801a118   0x00000068   Code   RO        10702    i.radiolinkInit     radiolink.o
    0x0801a180   0x00000084   Code   RO        10703    i.radiolinkSendPacket  radiolink.o
    0x0801a204   0x00000084   Code   RO        10704    i.radiolinkSendPacketBlocking  radiolink.o
    0x0801a288   0x00000134   Code   RO        10705    i.radiolinkTask     radiolink.o
    0x0801a3bc   0x00000006   Code   RO         1204    i.ratioToCCRx       motors.o
    0x0801a3c2   0x00000002   PAD
    0x0801a3c4   0x00000060   Code   RO         3820    i.readMotion        optical_flow.o
    0x0801a424   0x000000b0   Code   RO         3671    i.redSpinEffect     ledring12.o
    0x0801a4d4   0x00000064   Code   RO         3821    i.registerRead      optical_flow.o
    0x0801a538   0x00000058   Code   RO         3822    i.registerWrite     optical_flow.o
    0x0801a590   0x00000100   Code   RO        10757    i.remoterCtrlProcess  remoter_ctrl.o
    0x0801a690   0x00000034   Code   RO          408    i.resetConfigParamPID  config_param.o
    0x0801a6c4   0x00000054   Code   RO         3823    i.resetOpFlowData   optical_flow.o
    0x0801a718   0x000000ac   Code   RO        10399    i.rotateYawCarefree  commander.o
    0x0801a7c4   0x00000114   Code   RO        10519    i.runLedseq         ledseq.o
    0x0801a8d8   0x00000026   Code   RO        10239    i.sendCheck         atkp.o
    0x0801a8fe   0x000000f4   Code   RO        10240    i.sendMotorPWM      atkp.o
    0x0801a9f2   0x00000002   PAD
    0x0801a9f4   0x00000098   Code   RO        10758    i.sendMsgACK        remoter_ctrl.o
    0x0801aa8c   0x00000206   Code   RO        10241    i.sendPid           atkp.o
    0x0801ac92   0x00000046   Code   RO        10242    i.sendPower         atkp.o
    0x0801acd8   0x00000134   Code   RO        10243    i.sendRCData        atkp.o
    0x0801ae0c   0x0000016a   Code   RO        10244    i.sendSenser        atkp.o
    0x0801af76   0x0000005a   Code   RO        10245    i.sendSenser2       atkp.o
    0x0801afd0   0x00000110   Code   RO        10246    i.sendStatus        atkp.o
    0x0801b0e0   0x0000014c   Code   RO        10247    i.sendUserData      atkp.o
    0x0801b22c   0x00000026   Code   RO        11233    i.sensorsAcquire    sensors.o
    0x0801b252   0x0000002e   Code   RO        11234    i.sensorsAddBiasValue  sensors.o
    0x0801b280   0x0000000c   Code   RO        11235    i.sensorsAreCalibrated  sensors.o
    0x0801b28c   0x0000000c   Code   RO        11236    i.sensorsBiasObjInit  sensors.o
    0x0801b298   0x000001c8   Code   RO        11237    i.sensorsCalculateVarianceAndMean  sensors.o
    0x0801b460   0x000001a8   Code   RO        11238    i.sensorsDeviceInit  sensors.o
    0x0801b608   0x00000080   Code   RO        11239    i.sensorsFindBiasValue  sensors.o
    0x0801b688   0x0000003c   Code   RO        11240    i.sensorsInit       sensors.o
    0x0801b6c4   0x00000064   Code   RO        11241    i.sensorsInterruptInit  sensors.o
    0x0801b728   0x00000020   Code   RO        11242    i.sensorsReadAcc    sensors.o
    0x0801b748   0x00000020   Code   RO        11243    i.sensorsReadBaro   sensors.o
    0x0801b768   0x00000020   Code   RO        11244    i.sensorsReadGyro   sensors.o
    0x0801b788   0x00000020   Code   RO        11245    i.sensorsReadMag    sensors.o
    0x0801b7a8   0x00000108   Code   RO        11246    i.sensorsSetupSlaveRead  sensors.o
    0x0801b8b0   0x000000fc   Code   RO        11247    i.sensorsTask       sensors.o
    0x0801b9ac   0x00000014   Code   RO        10400    i.setCommanderCtrlMode  commander.o
    0x0801b9c0   0x00000014   Code   RO        10401    i.setCommanderEmerStop  commander.o
    0x0801b9d4   0x00000014   Code   RO        10402    i.setCommanderFlightmode  commander.o
    0x0801b9e8   0x00000038   Code   RO        10403    i.setCommanderKeyFlight  commander.o
    0x0801ba20   0x00000014   Code   RO        10404    i.setCommanderKeyland  commander.o
    0x0801ba34   0x00000054   Code   RO        11405    i.setFastAdjustPosParam  stabilizer.o
    0x0801ba88   0x0000000c   Code   RO        10942    i.setFlipDir        flip.o
    0x0801ba94   0x00000020   Code   RO         2991    i.setHeadlightsOn   ws2812.o
    0x0801bab4   0x0000000c   Code   RO         3672    i.setLedringEffect  ledring12.o
    0x0801bac0   0x0000001c   Code   RO        11117    i.setMotorPWM       power_control.o
    0x0801badc   0x00000014   Code   RO         3905    i.setVl53lxxState   vl53lxx.o
    0x0801baf0   0x00000108   Code   RO         3044    i.spi2Init          spi.o
    0x0801bbf8   0x00000018   Code   RO         3045    i.spiBeginTransaction  spi.o
    0x0801bc10   0x0000009c   Code   RO         3046    i.spiDMAInit        spi.o
    0x0801bcac   0x00000018   Code   RO         3047    i.spiEndTransaction  spi.o
    0x0801bcc4   0x000000c0   Code   RO         3048    i.spiExchange       spi.o
    0x0801bd84   0x00000068   Code   RO         3050    i.spiTxDmaIsr       spi.o
    0x0801bdec   0x000000d8   Code   RO         3673    i.spinEffect2       ledring12.o
    0x0801bec4   0x00000164   Code   RO         3110    i.spl0601_get_calib_param  spl06.o
    0x0801c028   0x000000c4   Code   RO         3111    i.spl0601_get_pressure  spl06.o
    0x0801c0ec   0x00000090   Code   RO         3112    i.spl0601_get_temperature  spl06.o
    0x0801c17c   0x000000bc   Code   RO         3113    i.spl0601_rateset   spl06.o
    0x0801c238   0x0000003e   Code   RO        12118    i.sqrtf             m_wm.l(sqrtf.o)
    0x0801c276   0x00000002   PAD
    0x0801c278   0x00000020   Code   RO        11406    i.stabilizerInit    stabilizer.o
    0x0801c298   0x00000110   Code   RO        11407    i.stabilizerTask    stabilizer.o
    0x0801c3a8   0x00000014   Code   RO        11408    i.stabilizerTest    stabilizer.o
    0x0801c3bc   0x000001a4   Code   RO            4    i.startTask         main.o
    0x0801c560   0x000001ec   Code   RO        11473    i.stateControl      state_control.o
    0x0801c74c   0x00000024   Code   RO        11474    i.stateControlInit  state_control.o
    0x0801c770   0x0000000e   Code   RO        11475    i.stateControlTest  state_control.o
    0x0801c77e   0x00000002   PAD
    0x0801c780   0x00000018   Code   RO        11567    i.storeAssertSnapshotData  debug_assert.o
    0x0801c798   0x000000a0   Code   RO         2901    i.systemInit        system.o
    0x0801c838   0x0000002c   Code   RO         2902    i.systemTest        system.o
    0x0801c864   0x00000028   Code   RO         2841    i.uart1GetDataWithTimout  uart1.o
    0x0801c88c   0x000000c8   Code   RO         2843    i.uart1Init         uart1.o
    0x0801c954   0x000000a4   Code   RO        10706    i.uartSendPacket    radiolink.o
    0x0801c9f8   0x00000078   Code   RO         2725    i.uartslkDmaInit    uart_syslink.o
    0x0801ca70   0x00000050   Code   RO         2726    i.uartslkDmaIsr     uart_syslink.o
    0x0801cac0   0x00000028   Code   RO         2727    i.uartslkGetDataWithTimout  uart_syslink.o
    0x0801cae8   0x000001b8   Code   RO         2728    i.uartslkInit       uart_syslink.o
    0x0801cca0   0x00000098   Code   RO         2729    i.uartslkIsr        uart_syslink.o
    0x0801cd38   0x00000054   Code   RO         2730    i.uartslkPauseDma   uart_syslink.o
    0x0801cd8c   0x00000064   Code   RO         2732    i.uartslkResumeDma  uart_syslink.o
    0x0801cdf0   0x000000a4   Code   RO         2734    i.uartslkSendDataDmaBlocking  uart_syslink.o
    0x0801ce94   0x00000024   Code   RO         2737    i.uartslkTxenFlowctrlIsr  uart_syslink.o
    0x0801ceb8   0x00000048   Code   RO        10520    i.updateActive      ledseq.o
    0x0801cf00   0x00000028   Code   RO        10009    i.usbGetDataWithTimout  usbd_cdc_vcp.o
    0x0801cf28   0x000000b0   Code   RO         9894    i.usbd_cdc_DataIn   usbd_cdc_core.o
    0x0801cfd8   0x00000038   Code   RO         9895    i.usbd_cdc_DataOut  usbd_cdc_core.o
    0x0801d010   0x0000002c   Code   RO         9896    i.usbd_cdc_DeInit   usbd_cdc_core.o
    0x0801d03c   0x00000038   Code   RO         9897    i.usbd_cdc_EP0_RxReady  usbd_cdc_core.o
    0x0801d074   0x00000058   Code   RO         9898    i.usbd_cdc_Init     usbd_cdc_core.o
    0x0801d0cc   0x00000028   Code   RO         9899    i.usbd_cdc_SOF      usbd_cdc_core.o
    0x0801d0f4   0x000000c4   Code   RO         9900    i.usbd_cdc_Setup    usbd_cdc_core.o
    0x0801d1b8   0x00000038   Code   RO        10010    i.usbd_cdc_vcp_Init  usbd_cdc_vcp.o
    0x0801d1f0   0x00000068   Code   RO        10787    i.usblinkInit       usblink.o
    0x0801d258   0x00000144   Code   RO        10788    i.usblinkRxTask     usblink.o
    0x0801d39c   0x00000084   Code   RO        10789    i.usblinkSendPacket  usblink.o
    0x0801d420   0x0000007c   Code   RO        10790    i.usblinkTxTask     usblink.o
    0x0801d49c   0x00000018   Code   RO        10011    i.usbsendData       usbd_cdc_vcp.o
    0x0801d4b4   0x00000028   Code   RO         8242    i.uxListRemove      list.o
    0x0801d4dc   0x00000012   Code   RO         8310    i.uxQueueMessagesWaiting  queue.o
    0x0801d4ee   0x00000002   PAD
    0x0801d4f0   0x00000024   Code   RO            5    i.vApplicationIdleHook  main.o
    0x0801d514   0x00000040   Code   RO        11608    i.vApplicationMallocFailedHook  freertosdebug.o
    0x0801d554   0x0000001a   Code   RO         8243    i.vListInitialise   list.o
    0x0801d56e   0x00000006   Code   RO         8244    i.vListInitialiseItem  list.o
    0x0801d574   0x00000034   Code   RO         8245    i.vListInsert       list.o
    0x0801d5a8   0x00000018   Code   RO         8246    i.vListInsertEnd    list.o
    0x0801d5c0   0x00000024   Code   RO         9075    i.vPortEnterCritical  port.o
    0x0801d5e4   0x00000020   Code   RO         9076    i.vPortExitCritical  port.o
    0x0801d604   0x00000048   Code   RO         9153    i.vPortFree         heap_4.o
    0x0801d64c   0x00000014   Code   RO         9077    i.vPortSetupTimerInterrupt  port.o
    0x0801d660   0x0000002c   Code   RO         8313    i.vQueueAddToRegistry  queue.o
    0x0801d68c   0x0000004a   Code   RO         8317    i.vQueueWaitForMessageRestricted  queue.o
    0x0801d6d6   0x00000002   PAD
    0x0801d6d8   0x00000034   Code   RO         8574    i.vTaskDelay        tasks.o
    0x0801d70c   0x00000074   Code   RO         8575    i.vTaskDelayUntil   tasks.o
    0x0801d780   0x000000cc   Code   RO         8576    i.vTaskDelete       tasks.o
    0x0801d84c   0x0000000c   Code   RO         8580    i.vTaskMissedYield  tasks.o
    0x0801d858   0x00000020   Code   RO         8582    i.vTaskPlaceOnEventList  tasks.o
    0x0801d878   0x00000028   Code   RO         8583    i.vTaskPlaceOnEventListRestricted  tasks.o
    0x0801d8a0   0x000000b0   Code   RO         8585    i.vTaskPriorityInherit  tasks.o
    0x0801d950   0x00000078   Code   RO         8587    i.vTaskResume       tasks.o
    0x0801d9c8   0x00000018   Code   RO         8590    i.vTaskSetTimeOutState  tasks.o
    0x0801d9e0   0x00000070   Code   RO         8591    i.vTaskStartScheduler  tasks.o
    0x0801da50   0x000000bc   Code   RO         8592    i.vTaskSuspend      tasks.o
    0x0801db0c   0x00000010   Code   RO         8593    i.vTaskSuspendAll   tasks.o
    0x0801db1c   0x00000060   Code   RO         8594    i.vTaskSwitchContext  tasks.o
    0x0801db7c   0x000001c0   Code   RO        11061    i.velocityController  position_pid.o
    0x0801dd3c   0x0000004c   Code   RO         3175    i.vl53IICAck        vl53lxx_i2c.o
    0x0801dd88   0x00000044   Code   RO         3176    i.vl53IICInit       vl53lxx_i2c.o
    0x0801ddcc   0x0000004c   Code   RO         3177    i.vl53IICNAck       vl53lxx_i2c.o
    0x0801de18   0x00000060   Code   RO         3178    i.vl53IICRead       vl53lxx_i2c.o
    0x0801de78   0x00000048   Code   RO         3179    i.vl53IICReadByte   vl53lxx_i2c.o
    0x0801dec0   0x0000006c   Code   RO         3180    i.vl53IICReceiveByte  vl53lxx_i2c.o
    0x0801df2c   0x00000064   Code   RO         3181    i.vl53IICSendByte   vl53lxx_i2c.o
    0x0801df90   0x0000004c   Code   RO         3182    i.vl53IICStart      vl53lxx_i2c.o
    0x0801dfdc   0x0000004c   Code   RO         3183    i.vl53IICStop       vl53lxx_i2c.o
    0x0801e028   0x00000060   Code   RO         3184    i.vl53IICWaitAck    vl53lxx_i2c.o
    0x0801e088   0x00000042   Code   RO         3185    i.vl53IICWrite      vl53lxx_i2c.o
    0x0801e0ca   0x00000042   Code   RO         3186    i.vl53IICWriteBit   vl53lxx_i2c.o
    0x0801e10c   0x00000030   Code   RO         3187    i.vl53IICWriteByte  vl53lxx_i2c.o
    0x0801e13c   0x0000000e   Code   RO         3275    i.vl53l0xDecodeTimeout  vl53l0x.o
    0x0801e14a   0x0000002a   Code   RO         3276    i.vl53l0xEncodeTimeout  vl53l0x.o
    0x0801e174   0x000000b4   Code   RO         3277    i.vl53l0xGetMeasurementTimingBudget  vl53l0x.o
    0x0801e228   0x0000000a   Code   RO         3278    i.vl53l0xGetModelID  vl53l0x.o
    0x0801e232   0x00000016   Code   RO         3279    i.vl53l0xGetRevisionID  vl53l0x.o
    0x0801e248   0x00000044   Code   RO         3280    i.vl53l0xGetSequenceStepEnables  vl53l0x.o
    0x0801e28c   0x00000078   Code   RO         3281    i.vl53l0xGetSequenceStepTimeouts  vl53l0x.o
    0x0801e304   0x00000128   Code   RO         3282    i.vl53l0xGetSpadInfo  vl53l0x.o
    0x0801e42c   0x00000042   Code   RO         3283    i.vl53l0xGetVcselPulsePeriod  vl53l0x.o
    0x0801e46e   0x00000002   PAD
    0x0801e470   0x00000570   Code   RO         3284    i.vl53l0xInitSensor  vl53l0x.o
    0x0801e9e0   0x00000074   Code   RO         3285    i.vl53l0xPerformSingleRefCalibration  vl53l0x.o
    0x0801ea54   0x00000078   Code   RO         3286    i.vl53l0xReadRangeContinuousMillimeters  vl53l0x.o
    0x0801eacc   0x00000022   Code   RO         3288    i.vl53l0xReadReg16Bit  vl53l0x.o
    0x0801eaee   0x00000002   PAD
    0x0801eaf0   0x00000100   Code   RO         3289    i.vl53l0xSetMeasurementTimingBudget  vl53l0x.o
    0x0801ebf0   0x0000001e   Code   RO         3290    i.vl53l0xSetParam   vl53l0x.o
    0x0801ec0e   0x00000002   PAD
    0x0801ec10   0x00000050   Code   RO         3291    i.vl53l0xSetSignalRateLimit  vl53l0x.o
    0x0801ec60   0x00000278   Code   RO         3292    i.vl53l0xSetVcselPulsePeriod  vl53l0x.o
    0x0801eed8   0x00000080   Code   RO         3293    i.vl53l0xStartContinuous  vl53l0x.o
    0x0801ef58   0x00000110   Code   RO         3906    i.vl53l0xTask       vl53lxx.o
    0x0801f068   0x00000014   Code   RO         3295    i.vl53l0xTest       vl53l0x.o
    0x0801f07c   0x0000002c   Code   RO         3296    i.vl53l0xTestConnection  vl53l0x.o
    0x0801f0a8   0x0000002a   Code   RO         3297    i.vl53l0xTimeoutMclksToMicroseconds  vl53l0x.o
    0x0801f0d2   0x0000002a   Code   RO         3298    i.vl53l0xTimeoutMicrosecondsToMclks  vl53l0x.o
    0x0801f0fc   0x00000026   Code   RO         3299    i.vl53l0xWriteReg16Bit  vl53l0x.o
    0x0801f122   0x00000032   Code   RO         3300    i.vl53l0xWriteReg32Bit  vl53l0x.o
    0x0801f154   0x0000006a   Code   RO         3188    i.vl53l1Read        vl53lxx_i2c.o
    0x0801f1be   0x0000004c   Code   RO         3189    i.vl53l1Write       vl53lxx_i2c.o
    0x0801f20a   0x00000002   PAD
    0x0801f20c   0x00000054   Code   RO         3454    i.vl53l1xSetParam   vl53l1x.o
    0x0801f260   0x00000140   Code   RO         3907    i.vl53l1xTask       vl53lxx.o
    0x0801f3a0   0x000000e8   Code   RO         3908    i.vl53lxxInit       vl53lxx.o
    0x0801f488   0x000000b4   Code   RO         3909    i.vl53lxxReadRange  vl53lxx.o
    0x0801f53c   0x00000054   Code   RO         2964    i.watchdogInit      watchdog.o
    0x0801f590   0x00000058   Code   RO         2965    i.watchdogTest      watchdog.o
    0x0801f5e8   0x00000082   Code   RO         3605    i.wifiCmdProcess    wifi_ctrl.o
    0x0801f66a   0x00000024   Code   RO         3606    i.wifiDataCrc       wifi_ctrl.o
    0x0801f68e   0x00000002   PAD
    0x0801f690   0x000000fc   Code   RO         3607    i.wifiDataHandle    wifi_ctrl.o
    0x0801f78c   0x000000d4   Code   RO         3608    i.wifiLinkTask      wifi_ctrl.o
    0x0801f860   0x00000098   Code   RO         3609    i.wifiModuleInit    wifi_ctrl.o
    0x0801f8f8   0x00000018   Code   RO         3610    i.wifiPowerControl  wifi_ctrl.o
    0x0801f910   0x000000e8   Code   RO         2992    i.ws2812DmaIsr      ws2812.o
    0x0801f9f8   0x000001c4   Code   RO         2993    i.ws2812Init        ws2812.o
    0x0801fbbc   0x00000020   Code   RO         2994    i.ws2812PowerControl  ws2812.o
    0x0801fbdc   0x00000098   Code   RO         2995    i.ws2812Send        ws2812.o
    0x0801fc74   0x0000000c   Code   RO         9155    i.xPortGetFreeHeapSize  heap_4.o
    0x0801fc80   0x00000048   Code   RO         9078    i.xPortStartScheduler  port.o
    0x0801fcc8   0x00000034   Code   RO         9079    i.xPortSysTickHandler  port.o
    0x0801fcfc   0x00000022   Code   RO         8320    i.xQueueCreateMutex  queue.o
    0x0801fd1e   0x00000038   Code   RO         8322    i.xQueueGenericCreate  queue.o
    0x0801fd56   0x00000002   PAD
    0x0801fd58   0x0000015c   Code   RO         8323    i.xQueueGenericReceive  queue.o
    0x0801feb4   0x00000080   Code   RO         8324    i.xQueueGenericReset  queue.o
    0x0801ff34   0x00000138   Code   RO         8325    i.xQueueGenericSend  queue.o
    0x0802006c   0x0000009c   Code   RO         8326    i.xQueueGenericSendFromISR  queue.o
    0x08020108   0x0000008e   Code   RO         8327    i.xQueueGiveFromISR  queue.o
    0x08020196   0x00000082   Code   RO         8332    i.xQueueReceiveFromISR  queue.o
    0x08020218   0x0000005c   Code   RO         8596    i.xTaskCheckForTimeOut  tasks.o
    0x08020274   0x00000060   Code   RO         8597    i.xTaskCreate       tasks.o
    0x080202d4   0x00000020   Code   RO         8602    i.xTaskGetSchedulerState  tasks.o
    0x080202f4   0x0000000c   Code   RO         8603    i.xTaskGetTickCount  tasks.o
    0x08020300   0x0000011c   Code   RO         8605    i.xTaskIncrementTick  tasks.o
    0x0802041c   0x00000084   Code   RO         8608    i.xTaskPriorityDisinherit  tasks.o
    0x080204a0   0x00000080   Code   RO         8609    i.xTaskRemoveFromEventList  tasks.o
    0x08020520   0x000000e8   Code   RO         8611    i.xTaskResumeAll    tasks.o
    0x08020608   0x00000030   Code   RO         8957    i.xTimerCreate      timers.o
    0x08020638   0x0000003c   Code   RO         8958    i.xTimerCreateTimerTask  timers.o
    0x08020674   0x0000006c   Code   RO         8959    i.xTimerGenericCommand  timers.o
    0x080206e0   0x000000a0   Data   RO         1030    .constdata          i2c_drv.o
    0x08020780   0x00000010   Data   RO         1206    .constdata          motors.o
    0x08020790   0x00000020   Data   RO         3115    .constdata          spl06.o
    0x080207b0   0x00000072   Data   RO         3675    .constdata          ledring12.o
    0x08020822   0x00000002   PAD
    0x08020824   0x00000080   Data   RO        10522    .constdata          ledseq.o
    0x080208a4   0x00000005   Data   RO        10591    .constdata          console.o
    0x080208a9   0x00000003   PAD
    0x080208ac   0x00000140   Data   RO        12093    .constdata          m_wm.l(powf.o)
    0x080209ec   0x00000020   Data   RO        12461    .constdata          m_wm.l(rredf.o)
    0x08020a0c   0x00000001   Data   RO        11568    .conststrlit        debug_assert.o
    0x08020a0d   0x00000003   PAD
    0x08020a10   0x00000020   Data   RO        12505    Region$$Table       anon$$obj.o


    Execution Region RW_IRAM1 (Base: 0x20000000, Size: 0x0000b570, Max: 0x00020000, ABSOLUTE, COMPRESSED[0x00000224])

    Base Addr    Size         Type   Attr      Idx    E Section Name        Object

    0x20000000   0x00000008   Data   RW            6    .data               main.o
    0x20000008   0x00000006   Data   RW          293    .data               delay.o
    0x2000000e   0x00000002   PAD
    0x20000010   0x00000006   Data   RW          361    .data               usart.o
    0x20000016   0x00000002   PAD
    0x20000018   0x000000ac   Data   RW          411    .data               config_param.o
    0x200000c4   0x00000020   Data   RW          674    .data               bmp280.o
    0x200000e4   0x00000009   Data   RW          732    .data               module_detect.o
    0x200000ed   0x00000005   Data   RW          787    .data               exti.o
    0x200000f2   0x00000002   PAD
    0x200000f4   0x000000c8   Data   RW         1031    .data               i2c_drv.o
    0x200001bc   0x00000040   Data   RW         1155    .data               led.o
    0x200001fc   0x00000001   Data   RW         1207    .data               motors.o
    0x200001fd   0x00000003   PAD
    0x20000200   0x00000009   Data   RW         1477    .data               mpu6500.o
    0x20000209   0x00000003   PAD
    0x2000020c   0x00000005   Data   RW         2647    .data               nvic.o
    0x20000211   0x00000003   PAD
    0x20000214   0x00000021   Data   RW         2739    .data               uart_syslink.o
    0x20000235   0x00000003   PAD
    0x20000238   0x00000008   Data   RW         2847    .data               uart1.o
    0x20000240   0x00000014   Data   RW         2997    .data               ws2812.o
    0x20000254   0x00000010   Data   RW         3051    .data               spi.o
    0x20000264   0x00000024   Data   RW         3116    .data               spl06.o
    0x20000288   0x0000000e   Data   RW         3301    .data               vl53l0x.o
    0x20000296   0x00000008   Data   RW         3456    .data               vl53l1x.o
    0x2000029e   0x00000002   PAD
    0x200002a0   0x00000010   Data   RW         3612    .data               wifi_ctrl.o
    0x200002b0   0x00000074   Data   RW         3676    .data               ledring12.o
    0x20000324   0x00000006   Data   RW         3763    .data               module_mgt.o
    0x2000032a   0x00000002   PAD
    0x2000032c   0x0000000b   Data   RW         3825    .data               optical_flow.o
    0x20000337   0x00000001   PAD
    0x20000338   0x00000018   Data   RW         3911    .data               vl53lxx.o
    0x20000350   0x00000020   Data   RW         4024    .data               vl53l1_api.o
    0x20000370   0x00000010   Data   RW         6847    .data               stm32f4xx_rcc.o
    0x20000380   0x0000003c   Data   RW         8614    .data               tasks.o
    0x200003bc   0x00000014   Data   RW         8965    .data               timers.o
    0x200003d0   0x00000004   Data   RW         9080    .data               port.o
    0x200003d4   0x00000018   Data   RW         9158    .data               heap_4.o
    0x200003ec   0x00000034   Data   RW         9643    .data               usbd_core.o
    0x20000420   0x0000000d   Data   RW         9808    .data               usbd_req.o
    0x2000042d   0x00000003   PAD
    0x20000430   0x00000098   Data   RW         9902    .data               usbd_cdc_core.o
    0x200004c8   0x00000024   Data   RW        10013    .data               usbd_cdc_vcp.o
    0x200004ec   0x00000056   Data   RW        10087    .data               usbd_desc.o
    0x20000542   0x00000002   PAD
    0x20000544   0x00000020   Data   RW        10160    .data               usbd_usr.o
    0x20000564   0x00000012   Data   RW        10248    .data               atkp.o
    0x20000576   0x00000001   Data   RW        10362    .data               comm.o
    0x20000577   0x00000001   PAD
    0x20000578   0x00000038   Data   RW        10406    .data               commander.o
    0x200005b0   0x00000020   Data   RW        10523    .data               ledseq.o
    0x200005d0   0x00000005   Data   RW        10592    .data               console.o
    0x200005d5   0x00000003   PAD
    0x200005d8   0x00000018   Data   RW        10642    .data               pm.o
    0x200005f0   0x00000008   Data   RW        10708    .data               radiolink.o
    0x200005f8   0x00000001   Data   RW        10760    .data               remoter_ctrl.o
    0x200005f9   0x00000003   PAD
    0x200005fc   0x00000008   Data   RW        10792    .data               usblink.o
    0x20000604   0x00000006   Data   RW        10836    .data               anomal_detec.o
    0x2000060a   0x00000002   PAD
    0x2000060c   0x00000034   Data   RW        10943    .data               flip.o
    0x20000640   0x00000006   Data   RW        11063    .data               position_pid.o
    0x20000646   0x00000001   Data   RW        11119    .data               power_control.o
    0x20000647   0x00000001   PAD
    0x20000648   0x00000044   Data   RW        11173    .data               sensfusion6.o
    0x2000068c   0x00000048   Data   RW        11250    .data               sensors.o
    0x200006d4   0x00000014   Data   RW        11410    .data               stabilizer.o
    0x200006e8   0x00000006   Data   RW        11477    .data               state_control.o
    0x200006ee   0x00000002   PAD
    0x200006f0   0x00000058   Data   RW        11517    .data               state_estimator.o
    0x20000748   0x00000004   Data   RW        12490    .data               mc_w.l(errno.o)
    0x2000074c   0x0000000c   Data   RW        11569    .nzds               debug_assert.o
    0x20000758   0x000000a0   Zero   RW          410    .bss                config_param.o
    0x200007f8   0x00000030   Zero   RW          673    .bss                bmp280.o
    0x20000828   0x00000014   Zero   RW          731    .bss                module_detect.o
    0x2000083c   0x00000010   Zero   RW         1205    .bss                motors.o
    0x2000084c   0x0000001e   Zero   RW         1475    .bss                mpu6500.o
    0x2000086a   0x00000002   PAD
    0x2000086c   0x0000007c   Zero   RW         2738    .bss                uart_syslink.o
    0x200008e8   0x00000060   Zero   RW         2996    .bss                ws2812.o
    0x20000948   0x00000018   Zero   RW         3114    .bss                spl06.o
    0x20000960   0x000003a0   Zero   RW         3455    .bss                vl53l1x.o
    0x20000d00   0x00000016   Zero   RW         3611    .bss                wifi_ctrl.o
    0x20000d16   0x00000002   PAD
    0x20000d18   0x000000b8   Zero   RW         3674    .bss                ledring12.o
    0x20000dd0   0x00000050   Zero   RW         3824    .bss                optical_flow.o
    0x20000e20   0x00000028   Zero   RW         3910    .bss                vl53lxx.o
    0x20000e48   0x00000050   Zero   RW         8337    .bss                queue.o
    0x20000e98   0x0000012c   Zero   RW         8613    .bss                tasks.o
    0x20000fc4   0x00000028   Zero   RW         8964    .bss                timers.o
    0x20000fec   0x00007800   Zero   RW         9157    .bss                heap_4.o
    0x200087ec   0x00000283   Zero   RW         9901    .bss                usbd_cdc_core.o
    0x20008a6f   0x00000001   PAD
    0x20008a70   0x000006bc   Zero   RW        10012    .bss                usbd_cdc_vcp.o
    0x2000912c   0x000000ff   Zero   RW        10086    .bss                usbd_desc.o
    0x2000922b   0x00000001   PAD
    0x2000922c   0x0000007e   Zero   RW        10405    .bss                commander.o
    0x200092aa   0x00000002   PAD
    0x200092ac   0x000000a0   Zero   RW        10521    .bss                ledseq.o
    0x2000934c   0x00000020   Zero   RW        10590    .bss                console.o
    0x2000936c   0x00000040   Zero   RW        10707    .bss                radiolink.o
    0x200093ac   0x00000024   Zero   RW        10759    .bss                remoter_ctrl.o
    0x200093d0   0x00000020   Zero   RW        10791    .bss                usblink.o
    0x200093f0   0x00000168   Zero   RW        10877    .bss                attitude_pid.o
    0x20009558   0x00000168   Zero   RW        11062    .bss                position_pid.o
    0x200096c0   0x00000020   Zero   RW        11118    .bss                power_control.o
    0x200096e0   0x00000030   Zero   RW        11172    .bss                sensfusion6.o
    0x20009710   0x00001931   Zero   RW        11249    .bss                sensors.o
    0x2000b041   0x00000003   PAD
    0x2000b044   0x00000100   Zero   RW        11409    .bss                stabilizer.o
    0x2000b144   0x00000020   Zero   RW        11476    .bss                state_control.o
    0x2000b164   0x0000000c   Zero   RW        11516    .bss                state_estimator.o
    0x2000b170   0x00000400   Zero   RW         5639    STACK               startup_stm32f411xe.o


==============================================================================

Image component sizes


      Code (inc. data)   RO Data    RW Data    ZI Data      Debug   Object Name

         0          0          0          0          0       2065   ak8963.o
       560         36          0          6          0       3650   anomal_detec.o
      6950        282          0         18          0      19299   atkp.o
      1028        168          0          0        360       7695   attitude_pid.o
       764         68          0         32         48       6197   bmp280.o
        52          8          0          1          0       1554   comm.o
      2352        246          0         56        126      12840   commander.o
       522        120          0        172        160       6685   config_param.o
       360         48          5          5         32       3904   console.o
       244        100          1         12          0       5716   debug_assert.o
       232         20          0          6          0       3079   delay.o
       498          8          0          5          0      13478   exti.o
       374         14          0          0          0       7621   filter.o
      1412        160          0         52          0       3522   flip.o
        64         20          0          0          0        767   freertosdebug.o
       532         70          0         24      30720       5234   heap_4.o
      1836         62        160        200          0      17719   i2c_drv.o
       434          0          0          0          0       7315   i2cdev.o
       378         26          0         64          0       4373   led.o
      3224        174        114        116        184      14281   ledring12.o
       812        112        128         32        160       7876   ledseq.o
       148          0          0          0          0       5306   list.o
       512        204          0          8          0     334162   main.o
       126          4          0          0          0       1486   maths.o
       200         32          0          0          0       3163   misc.o
       526         44          0          9         20       3466   module_detect.o
       284         46          0          6          0       3054   module_mgt.o
       686         62         16          1         16       4191   motors.o
      1020        242          0          9         30      21165   mpu6500.o
       942        306          0          5          0       8049   nvic.o
      1998        150          0         11         80      11563   optical_flow.o
       416         16          0          0          0       3907   pid.o
       536         92          0         24          0       6699   pm.o
       460         58          0          4          0      10816   port.o
      1240        184          0          6        360       5915   position_pid.o
       466         24          0          1         32       5003   power_control.o
      1966         22          0          0         80      27437   queue.o
      1020        408          0          8         64       6393   radiolink.o
       408         32          0          1         36       2726   remoter_ctrl.o
      2168        148          0         68         48       7419   sensfusion6.o
      3320        354          0         72       6449      23588   sensors.o
       868        108          0         16          0       7071   spi.o
      1128        116         32         36         24       7174   spl06.o
       896        122          0         20        256       7574   stabilizer.o
        36          8        408          0       1024        916   startup_stm32f411xe.o
       542         52          0          6         32       3338   state_control.o
      1872        152          0         88         12       7283   state_estimator.o
       392         24          0          0          0       6315   stm32f4xx_adc.o
       882         86          0          0          0      11664   stm32f4xx_dma.o
       196         22          0          0          0       3129   stm32f4xx_exti.o
       426         40          0          0          0       5304   stm32f4xx_flash.o
       258          0          0          0          0       4769   stm32f4xx_gpio.o
       516         28          0          0          0       8408   stm32f4xx_i2c.o
        68         30          0          0          0       3110   stm32f4xx_iwdg.o
       508         64          0         16          0       8714   stm32f4xx_rcc.o
       278         24          0          0          0       3495   stm32f4xx_spi.o
        64          4          0          0          0        760   stm32f4xx_syscfg.o
      1120        112          0          0          0      10995   stm32f4xx_tim.o
       448          8          0          0          0       6912   stm32f4xx_usart.o
       350         50          0          0          0       3591   stmflash.o
       204         28          0          0          0       1341   system.o
       336         32          0          0          0       1845   system_stm32f4xx.o
      3060        452          0         60        300      35734   tasks.o
      1092        114          0         20         40      12458   timers.o
       292         32          0          8          0       3265   uart1.o
      1240        228          0         33        124      36367   uart_syslink.o
        16          0          0          6          0       2776   usart.o
       184          6          0          0          0       3327   usb_bsp.o
      3430         18          0          0          0      44612   usb_core.o
       666          0          0          0          0       6984   usb_dcd.o
      2240         98          0          0          0      11471   usb_dcd_int.o
       892        110          0        152        643      10618   usbd_cdc_core.o
       416         52          0         36       1724       9095   usbd_cdc_vcp.o
       784          6          0         52          0      13184   usbd_core.o
       434        170          0         86        255       8335   usbd_desc.o
       224          0          0          0          0       5328   usbd_ioreq.o
      1756         56          0         13          0      12518   usbd_req.o
        98         28          0         32          0       5895   usbd_usr.o
       684        190          0          8         32       4354   usblink.o
      3842        150          0         14          0      25705   vl53l0x.o
      2700         50          0         32          0      36181   vl53l1_api.o
      3828         82          0          0          0      24439   vl53l1_api_core.o
      1516          0          0          0          0      18527   vl53l1_api_preset_modes.o
      1782          0          0          0          0      25615   vl53l1_core.o
        72          0          0          0          0       3253   vl53l1_core_support.o
      2562          0          0          0          0      16954   vl53l1_register_funcs.o
       140          0          0          0          0       2617   vl53l1_wait.o
       430         16          0          8        928      72189   vl53l1x.o
      1024        156          0         24         40       5031   vl53lxx.o
      1206         96          0          0          0      11553   vl53lxx_i2c.o
       172         66          0          0          0       1382   watchdog.o
       806         96          0         16         22       6267   wifi_ctrl.o
      1004        112          0         20         96       5672   ws2812.o

    ----------------------------------------------------------------------
     91146       7664        904       1876      44568    1245792   Object Totals
         0          0         32          0          0          0   (incl. Generated)
        96          0          8         40         11          0   (incl. Padding)

    ----------------------------------------------------------------------

      Code (inc. data)   RO Data    RW Data    ZI Data      Debug   Library Member Name

       300         42          0          0          0        176   asinf.o
       592         90          0          0          0        184   atan2f.o
       336         56          0          0          0        136   cosf.o
        20          0          0          0          0        124   fabs.o
        38          0          0          0          0        116   fpclassifyf.o
        80         24          0          0          0        696   funder.o
      1548        110        320          0          0        268   powf.o
       340         24         32          0          0        160   rredf.o
       400         56          0          0          0        212   sinf.o
       120          0          0          0          0        272   sqrtf.o
       380         58          0          0          0        200   tanf.o
        86          0          0          0          0          0   __dczerorl2.o
         0          0          0          0          0          0   entry.o
         0          0          0          0          0          0   entry10a.o
         0          0          0          0          0          0   entry11a.o
         8          4          0          0          0          0   entry2.o
         4          0          0          0          0          0   entry5.o
         0          0          0          0          0          0   entry7b.o
         0          0          0          0          0          0   entry8b.o
         8          4          0          0          0          0   entry9a.o
        12          6          0          4          0         68   errno.o
        30          0          0          0          0          0   handlers.o
        36          8          0          0          0         68   init.o
         0          0          0          0          0          0   iusefp.o
        98          0          0          0          0         84   ldiv.o
        30          0          0          0          0         68   llshl.o
        36          0          0          0          0         68   llsshr.o
        32          0          0          0          0         68   llushr.o
        64          0          0          0          0         76   memmovea.o
        36          0          0          0          0        108   memseta.o
      2226         90          0          0          0        444   printfa.o
        24          0          0          0          0         76   strncpy.o
        44          0          0          0          0         80   uidiv.o
        98          0          0          0          0         92   uldiv.o
        48          0          0          0          0         68   cdcmple.o
        48          0          0          0          0         68   cdrcmple.o
        56          0          0          0          0         88   d2f.o
       334          0          0          0          0        148   dadd.o
       222          0          0          0          0        100   ddiv.o
       186          0          0          0          0        176   depilogue.o
        50          0          0          0          0         76   dfixui.o
        48          0          0          0          0         68   dfixul.o
        34          0          0          0          0         76   dflti.o
        26          0          0          0          0         76   dfltui.o
       228          0          0          0          0         96   dmul.o
        38          0          0          0          0         68   f2d.o
       110          0          0          0          0        168   fepilogue.o
        44          0          0          0          0         92   ffltl.o

    ----------------------------------------------------------------------
      8510        572        352          4          0       5212   Library Totals
        12          0          0          0          0          0   (incl. Padding)

    ----------------------------------------------------------------------

      Code (inc. data)   RO Data    RW Data    ZI Data      Debug   Library Name

      4154        460        352          0          0       2544   m_wm.l
      2872        112          0          4          0       1300   mc_w.l
      1472          0          0          0          0       1368   mf_w.l

    ----------------------------------------------------------------------
      8510        572        352          4          0       5212   Library Totals

    ----------------------------------------------------------------------

==============================================================================


      Code (inc. data)   RO Data    RW Data    ZI Data      Debug   

     99656       8236       1256       1880      44568    1167084   Grand Totals
     99656       8236       1256        548      44568    1167084   ELF Image Totals (compressed)
     99656       8236       1256        548          0          0   ROM Totals

==============================================================================

    Total RO  Size (Code + RO Data)               100912 (  98.55kB)
    Total RW  Size (RW Data + ZI Data)             46448 (  45.36kB)
    Total ROM Size (Code + RO Data + RW Data)     101460 (  99.08kB)

==============================================================================

