<!doctype html public "-//w3c//dtd html 4.0 transitional//en">
<html><head>
<title>Static Call Graph - [..\OBJ\Firmware_F411.axf]</title></head>
<body><HR>
<H1>Static Call Graph for image ..\OBJ\Firmware_F411.axf</H1><HR>
<BR><P>#&#060CALLGRAPH&#062# ARM Linker, 5050106: Last Updated: Wed Sep 04 19:33:33 2019
<BR><P>
<H3>Maximum Stack Usage =        728 bytes + Unknown(Cycles, Untraceable Function Pointers)</H3><H3>
Call chain for Maximum Stack Depth:</H3>
vl53l1xTask &rArr; vl53l1xSetParam &rArr; VL53L1_WaitDeviceBooted &rArr; VL53L1_poll_for_boot_completion &rArr; VL53L1_WaitValueMaskEx &rArr; VL53L1_WaitMs &rArr; delay_ms &rArr; vTaskDelay &rArr; xTaskResumeAll &rArr; xTaskIncrementTick
<P>
<H3>
Mutually Recursive functions
</H3> <LI><a href="#[4b]">ADC_IRQHandler</a>&nbsp;&nbsp;&nbsp;&rArr;&nbsp;&nbsp;&nbsp;<a href="#[4b]">ADC_IRQHandler</a><BR>
</UL>
<P>
<H3>
Function Pointers
</H3><UL>
 <LI><a href="#[4b]">ADC_IRQHandler</a> from startup_stm32f411xe.o(.text) referenced from startup_stm32f411xe.o(RESET)
 <LI><a href="#[33]">BusFault_Handler</a> from nvic.o(i.BusFault_Handler) referenced from startup_stm32f411xe.o(RESET)
 <LI><a href="#[44]">DMA1_Stream0_IRQHandler</a> from i2c_drv.o(i.DMA1_Stream0_IRQHandler) referenced from startup_stm32f411xe.o(RESET)
 <LI><a href="#[45]">DMA1_Stream1_IRQHandler</a> from startup_stm32f411xe.o(.text) referenced from startup_stm32f411xe.o(RESET)
 <LI><a href="#[46]">DMA1_Stream2_IRQHandler</a> from i2c_drv.o(i.DMA1_Stream2_IRQHandler) referenced from startup_stm32f411xe.o(RESET)
 <LI><a href="#[47]">DMA1_Stream3_IRQHandler</a> from spi.o(i.DMA1_Stream3_IRQHandler) referenced from startup_stm32f411xe.o(RESET)
 <LI><a href="#[48]">DMA1_Stream4_IRQHandler</a> from nvic.o(i.DMA1_Stream4_IRQHandler) referenced from startup_stm32f411xe.o(RESET)
 <LI><a href="#[49]">DMA1_Stream5_IRQHandler</a> from startup_stm32f411xe.o(.text) referenced from startup_stm32f411xe.o(RESET)
 <LI><a href="#[4a]">DMA1_Stream6_IRQHandler</a> from uart_syslink.o(i.DMA1_Stream6_IRQHandler) referenced from startup_stm32f411xe.o(RESET)
 <LI><a href="#[5f]">DMA1_Stream7_IRQHandler</a> from startup_stm32f411xe.o(.text) referenced from startup_stm32f411xe.o(RESET)
 <LI><a href="#[63]">DMA2_Stream0_IRQHandler</a> from startup_stm32f411xe.o(.text) referenced from startup_stm32f411xe.o(RESET)
 <LI><a href="#[64]">DMA2_Stream1_IRQHandler</a> from startup_stm32f411xe.o(.text) referenced from startup_stm32f411xe.o(RESET)
 <LI><a href="#[65]">DMA2_Stream2_IRQHandler</a> from startup_stm32f411xe.o(.text) referenced from startup_stm32f411xe.o(RESET)
 <LI><a href="#[66]">DMA2_Stream3_IRQHandler</a> from startup_stm32f411xe.o(.text) referenced from startup_stm32f411xe.o(RESET)
 <LI><a href="#[67]">DMA2_Stream4_IRQHandler</a> from startup_stm32f411xe.o(.text) referenced from startup_stm32f411xe.o(RESET)
 <LI><a href="#[69]">DMA2_Stream5_IRQHandler</a> from startup_stm32f411xe.o(.text) referenced from startup_stm32f411xe.o(RESET)
 <LI><a href="#[6a]">DMA2_Stream6_IRQHandler</a> from startup_stm32f411xe.o(.text) referenced from startup_stm32f411xe.o(RESET)
 <LI><a href="#[6b]">DMA2_Stream7_IRQHandler</a> from startup_stm32f411xe.o(.text) referenced from startup_stm32f411xe.o(RESET)
 <LI><a href="#[36]">DebugMon_Handler</a> from nvic.o(i.DebugMon_Handler) referenced from startup_stm32f411xe.o(RESET)
 <LI><a href="#[3f]">EXTI0_IRQHandler</a> from exti.o(i.EXTI0_IRQHandler) referenced from startup_stm32f411xe.o(RESET)
 <LI><a href="#[5c]">EXTI15_10_IRQHandler</a> from exti.o(i.EXTI15_10_IRQHandler) referenced from startup_stm32f411xe.o(RESET)
 <LI><a href="#[40]">EXTI1_IRQHandler</a> from exti.o(i.EXTI1_IRQHandler) referenced from startup_stm32f411xe.o(RESET)
 <LI><a href="#[41]">EXTI2_IRQHandler</a> from exti.o(i.EXTI2_IRQHandler) referenced from startup_stm32f411xe.o(RESET)
 <LI><a href="#[42]">EXTI3_IRQHandler</a> from exti.o(i.EXTI3_IRQHandler) referenced from startup_stm32f411xe.o(RESET)
 <LI><a href="#[43]">EXTI4_IRQHandler</a> from exti.o(i.EXTI4_IRQHandler) referenced from startup_stm32f411xe.o(RESET)
 <LI><a href="#[4c]">EXTI9_5_IRQHandler</a> from exti.o(i.EXTI9_5_IRQHandler) referenced from startup_stm32f411xe.o(RESET)
 <LI><a href="#[3d]">FLASH_IRQHandler</a> from startup_stm32f411xe.o(.text) referenced from startup_stm32f411xe.o(RESET)
 <LI><a href="#[6f]">FPU_IRQHandler</a> from startup_stm32f411xe.o(.text) referenced from startup_stm32f411xe.o(RESET)
 <LI><a href="#[31]">HardFault_Handler</a> from nvic.o(.emb_text) referenced from startup_stm32f411xe.o(RESET)
 <LI><a href="#[55]">I2C1_ER_IRQHandler</a> from i2c_drv.o(i.I2C1_ER_IRQHandler) referenced from startup_stm32f411xe.o(RESET)
 <LI><a href="#[54]">I2C1_EV_IRQHandler</a> from i2c_drv.o(i.I2C1_EV_IRQHandler) referenced from startup_stm32f411xe.o(RESET)
 <LI><a href="#[57]">I2C2_ER_IRQHandler</a> from startup_stm32f411xe.o(.text) referenced from startup_stm32f411xe.o(RESET)
 <LI><a href="#[56]">I2C2_EV_IRQHandler</a> from startup_stm32f411xe.o(.text) referenced from startup_stm32f411xe.o(RESET)
 <LI><a href="#[6e]">I2C3_ER_IRQHandler</a> from i2c_drv.o(i.I2C3_ER_IRQHandler) referenced from startup_stm32f411xe.o(RESET)
 <LI><a href="#[6d]">I2C3_EV_IRQHandler</a> from i2c_drv.o(i.I2C3_EV_IRQHandler) referenced from startup_stm32f411xe.o(RESET)
 <LI><a href="#[32]">MemManage_Handler</a> from nvic.o(i.MemManage_Handler) referenced from startup_stm32f411xe.o(RESET)
 <LI><a href="#[30]">NMI_Handler</a> from nvic.o(i.NMI_Handler) referenced from startup_stm32f411xe.o(RESET)
 <LI><a href="#[68]">OTG_FS_IRQHandler</a> from usbd_usr.o(i.OTG_FS_IRQHandler) referenced from startup_stm32f411xe.o(RESET)
 <LI><a href="#[5e]">OTG_FS_WKUP_IRQHandler</a> from startup_stm32f411xe.o(.text) referenced from startup_stm32f411xe.o(RESET)
 <LI><a href="#[3a]">PVD_IRQHandler</a> from startup_stm32f411xe.o(.text) referenced from startup_stm32f411xe.o(RESET)
 <LI><a href="#[37]">PendSV_Handler</a> from port.o(.emb_text) referenced from startup_stm32f411xe.o(RESET)
 <LI><a href="#[3e]">RCC_IRQHandler</a> from startup_stm32f411xe.o(.text) referenced from startup_stm32f411xe.o(RESET)
 <LI><a href="#[5d]">RTC_Alarm_IRQHandler</a> from startup_stm32f411xe.o(.text) referenced from startup_stm32f411xe.o(RESET)
 <LI><a href="#[3c]">RTC_WKUP_IRQHandler</a> from startup_stm32f411xe.o(.text) referenced from startup_stm32f411xe.o(RESET)
 <LI><a href="#[2f]">Reset_Handler</a> from startup_stm32f411xe.o(.text) referenced from startup_stm32f411xe.o(RESET)
 <LI><a href="#[60]">SDIO_IRQHandler</a> from startup_stm32f411xe.o(.text) referenced from startup_stm32f411xe.o(RESET)
 <LI><a href="#[58]">SPI1_IRQHandler</a> from startup_stm32f411xe.o(.text) referenced from startup_stm32f411xe.o(RESET)
 <LI><a href="#[59]">SPI2_IRQHandler</a> from startup_stm32f411xe.o(.text) referenced from startup_stm32f411xe.o(RESET)
 <LI><a href="#[62]">SPI3_IRQHandler</a> from startup_stm32f411xe.o(.text) referenced from startup_stm32f411xe.o(RESET)
 <LI><a href="#[70]">SPI4_IRQHandler</a> from startup_stm32f411xe.o(.text) referenced from startup_stm32f411xe.o(RESET)
 <LI><a href="#[71]">SPI5_IRQHandler</a> from startup_stm32f411xe.o(.text) referenced from startup_stm32f411xe.o(RESET)
 <LI><a href="#[35]">SVC_Handler</a> from port.o(.emb_text) referenced from startup_stm32f411xe.o(RESET)
 <LI><a href="#[38]">SysTick_Handler</a> from nvic.o(i.SysTick_Handler) referenced from startup_stm32f411xe.o(RESET)
 <LI><a href="#[73]">SystemInit</a> from system_stm32f4xx.o(i.SystemInit) referenced from startup_stm32f411xe.o(.text)
 <LI><a href="#[3b]">TAMP_STAMP_IRQHandler</a> from startup_stm32f411xe.o(.text) referenced from startup_stm32f411xe.o(RESET)
 <LI><a href="#[4d]">TIM1_BRK_TIM9_IRQHandler</a> from startup_stm32f411xe.o(.text) referenced from startup_stm32f411xe.o(RESET)
 <LI><a href="#[50]">TIM1_CC_IRQHandler</a> from startup_stm32f411xe.o(.text) referenced from startup_stm32f411xe.o(RESET)
 <LI><a href="#[4f]">TIM1_TRG_COM_TIM11_IRQHandler</a> from startup_stm32f411xe.o(.text) referenced from startup_stm32f411xe.o(RESET)
 <LI><a href="#[4e]">TIM1_UP_TIM10_IRQHandler</a> from startup_stm32f411xe.o(.text) referenced from startup_stm32f411xe.o(RESET)
 <LI><a href="#[51]">TIM2_IRQHandler</a> from startup_stm32f411xe.o(.text) referenced from startup_stm32f411xe.o(RESET)
 <LI><a href="#[52]">TIM3_IRQHandler</a> from startup_stm32f411xe.o(.text) referenced from startup_stm32f411xe.o(RESET)
 <LI><a href="#[53]">TIM4_IRQHandler</a> from startup_stm32f411xe.o(.text) referenced from startup_stm32f411xe.o(RESET)
 <LI><a href="#[61]">TIM5_IRQHandler</a> from startup_stm32f411xe.o(.text) referenced from startup_stm32f411xe.o(RESET)
 <LI><a href="#[5a]">USART1_IRQHandler</a> from uart1.o(i.USART1_IRQHandler) referenced from startup_stm32f411xe.o(RESET)
 <LI><a href="#[5b]">USART2_IRQHandler</a> from uart_syslink.o(i.USART2_IRQHandler) referenced from startup_stm32f411xe.o(RESET)
 <LI><a href="#[6c]">USART6_IRQHandler</a> from startup_stm32f411xe.o(.text) referenced from startup_stm32f411xe.o(RESET)
 <LI><a href="#[c]">USBD_DataInStage</a> from usbd_core.o(i.USBD_DataInStage) referenced 2 times from usbd_core.o(.data)
 <LI><a href="#[b]">USBD_DataOutStage</a> from usbd_core.o(i.USBD_DataOutStage) referenced 2 times from usbd_core.o(.data)
 <LI><a href="#[12]">USBD_IsoINIncomplete</a> from usbd_core.o(i.USBD_IsoINIncomplete) referenced 2 times from usbd_core.o(.data)
 <LI><a href="#[13]">USBD_IsoOUTIncomplete</a> from usbd_core.o(i.USBD_IsoOUTIncomplete) referenced 2 times from usbd_core.o(.data)
 <LI><a href="#[f]">USBD_Reset</a> from usbd_core.o(i.USBD_Reset) referenced 2 times from usbd_core.o(.data)
 <LI><a href="#[11]">USBD_Resume</a> from usbd_core.o(i.USBD_Resume) referenced 2 times from usbd_core.o(.data)
 <LI><a href="#[e]">USBD_SOF</a> from usbd_core.o(i.USBD_SOF) referenced 2 times from usbd_core.o(.data)
 <LI><a href="#[d]">USBD_SetupStage</a> from usbd_core.o(i.USBD_SetupStage) referenced 2 times from usbd_core.o(.data)
 <LI><a href="#[10]">USBD_Suspend</a> from usbd_core.o(i.USBD_Suspend) referenced 2 times from usbd_core.o(.data)
 <LI><a href="#[26]">USBD_USR_ConfigStrDescriptor</a> from usbd_desc.o(i.USBD_USR_ConfigStrDescriptor) referenced 2 times from usbd_desc.o(.data)
 <LI><a href="#[2a]">USBD_USR_DeviceConfigured</a> from usbd_usr.o(i.USBD_USR_DeviceConfigured) referenced 2 times from usbd_usr.o(.data)
 <LI><a href="#[2d]">USBD_USR_DeviceConnected</a> from usbd_usr.o(i.USBD_USR_DeviceConnected) referenced 2 times from usbd_usr.o(.data)
 <LI><a href="#[21]">USBD_USR_DeviceDescriptor</a> from usbd_desc.o(i.USBD_USR_DeviceDescriptor) referenced 2 times from usbd_desc.o(.data)
 <LI><a href="#[2e]">USBD_USR_DeviceDisconnected</a> from usbd_usr.o(i.USBD_USR_DeviceDisconnected) referenced 2 times from usbd_usr.o(.data)
 <LI><a href="#[29]">USBD_USR_DeviceReset</a> from usbd_usr.o(i.USBD_USR_DeviceReset) referenced 2 times from usbd_usr.o(.data)
 <LI><a href="#[2c]">USBD_USR_DeviceResumed</a> from usbd_usr.o(i.USBD_USR_DeviceResumed) referenced 2 times from usbd_usr.o(.data)
 <LI><a href="#[2b]">USBD_USR_DeviceSuspended</a> from usbd_usr.o(i.USBD_USR_DeviceSuspended) referenced 2 times from usbd_usr.o(.data)
 <LI><a href="#[28]">USBD_USR_Init</a> from usbd_usr.o(i.USBD_USR_Init) referenced 2 times from usbd_usr.o(.data)
 <LI><a href="#[27]">USBD_USR_InterfaceStrDescriptor</a> from usbd_desc.o(i.USBD_USR_InterfaceStrDescriptor) referenced 2 times from usbd_desc.o(.data)
 <LI><a href="#[22]">USBD_USR_LangIDStrDescriptor</a> from usbd_desc.o(i.USBD_USR_LangIDStrDescriptor) referenced 2 times from usbd_desc.o(.data)
 <LI><a href="#[23]">USBD_USR_ManufacturerStrDescriptor</a> from usbd_desc.o(i.USBD_USR_ManufacturerStrDescriptor) referenced 2 times from usbd_desc.o(.data)
 <LI><a href="#[24]">USBD_USR_ProductStrDescriptor</a> from usbd_desc.o(i.USBD_USR_ProductStrDescriptor) referenced 2 times from usbd_desc.o(.data)
 <LI><a href="#[25]">USBD_USR_SerialStrDescriptor</a> from usbd_desc.o(i.USBD_USR_SerialStrDescriptor) referenced 2 times from usbd_desc.o(.data)
 <LI><a href="#[1b]">USBD_cdc_GetCfgDesc</a> from usbd_cdc_core.o(i.USBD_cdc_GetCfgDesc) referenced 2 times from usbd_cdc_core.o(.data)
 <LI><a href="#[34]">UsageFault_Handler</a> from nvic.o(i.UsageFault_Handler) referenced from startup_stm32f411xe.o(RESET)
 <LI><a href="#[1e]">VCP_Ctrl</a> from usbd_cdc_vcp.o(i.VCP_Ctrl) referenced 2 times from usbd_cdc_vcp.o(.data)
 <LI><a href="#[20]">VCP_DataRx</a> from usbd_cdc_vcp.o(i.VCP_DataRx) referenced 2 times from usbd_cdc_vcp.o(.data)
 <LI><a href="#[1f]">VCP_DataTx</a> from usbd_cdc_vcp.o(i.VCP_DataTx) referenced 2 times from usbd_cdc_vcp.o(.data)
 <LI><a href="#[1d]">VCP_DeInit</a> from usbd_cdc_vcp.o(i.VCP_DeInit) referenced 2 times from usbd_cdc_vcp.o(.data)
 <LI><a href="#[1c]">VCP_Init</a> from usbd_cdc_vcp.o(i.VCP_Init) referenced 2 times from usbd_cdc_vcp.o(.data)
 <LI><a href="#[39]">WWDG_IRQHandler</a> from startup_stm32f411xe.o(.text) referenced from startup_stm32f411xe.o(RESET)
 <LI><a href="#[74]">__main</a> from entry.o(.ARM.Collect$$$$00000000) referenced from startup_stm32f411xe.o(.text)
 <LI><a href="#[80]">atkpRxAnlTask</a> from atkp.o(i.atkpRxAnlTask) referenced from main.o(i.startTask)
 <LI><a href="#[7f]">atkpTxTask</a> from atkp.o(i.atkpTxTask) referenced from main.o(i.startTask)
 <LI><a href="#[2]">attitudeInduceEffect</a> from ledring12.o(i.attitudeInduceEffect) referenced 2 times from ledring12.o(.data)
 <LI><a href="#[4]">binkLED</a> from ledring12.o(i.binkLED) referenced 2 times from ledring12.o(.data)
 <LI><a href="#[0]">blackEffect</a> from ledring12.o(i.blackEffect) referenced 2 times from ledring12.o(.data)
 <LI><a href="#[6]">breathingLED</a> from ledring12.o(i.breathingLED) referenced 2 times from ledring12.o(.data)
 <LI><a href="#[8]">colorSpinEffect</a> from ledring12.o(i.colorSpinEffect) referenced 2 times from ledring12.o(.data)
 <LI><a href="#[1]">colorTest</a> from ledring12.o(i.colorTest) referenced 2 times from ledring12.o(.data)
 <LI><a href="#[81]">configParamTask</a> from config_param.o(i.configParamTask) referenced from main.o(i.startTask)
 <LI><a href="#[9]">doubleSpinEffect</a> from ledring12.o(i.doubleSpinEffect) referenced 2 times from ledring12.o(.data)
 <LI><a href="#[76]">expModuleDetect</a> from module_mgt.o(i.expModuleDetect) referenced from module_mgt.o(i.expModuleMgtTask)
 <LI><a href="#[85]">expModuleMgtTask</a> from module_mgt.o(i.expModuleMgtTask) referenced from main.o(i.startTask)
 <LI><a href="#[5]">flashlight</a> from ledring12.o(i.flashlight) referenced 2 times from ledring12.o(.data)
 <LI><a href="#[75]">fputc</a> from usart.o(i.fputc) referenced from printfa.o(i.__0printf)
 <LI><a href="#[3]">gyroInduceEffect</a> from ledring12.o(i.gyroInduceEffect) referenced 2 times from ledring12.o(.data)
 <LI><a href="#[77]">ledring12Timer</a> from ledring12.o(i.ledring12Timer) referenced from ledring12.o(i.ledring12Init)
 <LI><a href="#[72]">main</a> from main.o(i.main) referenced from entry9a.o(.ARM.Collect$$$$0000000B)
 <LI><a href="#[7a]">opticalFlowTask</a> from optical_flow.o(i.opticalFlowTask) referenced from optical_flow.o(i.opticalFlowInit)
 <LI><a href="#[82]">pmTask</a> from pm.o(i.pmTask) referenced from main.o(i.startTask)
 <LI><a href="#[86]">prvIdleTask</a> from tasks.o(i.prvIdleTask) referenced from tasks.o(i.vTaskStartScheduler)
 <LI><a href="#[7b]">prvTaskExitError</a> from port.o(i.prvTaskExitError) referenced from port.o(i.pxPortInitialiseStack)
 <LI><a href="#[8a]">prvTimerTask</a> from timers.o(i.prvTimerTask) referenced from timers.o(i.xTimerCreateTimerTask)
 <LI><a href="#[7c]">radiolinkTask</a> from radiolink.o(i.radiolinkTask) referenced from main.o(i.startTask)
 <LI><a href="#[7]">redSpinEffect</a> from ledring12.o(i.redSpinEffect) referenced 2 times from ledring12.o(.data)
 <LI><a href="#[78]">runLedseq</a> from ledseq.o(i.runLedseq) referenced from ledseq.o(i.ledseqInit)
 <LI><a href="#[83]">sensorsTask</a> from sensors.o(i.sensorsTask) referenced from main.o(i.startTask)
 <LI><a href="#[a]">spinEffect2</a> from ledring12.o(i.spinEffect2) referenced 2 times from ledring12.o(.data)
 <LI><a href="#[84]">stabilizerTask</a> from stabilizer.o(i.stabilizerTask) referenced from main.o(i.startTask)
 <LI><a href="#[79]">startTask</a> from main.o(i.startTask) referenced from main.o(i.main)
 <LI><a href="#[18]">usbd_cdc_DataIn</a> from usbd_cdc_core.o(i.usbd_cdc_DataIn) referenced 2 times from usbd_cdc_core.o(.data)
 <LI><a href="#[19]">usbd_cdc_DataOut</a> from usbd_cdc_core.o(i.usbd_cdc_DataOut) referenced 2 times from usbd_cdc_core.o(.data)
 <LI><a href="#[15]">usbd_cdc_DeInit</a> from usbd_cdc_core.o(i.usbd_cdc_DeInit) referenced 2 times from usbd_cdc_core.o(.data)
 <LI><a href="#[17]">usbd_cdc_EP0_RxReady</a> from usbd_cdc_core.o(i.usbd_cdc_EP0_RxReady) referenced 2 times from usbd_cdc_core.o(.data)
 <LI><a href="#[14]">usbd_cdc_Init</a> from usbd_cdc_core.o(i.usbd_cdc_Init) referenced 2 times from usbd_cdc_core.o(.data)
 <LI><a href="#[1a]">usbd_cdc_SOF</a> from usbd_cdc_core.o(i.usbd_cdc_SOF) referenced 2 times from usbd_cdc_core.o(.data)
 <LI><a href="#[16]">usbd_cdc_Setup</a> from usbd_cdc_core.o(i.usbd_cdc_Setup) referenced 2 times from usbd_cdc_core.o(.data)
 <LI><a href="#[7d]">usblinkRxTask</a> from usblink.o(i.usblinkRxTask) referenced from main.o(i.startTask)
 <LI><a href="#[7e]">usblinkTxTask</a> from usblink.o(i.usblinkTxTask) referenced from main.o(i.startTask)
 <LI><a href="#[87]">vl53l0xTask</a> from vl53lxx.o(i.vl53l0xTask) referenced from vl53lxx.o(i.vl53lxxInit)
 <LI><a href="#[88]">vl53l1xTask</a> from vl53lxx.o(i.vl53l1xTask) referenced from vl53lxx.o(i.vl53lxxInit)
 <LI><a href="#[89]">wifiLinkTask</a> from wifi_ctrl.o(i.wifiLinkTask) referenced from wifi_ctrl.o(i.wifiModuleInit)
</UL>
<P>
<H3>
Global Symbols
</H3>
<P><STRONG><a name="[74]"></a>__main</STRONG> (Thumb, 0 bytes, Stack size unknown bytes, entry.o(.ARM.Collect$$$$00000000))
<BR>[Address Reference Count : 1]<UL><LI> startup_stm32f411xe.o(.text)
</UL>
<P><STRONG><a name="[3a2]"></a>_main_stk</STRONG> (Thumb, 0 bytes, Stack size unknown bytes, entry2.o(.ARM.Collect$$$$00000001))

<P><STRONG><a name="[8d]"></a>_main_scatterload</STRONG> (Thumb, 0 bytes, Stack size unknown bytes, entry5.o(.ARM.Collect$$$$00000004))
<BR><BR>[Calls]<UL><LI><a href="#[8e]">&gt;&gt;</a>&nbsp;&nbsp;&nbsp;__scatterload
</UL>

<P><STRONG><a name="[a8]"></a>__main_after_scatterload</STRONG> (Thumb, 0 bytes, Stack size unknown bytes, entry5.o(.ARM.Collect$$$$00000004))
<BR><BR>[Called By]<UL><LI><a href="#[8e]">&gt;&gt;</a>&nbsp;&nbsp;&nbsp;__scatterload
</UL>

<P><STRONG><a name="[3a3]"></a>_main_clock</STRONG> (Thumb, 0 bytes, Stack size unknown bytes, entry7b.o(.ARM.Collect$$$$00000008))

<P><STRONG><a name="[3a4]"></a>_main_cpp_init</STRONG> (Thumb, 0 bytes, Stack size unknown bytes, entry8b.o(.ARM.Collect$$$$0000000A))

<P><STRONG><a name="[3a5]"></a>_main_init</STRONG> (Thumb, 0 bytes, Stack size unknown bytes, entry9a.o(.ARM.Collect$$$$0000000B))

<P><STRONG><a name="[3a6]"></a>__rt_final_cpp</STRONG> (Thumb, 0 bytes, Stack size unknown bytes, entry10a.o(.ARM.Collect$$$$0000000D))

<P><STRONG><a name="[3a7]"></a>__rt_final_exit</STRONG> (Thumb, 0 bytes, Stack size unknown bytes, entry11a.o(.ARM.Collect$$$$0000000F))

<P><STRONG><a name="[31]"></a>HardFault_Handler</STRONG> (Thumb, 18 bytes, Stack size 0 bytes, nvic.o(.emb_text))
<BR><BR>[Stack]<UL><LI>Max Depth = 48<LI>Call Chain = HardFault_Handler &rArr; printHardFault &rArr; motorsSetRatio
</UL>
<BR>[Calls]<UL><LI><a href="#[8f]">&gt;&gt;</a>&nbsp;&nbsp;&nbsp;printHardFault
</UL>
<BR>[Address Reference Count : 1]<UL><LI> startup_stm32f411xe.o(RESET)
</UL>
<P><STRONG><a name="[35]"></a>SVC_Handler</STRONG> (Thumb, 28 bytes, Stack size 0 bytes, port.o(.emb_text))
<BR>[Address Reference Count : 1]<UL><LI> startup_stm32f411xe.o(RESET)
</UL>
<P><STRONG><a name="[39d]"></a>__asm___6_port_c_39a90d8d__prvStartFirstTask</STRONG> (Thumb, 28 bytes, Stack size 0 bytes, port.o(.emb_text))
<BR><BR>[Called By]<UL><LI><a href="#[364]">&gt;&gt;</a>&nbsp;&nbsp;&nbsp;xPortStartScheduler
</UL>

<P><STRONG><a name="[39c]"></a>__asm___6_port_c_39a90d8d__prvEnableVFP</STRONG> (Thumb, 16 bytes, Stack size 0 bytes, port.o(.emb_text))
<BR><BR>[Called By]<UL><LI><a href="#[364]">&gt;&gt;</a>&nbsp;&nbsp;&nbsp;xPortStartScheduler
</UL>

<P><STRONG><a name="[37]"></a>PendSV_Handler</STRONG> (Thumb, 88 bytes, Stack size 0 bytes, port.o(.emb_text))
<BR><BR>[Calls]<UL><LI><a href="#[90]">&gt;&gt;</a>&nbsp;&nbsp;&nbsp;vTaskSwitchContext
</UL>
<BR>[Address Reference Count : 1]<UL><LI> startup_stm32f411xe.o(RESET)
</UL>
<P><STRONG><a name="[3a8]"></a>vPortGetIPSR</STRONG> (Thumb, 6 bytes, Stack size 0 bytes, port.o(.emb_text), UNUSED)

<P><STRONG><a name="[2f]"></a>Reset_Handler</STRONG> (Thumb, 8 bytes, Stack size 0 bytes, startup_stm32f411xe.o(.text))
<BR>[Address Reference Count : 1]<UL><LI> startup_stm32f411xe.o(RESET)
</UL>
<P><STRONG><a name="[4b]"></a>ADC_IRQHandler</STRONG> (Thumb, 0 bytes, Stack size 0 bytes, startup_stm32f411xe.o(.text))
<BR><BR>[Calls]<UL><LI><a href="#[4b]">&gt;&gt;</a>&nbsp;&nbsp;&nbsp;ADC_IRQHandler
</UL>
<BR>[Called By]<UL><LI><a href="#[4b]">&gt;&gt;</a>&nbsp;&nbsp;&nbsp;ADC_IRQHandler
</UL>
<BR>[Address Reference Count : 1]<UL><LI> startup_stm32f411xe.o(RESET)
</UL>
<P><STRONG><a name="[45]"></a>DMA1_Stream1_IRQHandler</STRONG> (Thumb, 0 bytes, Stack size 0 bytes, startup_stm32f411xe.o(.text))
<BR>[Address Reference Count : 1]<UL><LI> startup_stm32f411xe.o(RESET)
</UL>
<P><STRONG><a name="[49]"></a>DMA1_Stream5_IRQHandler</STRONG> (Thumb, 0 bytes, Stack size 0 bytes, startup_stm32f411xe.o(.text))
<BR>[Address Reference Count : 1]<UL><LI> startup_stm32f411xe.o(RESET)
</UL>
<P><STRONG><a name="[5f]"></a>DMA1_Stream7_IRQHandler</STRONG> (Thumb, 0 bytes, Stack size 0 bytes, startup_stm32f411xe.o(.text))
<BR>[Address Reference Count : 1]<UL><LI> startup_stm32f411xe.o(RESET)
</UL>
<P><STRONG><a name="[63]"></a>DMA2_Stream0_IRQHandler</STRONG> (Thumb, 0 bytes, Stack size 0 bytes, startup_stm32f411xe.o(.text))
<BR>[Address Reference Count : 1]<UL><LI> startup_stm32f411xe.o(RESET)
</UL>
<P><STRONG><a name="[64]"></a>DMA2_Stream1_IRQHandler</STRONG> (Thumb, 0 bytes, Stack size 0 bytes, startup_stm32f411xe.o(.text))
<BR>[Address Reference Count : 1]<UL><LI> startup_stm32f411xe.o(RESET)
</UL>
<P><STRONG><a name="[65]"></a>DMA2_Stream2_IRQHandler</STRONG> (Thumb, 0 bytes, Stack size 0 bytes, startup_stm32f411xe.o(.text))
<BR>[Address Reference Count : 1]<UL><LI> startup_stm32f411xe.o(RESET)
</UL>
<P><STRONG><a name="[66]"></a>DMA2_Stream3_IRQHandler</STRONG> (Thumb, 0 bytes, Stack size 0 bytes, startup_stm32f411xe.o(.text))
<BR>[Address Reference Count : 1]<UL><LI> startup_stm32f411xe.o(RESET)
</UL>
<P><STRONG><a name="[67]"></a>DMA2_Stream4_IRQHandler</STRONG> (Thumb, 0 bytes, Stack size 0 bytes, startup_stm32f411xe.o(.text))
<BR>[Address Reference Count : 1]<UL><LI> startup_stm32f411xe.o(RESET)
</UL>
<P><STRONG><a name="[69]"></a>DMA2_Stream5_IRQHandler</STRONG> (Thumb, 0 bytes, Stack size 0 bytes, startup_stm32f411xe.o(.text))
<BR>[Address Reference Count : 1]<UL><LI> startup_stm32f411xe.o(RESET)
</UL>
<P><STRONG><a name="[6a]"></a>DMA2_Stream6_IRQHandler</STRONG> (Thumb, 0 bytes, Stack size 0 bytes, startup_stm32f411xe.o(.text))
<BR>[Address Reference Count : 1]<UL><LI> startup_stm32f411xe.o(RESET)
</UL>
<P><STRONG><a name="[6b]"></a>DMA2_Stream7_IRQHandler</STRONG> (Thumb, 0 bytes, Stack size 0 bytes, startup_stm32f411xe.o(.text))
<BR>[Address Reference Count : 1]<UL><LI> startup_stm32f411xe.o(RESET)
</UL>
<P><STRONG><a name="[3d]"></a>FLASH_IRQHandler</STRONG> (Thumb, 0 bytes, Stack size 0 bytes, startup_stm32f411xe.o(.text))
<BR>[Address Reference Count : 1]<UL><LI> startup_stm32f411xe.o(RESET)
</UL>
<P><STRONG><a name="[6f]"></a>FPU_IRQHandler</STRONG> (Thumb, 0 bytes, Stack size 0 bytes, startup_stm32f411xe.o(.text))
<BR>[Address Reference Count : 1]<UL><LI> startup_stm32f411xe.o(RESET)
</UL>
<P><STRONG><a name="[57]"></a>I2C2_ER_IRQHandler</STRONG> (Thumb, 0 bytes, Stack size 0 bytes, startup_stm32f411xe.o(.text))
<BR>[Address Reference Count : 1]<UL><LI> startup_stm32f411xe.o(RESET)
</UL>
<P><STRONG><a name="[56]"></a>I2C2_EV_IRQHandler</STRONG> (Thumb, 0 bytes, Stack size 0 bytes, startup_stm32f411xe.o(.text))
<BR>[Address Reference Count : 1]<UL><LI> startup_stm32f411xe.o(RESET)
</UL>
<P><STRONG><a name="[5e]"></a>OTG_FS_WKUP_IRQHandler</STRONG> (Thumb, 0 bytes, Stack size 0 bytes, startup_stm32f411xe.o(.text))
<BR>[Address Reference Count : 1]<UL><LI> startup_stm32f411xe.o(RESET)
</UL>
<P><STRONG><a name="[3a]"></a>PVD_IRQHandler</STRONG> (Thumb, 0 bytes, Stack size 0 bytes, startup_stm32f411xe.o(.text))
<BR>[Address Reference Count : 1]<UL><LI> startup_stm32f411xe.o(RESET)
</UL>
<P><STRONG><a name="[3e]"></a>RCC_IRQHandler</STRONG> (Thumb, 0 bytes, Stack size 0 bytes, startup_stm32f411xe.o(.text))
<BR>[Address Reference Count : 1]<UL><LI> startup_stm32f411xe.o(RESET)
</UL>
<P><STRONG><a name="[5d]"></a>RTC_Alarm_IRQHandler</STRONG> (Thumb, 0 bytes, Stack size 0 bytes, startup_stm32f411xe.o(.text))
<BR>[Address Reference Count : 1]<UL><LI> startup_stm32f411xe.o(RESET)
</UL>
<P><STRONG><a name="[3c]"></a>RTC_WKUP_IRQHandler</STRONG> (Thumb, 0 bytes, Stack size 0 bytes, startup_stm32f411xe.o(.text))
<BR>[Address Reference Count : 1]<UL><LI> startup_stm32f411xe.o(RESET)
</UL>
<P><STRONG><a name="[60]"></a>SDIO_IRQHandler</STRONG> (Thumb, 0 bytes, Stack size 0 bytes, startup_stm32f411xe.o(.text))
<BR>[Address Reference Count : 1]<UL><LI> startup_stm32f411xe.o(RESET)
</UL>
<P><STRONG><a name="[58]"></a>SPI1_IRQHandler</STRONG> (Thumb, 0 bytes, Stack size 0 bytes, startup_stm32f411xe.o(.text))
<BR>[Address Reference Count : 1]<UL><LI> startup_stm32f411xe.o(RESET)
</UL>
<P><STRONG><a name="[59]"></a>SPI2_IRQHandler</STRONG> (Thumb, 0 bytes, Stack size 0 bytes, startup_stm32f411xe.o(.text))
<BR>[Address Reference Count : 1]<UL><LI> startup_stm32f411xe.o(RESET)
</UL>
<P><STRONG><a name="[62]"></a>SPI3_IRQHandler</STRONG> (Thumb, 0 bytes, Stack size 0 bytes, startup_stm32f411xe.o(.text))
<BR>[Address Reference Count : 1]<UL><LI> startup_stm32f411xe.o(RESET)
</UL>
<P><STRONG><a name="[70]"></a>SPI4_IRQHandler</STRONG> (Thumb, 0 bytes, Stack size 0 bytes, startup_stm32f411xe.o(.text))
<BR>[Address Reference Count : 1]<UL><LI> startup_stm32f411xe.o(RESET)
</UL>
<P><STRONG><a name="[71]"></a>SPI5_IRQHandler</STRONG> (Thumb, 0 bytes, Stack size 0 bytes, startup_stm32f411xe.o(.text))
<BR>[Address Reference Count : 1]<UL><LI> startup_stm32f411xe.o(RESET)
</UL>
<P><STRONG><a name="[3b]"></a>TAMP_STAMP_IRQHandler</STRONG> (Thumb, 0 bytes, Stack size 0 bytes, startup_stm32f411xe.o(.text))
<BR>[Address Reference Count : 1]<UL><LI> startup_stm32f411xe.o(RESET)
</UL>
<P><STRONG><a name="[4d]"></a>TIM1_BRK_TIM9_IRQHandler</STRONG> (Thumb, 0 bytes, Stack size 0 bytes, startup_stm32f411xe.o(.text))
<BR>[Address Reference Count : 1]<UL><LI> startup_stm32f411xe.o(RESET)
</UL>
<P><STRONG><a name="[50]"></a>TIM1_CC_IRQHandler</STRONG> (Thumb, 0 bytes, Stack size 0 bytes, startup_stm32f411xe.o(.text))
<BR>[Address Reference Count : 1]<UL><LI> startup_stm32f411xe.o(RESET)
</UL>
<P><STRONG><a name="[4f]"></a>TIM1_TRG_COM_TIM11_IRQHandler</STRONG> (Thumb, 0 bytes, Stack size 0 bytes, startup_stm32f411xe.o(.text))
<BR>[Address Reference Count : 1]<UL><LI> startup_stm32f411xe.o(RESET)
</UL>
<P><STRONG><a name="[4e]"></a>TIM1_UP_TIM10_IRQHandler</STRONG> (Thumb, 0 bytes, Stack size 0 bytes, startup_stm32f411xe.o(.text))
<BR>[Address Reference Count : 1]<UL><LI> startup_stm32f411xe.o(RESET)
</UL>
<P><STRONG><a name="[51]"></a>TIM2_IRQHandler</STRONG> (Thumb, 0 bytes, Stack size 0 bytes, startup_stm32f411xe.o(.text))
<BR>[Address Reference Count : 1]<UL><LI> startup_stm32f411xe.o(RESET)
</UL>
<P><STRONG><a name="[52]"></a>TIM3_IRQHandler</STRONG> (Thumb, 0 bytes, Stack size 0 bytes, startup_stm32f411xe.o(.text))
<BR>[Address Reference Count : 1]<UL><LI> startup_stm32f411xe.o(RESET)
</UL>
<P><STRONG><a name="[53]"></a>TIM4_IRQHandler</STRONG> (Thumb, 0 bytes, Stack size 0 bytes, startup_stm32f411xe.o(.text))
<BR>[Address Reference Count : 1]<UL><LI> startup_stm32f411xe.o(RESET)
</UL>
<P><STRONG><a name="[61]"></a>TIM5_IRQHandler</STRONG> (Thumb, 0 bytes, Stack size 0 bytes, startup_stm32f411xe.o(.text))
<BR>[Address Reference Count : 1]<UL><LI> startup_stm32f411xe.o(RESET)
</UL>
<P><STRONG><a name="[6c]"></a>USART6_IRQHandler</STRONG> (Thumb, 0 bytes, Stack size 0 bytes, startup_stm32f411xe.o(.text))
<BR>[Address Reference Count : 1]<UL><LI> startup_stm32f411xe.o(RESET)
</UL>
<P><STRONG><a name="[39]"></a>WWDG_IRQHandler</STRONG> (Thumb, 0 bytes, Stack size 0 bytes, startup_stm32f411xe.o(.text))
<BR>[Address Reference Count : 1]<UL><LI> startup_stm32f411xe.o(RESET)
</UL>
<P><STRONG><a name="[91]"></a>__aeabi_ldivmod</STRONG> (Thumb, 98 bytes, Stack size 24 bytes, ldiv.o(.text))
<BR><BR>[Stack]<UL><LI>Max Depth = 64<LI>Call Chain = __aeabi_ldivmod &rArr; __aeabi_uldivmod
</UL>
<BR>[Calls]<UL><LI><a href="#[92]">&gt;&gt;</a>&nbsp;&nbsp;&nbsp;__aeabi_uldivmod
</UL>
<BR>[Called By]<UL><LI><a href="#[224]">&gt;&gt;</a>&nbsp;&nbsp;&nbsp;bmp280CompensateP
<LI><a href="#[330]">&gt;&gt;</a>&nbsp;&nbsp;&nbsp;sensorsCalculateVarianceAndMean
</UL>

<P><STRONG><a name="[3a9]"></a>___aeabi_memcpy8$move</STRONG> (Thumb, 0 bytes, Stack size 8 bytes, memmovea.o(.text), UNUSED)

<P><STRONG><a name="[242]"></a>__aeabi_memcpy</STRONG> (Thumb, 64 bytes, Stack size 8 bytes, memmovea.o(.text))
<BR><BR>[Stack]<UL><LI>Max Depth = 8<LI>Call Chain = __aeabi_memcpy
</UL>
<BR>[Called By]<UL><LI><a href="#[7e]">&gt;&gt;</a>&nbsp;&nbsp;&nbsp;usblinkTxTask
<LI><a href="#[25f]">&gt;&gt;</a>&nbsp;&nbsp;&nbsp;flightCtrldataCache
<LI><a href="#[393]">&gt;&gt;</a>&nbsp;&nbsp;&nbsp;wifiDataHandle
<LI><a href="#[350]">&gt;&gt;</a>&nbsp;&nbsp;&nbsp;uartslkSendDataDmaBlocking
<LI><a href="#[2fe]">&gt;&gt;</a>&nbsp;&nbsp;&nbsp;prvCopyDataToQueue
<LI><a href="#[2fd]">&gt;&gt;</a>&nbsp;&nbsp;&nbsp;prvCopyDataFromQueue
<LI><a href="#[1f6]">&gt;&gt;</a>&nbsp;&nbsp;&nbsp;uartSendPacket
<LI><a href="#[232]">&gt;&gt;</a>&nbsp;&nbsp;&nbsp;ctrlDataUpdate
<LI><a href="#[217]">&gt;&gt;</a>&nbsp;&nbsp;&nbsp;sendMsgACK
<LI><a href="#[1fd]">&gt;&gt;</a>&nbsp;&nbsp;&nbsp;remoterCtrlProcess
</UL>

<P><STRONG><a name="[19e]"></a>__aeabi_memcpy4</STRONG> (Thumb, 0 bytes, Stack size 8 bytes, memmovea.o(.text))
<BR><BR>[Stack]<UL><LI>Max Depth = 8<LI>Call Chain = __aeabi_memcpy4
</UL>
<BR>[Called By]<UL><LI><a href="#[1f9]">&gt;&gt;</a>&nbsp;&nbsp;&nbsp;resetConfigParamPID
<LI><a href="#[239]">&gt;&gt;</a>&nbsp;&nbsp;&nbsp;configParamInit
<LI><a href="#[26d]">&gt;&gt;</a>&nbsp;&nbsp;&nbsp;i2cdrvMessageTransfer
<LI><a href="#[266]">&gt;&gt;</a>&nbsp;&nbsp;&nbsp;getSensorData
<LI><a href="#[16e]">&gt;&gt;</a>&nbsp;&nbsp;&nbsp;VL53L1_get_device_results
<LI><a href="#[1f7]">&gt;&gt;</a>&nbsp;&nbsp;&nbsp;atkpReceiveAnl
</UL>

<P><STRONG><a name="[3aa]"></a>__aeabi_memmove</STRONG> (Thumb, 0 bytes, Stack size 8 bytes, memmovea.o(.text), UNUSED)

<P><STRONG><a name="[3ab]"></a>__aeabi_memmove4</STRONG> (Thumb, 0 bytes, Stack size 8 bytes, memmovea.o(.text), UNUSED)

<P><STRONG><a name="[3ac]"></a>__aeabi_memmove8</STRONG> (Thumb, 0 bytes, Stack size 8 bytes, memmovea.o(.text), UNUSED)

<P><STRONG><a name="[94]"></a>__aeabi_memset</STRONG> (Thumb, 14 bytes, Stack size 0 bytes, memseta.o(.text))
<BR><BR>[Called By]<UL><LI><a href="#[16d]">&gt;&gt;</a>&nbsp;&nbsp;&nbsp;VL53L1_GetRangingMeasurementData
<LI><a href="#[305]">&gt;&gt;</a>&nbsp;&nbsp;&nbsp;prvInitialiseNewTask
<LI><a href="#[95]">&gt;&gt;</a>&nbsp;&nbsp;&nbsp;_memset$wrapper
<LI><a href="#[93]">&gt;&gt;</a>&nbsp;&nbsp;&nbsp;__aeabi_memclr
</UL>

<P><STRONG><a name="[3ad]"></a>__aeabi_memset4</STRONG> (Thumb, 0 bytes, Stack size 0 bytes, memseta.o(.text), UNUSED)

<P><STRONG><a name="[3ae]"></a>__aeabi_memset8</STRONG> (Thumb, 0 bytes, Stack size 0 bytes, memseta.o(.text), UNUSED)

<P><STRONG><a name="[93]"></a>__aeabi_memclr</STRONG> (Thumb, 4 bytes, Stack size 0 bytes, memseta.o(.text))
<BR><BR>[Calls]<UL><LI><a href="#[94]">&gt;&gt;</a>&nbsp;&nbsp;&nbsp;__aeabi_memset
</UL>
<BR>[Called By]<UL><LI><a href="#[e2]">&gt;&gt;</a>&nbsp;&nbsp;&nbsp;ws2812DmaIsr
</UL>

<P><STRONG><a name="[331]"></a>__aeabi_memclr4</STRONG> (Thumb, 0 bytes, Stack size 0 bytes, memseta.o(.text))
<BR><BR>[Called By]<UL><LI><a href="#[10c]">&gt;&gt;</a>&nbsp;&nbsp;&nbsp;spl0601_get_calib_param
<LI><a href="#[330]">&gt;&gt;</a>&nbsp;&nbsp;&nbsp;sensorsCalculateVarianceAndMean
</UL>

<P><STRONG><a name="[3af]"></a>__aeabi_memclr8</STRONG> (Thumb, 0 bytes, Stack size 0 bytes, memseta.o(.text), UNUSED)

<P><STRONG><a name="[95]"></a>_memset$wrapper</STRONG> (Thumb, 18 bytes, Stack size 8 bytes, memseta.o(.text), UNUSED)
<BR><BR>[Calls]<UL><LI><a href="#[94]">&gt;&gt;</a>&nbsp;&nbsp;&nbsp;__aeabi_memset
</UL>

<P><STRONG><a name="[180]"></a>strncpy</STRONG> (Thumb, 24 bytes, Stack size 8 bytes, strncpy.o(.text))
<BR><BR>[Stack]<UL><LI>Max Depth = 8<LI>Call Chain = strncpy
</UL>
<BR>[Called By]<UL><LI><a href="#[17f]">&gt;&gt;</a>&nbsp;&nbsp;&nbsp;VL53L1_WaitValueMaskEx
</UL>

<P><STRONG><a name="[96]"></a>__aeabi_dadd</STRONG> (Thumb, 322 bytes, Stack size 48 bytes, dadd.o(.text))
<BR><BR>[Stack]<UL><LI>Max Depth = 88<LI>Call Chain = __aeabi_dadd &rArr; _double_epilogue &rArr; _double_round
</UL>
<BR>[Calls]<UL><LI><a href="#[98]">&gt;&gt;</a>&nbsp;&nbsp;&nbsp;__aeabi_lasr
<LI><a href="#[97]">&gt;&gt;</a>&nbsp;&nbsp;&nbsp;__aeabi_llsl
<LI><a href="#[9a]">&gt;&gt;</a>&nbsp;&nbsp;&nbsp;_double_round
<LI><a href="#[99]">&gt;&gt;</a>&nbsp;&nbsp;&nbsp;_double_epilogue
</UL>
<BR>[Called By]<UL><LI><a href="#[2ea]">&gt;&gt;</a>&nbsp;&nbsp;&nbsp;spl0601_get_temperature
<LI><a href="#[9c]">&gt;&gt;</a>&nbsp;&nbsp;&nbsp;__aeabi_drsub
<LI><a href="#[9b]">&gt;&gt;</a>&nbsp;&nbsp;&nbsp;__aeabi_dsub
<LI><a href="#[1e0]">&gt;&gt;</a>&nbsp;&nbsp;&nbsp;_fp_digits
</UL>

<P><STRONG><a name="[9b]"></a>__aeabi_dsub</STRONG> (Thumb, 6 bytes, Stack size 0 bytes, dadd.o(.text), UNUSED)
<BR><BR>[Calls]<UL><LI><a href="#[96]">&gt;&gt;</a>&nbsp;&nbsp;&nbsp;__aeabi_dadd
</UL>

<P><STRONG><a name="[9c]"></a>__aeabi_drsub</STRONG> (Thumb, 6 bytes, Stack size 0 bytes, dadd.o(.text), UNUSED)
<BR><BR>[Calls]<UL><LI><a href="#[96]">&gt;&gt;</a>&nbsp;&nbsp;&nbsp;__aeabi_dadd
</UL>

<P><STRONG><a name="[9d]"></a>__aeabi_dmul</STRONG> (Thumb, 228 bytes, Stack size 48 bytes, dmul.o(.text))
<BR><BR>[Stack]<UL><LI>Max Depth = 88<LI>Call Chain = __aeabi_dmul &rArr; _double_epilogue &rArr; _double_round
</UL>
<BR>[Calls]<UL><LI><a href="#[99]">&gt;&gt;</a>&nbsp;&nbsp;&nbsp;_double_epilogue
</UL>
<BR>[Called By]<UL><LI><a href="#[23b]">&gt;&gt;</a>&nbsp;&nbsp;&nbsp;watchdogInit
<LI><a href="#[2ea]">&gt;&gt;</a>&nbsp;&nbsp;&nbsp;spl0601_get_temperature
<LI><a href="#[1f7]">&gt;&gt;</a>&nbsp;&nbsp;&nbsp;atkpReceiveAnl
<LI><a href="#[1e0]">&gt;&gt;</a>&nbsp;&nbsp;&nbsp;_fp_digits
</UL>

<P><STRONG><a name="[9e]"></a>__aeabi_ddiv</STRONG> (Thumb, 222 bytes, Stack size 32 bytes, ddiv.o(.text), UNUSED)
<BR><BR>[Calls]<UL><LI><a href="#[9a]">&gt;&gt;</a>&nbsp;&nbsp;&nbsp;_double_round
</UL>
<BR>[Called By]<UL><LI><a href="#[1e0]">&gt;&gt;</a>&nbsp;&nbsp;&nbsp;_fp_digits
</UL>

<P><STRONG><a name="[9f]"></a>__aeabi_l2f</STRONG> (Thumb, 44 bytes, Stack size 16 bytes, ffltl.o(.text))
<BR><BR>[Stack]<UL><LI>Max Depth = 20<LI>Call Chain = __aeabi_l2f &rArr; _float_epilogue
</UL>
<BR>[Calls]<UL><LI><a href="#[a0]">&gt;&gt;</a>&nbsp;&nbsp;&nbsp;_float_epilogue
</UL>
<BR>[Called By]<UL><LI><a href="#[330]">&gt;&gt;</a>&nbsp;&nbsp;&nbsp;sensorsCalculateVarianceAndMean
</UL>

<P><STRONG><a name="[a1]"></a>__aeabi_i2d</STRONG> (Thumb, 34 bytes, Stack size 16 bytes, dflti.o(.text))
<BR><BR>[Stack]<UL><LI>Max Depth = 56<LI>Call Chain = __aeabi_i2d &rArr; _double_epilogue &rArr; _double_round
</UL>
<BR>[Calls]<UL><LI><a href="#[99]">&gt;&gt;</a>&nbsp;&nbsp;&nbsp;_double_epilogue
</UL>
<BR>[Called By]<UL><LI><a href="#[2ea]">&gt;&gt;</a>&nbsp;&nbsp;&nbsp;spl0601_get_temperature
<LI><a href="#[1f7]">&gt;&gt;</a>&nbsp;&nbsp;&nbsp;atkpReceiveAnl
</UL>

<P><STRONG><a name="[a2]"></a>__aeabi_ui2d</STRONG> (Thumb, 26 bytes, Stack size 16 bytes, dfltui.o(.text))
<BR><BR>[Stack]<UL><LI>Max Depth = 56<LI>Call Chain = __aeabi_ui2d &rArr; _double_epilogue &rArr; _double_round
</UL>
<BR>[Calls]<UL><LI><a href="#[99]">&gt;&gt;</a>&nbsp;&nbsp;&nbsp;_double_epilogue
</UL>
<BR>[Called By]<UL><LI><a href="#[23b]">&gt;&gt;</a>&nbsp;&nbsp;&nbsp;watchdogInit
</UL>

<P><STRONG><a name="[a3]"></a>__aeabi_d2uiz</STRONG> (Thumb, 50 bytes, Stack size 8 bytes, dfixui.o(.text))
<BR><BR>[Stack]<UL><LI>Max Depth = 8<LI>Call Chain = __aeabi_d2uiz
</UL>
<BR>[Calls]<UL><LI><a href="#[a4]">&gt;&gt;</a>&nbsp;&nbsp;&nbsp;__aeabi_llsr
</UL>
<BR>[Called By]<UL><LI><a href="#[23b]">&gt;&gt;</a>&nbsp;&nbsp;&nbsp;watchdogInit
</UL>

<P><STRONG><a name="[21a]"></a>__aeabi_f2d</STRONG> (Thumb, 38 bytes, Stack size 0 bytes, f2d.o(.text))
<BR><BR>[Called By]<UL><LI><a href="#[239]">&gt;&gt;</a>&nbsp;&nbsp;&nbsp;configParamInit
<LI><a href="#[2ea]">&gt;&gt;</a>&nbsp;&nbsp;&nbsp;spl0601_get_temperature
<LI><a href="#[218]">&gt;&gt;</a>&nbsp;&nbsp;&nbsp;attitudeAnglePID
<LI><a href="#[1eb]">&gt;&gt;</a>&nbsp;&nbsp;&nbsp;detecTumbled
<LI><a href="#[1e8]">&gt;&gt;</a>&nbsp;&nbsp;&nbsp;detecFreeFall
<LI><a href="#[2d6]">&gt;&gt;</a>&nbsp;&nbsp;&nbsp;velocityController
</UL>

<P><STRONG><a name="[3b0]"></a>__aeabi_cdcmpeq</STRONG> (Thumb, 0 bytes, Stack size 0 bytes, cdcmple.o(.text), UNUSED)

<P><STRONG><a name="[21b]"></a>__aeabi_cdcmple</STRONG> (Thumb, 48 bytes, Stack size 0 bytes, cdcmple.o(.text))
<BR><BR>[Called By]<UL><LI><a href="#[218]">&gt;&gt;</a>&nbsp;&nbsp;&nbsp;attitudeAnglePID
<LI><a href="#[1e8]">&gt;&gt;</a>&nbsp;&nbsp;&nbsp;detecFreeFall
<LI><a href="#[2d6]">&gt;&gt;</a>&nbsp;&nbsp;&nbsp;velocityController
</UL>

<P><STRONG><a name="[1e1]"></a>__aeabi_cdrcmple</STRONG> (Thumb, 48 bytes, Stack size 0 bytes, cdrcmple.o(.text))
<BR><BR>[Called By]<UL><LI><a href="#[2d6]">&gt;&gt;</a>&nbsp;&nbsp;&nbsp;velocityController
<LI><a href="#[1e0]">&gt;&gt;</a>&nbsp;&nbsp;&nbsp;_fp_digits
</UL>

<P><STRONG><a name="[a5]"></a>__aeabi_d2f</STRONG> (Thumb, 56 bytes, Stack size 8 bytes, d2f.o(.text))
<BR><BR>[Stack]<UL><LI>Max Depth = 8<LI>Call Chain = __aeabi_d2f
</UL>
<BR>[Calls]<UL><LI><a href="#[a6]">&gt;&gt;</a>&nbsp;&nbsp;&nbsp;_float_round
</UL>
<BR>[Called By]<UL><LI><a href="#[2ea]">&gt;&gt;</a>&nbsp;&nbsp;&nbsp;spl0601_get_temperature
<LI><a href="#[1f7]">&gt;&gt;</a>&nbsp;&nbsp;&nbsp;atkpReceiveAnl
<LI><a href="#[1eb]">&gt;&gt;</a>&nbsp;&nbsp;&nbsp;detecTumbled
</UL>

<P><STRONG><a name="[3b1]"></a>__aeabi_uidiv</STRONG> (Thumb, 0 bytes, Stack size 12 bytes, uidiv.o(.text), UNUSED)

<P><STRONG><a name="[1e4]"></a>__aeabi_uidivmod</STRONG> (Thumb, 44 bytes, Stack size 12 bytes, uidiv.o(.text), UNUSED)
<BR><BR>[Called By]<UL><LI><a href="#[1cf]">&gt;&gt;</a>&nbsp;&nbsp;&nbsp;_printf_core
</UL>

<P><STRONG><a name="[92]"></a>__aeabi_uldivmod</STRONG> (Thumb, 98 bytes, Stack size 40 bytes, uldiv.o(.text))
<BR><BR>[Stack]<UL><LI>Max Depth = 40<LI>Call Chain = __aeabi_uldivmod
</UL>
<BR>[Calls]<UL><LI><a href="#[a4]">&gt;&gt;</a>&nbsp;&nbsp;&nbsp;__aeabi_llsr
<LI><a href="#[97]">&gt;&gt;</a>&nbsp;&nbsp;&nbsp;__aeabi_llsl
</UL>
<BR>[Called By]<UL><LI><a href="#[91]">&gt;&gt;</a>&nbsp;&nbsp;&nbsp;__aeabi_ldivmod
<LI><a href="#[1cf]">&gt;&gt;</a>&nbsp;&nbsp;&nbsp;_printf_core
<LI><a href="#[1e0]">&gt;&gt;</a>&nbsp;&nbsp;&nbsp;_fp_digits
</UL>

<P><STRONG><a name="[97]"></a>__aeabi_llsl</STRONG> (Thumb, 30 bytes, Stack size 0 bytes, llshl.o(.text))
<BR><BR>[Called By]<UL><LI><a href="#[96]">&gt;&gt;</a>&nbsp;&nbsp;&nbsp;__aeabi_dadd
<LI><a href="#[92]">&gt;&gt;</a>&nbsp;&nbsp;&nbsp;__aeabi_uldivmod
<LI><a href="#[99]">&gt;&gt;</a>&nbsp;&nbsp;&nbsp;_double_epilogue
<LI><a href="#[a7]">&gt;&gt;</a>&nbsp;&nbsp;&nbsp;__aeabi_d2ulz
</UL>

<P><STRONG><a name="[3b2]"></a>_ll_shift_l</STRONG> (Thumb, 0 bytes, Stack size 0 bytes, llshl.o(.text), UNUSED)

<P><STRONG><a name="[a4]"></a>__aeabi_llsr</STRONG> (Thumb, 32 bytes, Stack size 0 bytes, llushr.o(.text))
<BR><BR>[Called By]<UL><LI><a href="#[a3]">&gt;&gt;</a>&nbsp;&nbsp;&nbsp;__aeabi_d2uiz
<LI><a href="#[92]">&gt;&gt;</a>&nbsp;&nbsp;&nbsp;__aeabi_uldivmod
<LI><a href="#[99]">&gt;&gt;</a>&nbsp;&nbsp;&nbsp;_double_epilogue
<LI><a href="#[a7]">&gt;&gt;</a>&nbsp;&nbsp;&nbsp;__aeabi_d2ulz
</UL>

<P><STRONG><a name="[3b3]"></a>_ll_ushift_r</STRONG> (Thumb, 0 bytes, Stack size 0 bytes, llushr.o(.text), UNUSED)

<P><STRONG><a name="[98]"></a>__aeabi_lasr</STRONG> (Thumb, 36 bytes, Stack size 0 bytes, llsshr.o(.text))
<BR><BR>[Called By]<UL><LI><a href="#[96]">&gt;&gt;</a>&nbsp;&nbsp;&nbsp;__aeabi_dadd
</UL>

<P><STRONG><a name="[3b4]"></a>_ll_sshift_r</STRONG> (Thumb, 0 bytes, Stack size 0 bytes, llsshr.o(.text), UNUSED)

<P><STRONG><a name="[3b5]"></a>__I$use$fp</STRONG> (Thumb, 0 bytes, Stack size 0 bytes, iusefp.o(.text), UNUSED)

<P><STRONG><a name="[a6]"></a>_float_round</STRONG> (Thumb, 18 bytes, Stack size 0 bytes, fepilogue.o(.text))
<BR><BR>[Called By]<UL><LI><a href="#[a5]">&gt;&gt;</a>&nbsp;&nbsp;&nbsp;__aeabi_d2f
</UL>

<P><STRONG><a name="[a0]"></a>_float_epilogue</STRONG> (Thumb, 92 bytes, Stack size 4 bytes, fepilogue.o(.text))
<BR><BR>[Stack]<UL><LI>Max Depth = 4<LI>Call Chain = _float_epilogue
</UL>
<BR>[Called By]<UL><LI><a href="#[9f]">&gt;&gt;</a>&nbsp;&nbsp;&nbsp;__aeabi_l2f
</UL>

<P><STRONG><a name="[9a]"></a>_double_round</STRONG> (Thumb, 30 bytes, Stack size 8 bytes, depilogue.o(.text))
<BR><BR>[Stack]<UL><LI>Max Depth = 8<LI>Call Chain = _double_round
</UL>
<BR>[Called By]<UL><LI><a href="#[9e]">&gt;&gt;</a>&nbsp;&nbsp;&nbsp;__aeabi_ddiv
<LI><a href="#[96]">&gt;&gt;</a>&nbsp;&nbsp;&nbsp;__aeabi_dadd
<LI><a href="#[99]">&gt;&gt;</a>&nbsp;&nbsp;&nbsp;_double_epilogue
</UL>

<P><STRONG><a name="[99]"></a>_double_epilogue</STRONG> (Thumb, 156 bytes, Stack size 32 bytes, depilogue.o(.text))
<BR><BR>[Stack]<UL><LI>Max Depth = 40<LI>Call Chain = _double_epilogue &rArr; _double_round
</UL>
<BR>[Calls]<UL><LI><a href="#[a4]">&gt;&gt;</a>&nbsp;&nbsp;&nbsp;__aeabi_llsr
<LI><a href="#[97]">&gt;&gt;</a>&nbsp;&nbsp;&nbsp;__aeabi_llsl
<LI><a href="#[9a]">&gt;&gt;</a>&nbsp;&nbsp;&nbsp;_double_round
</UL>
<BR>[Called By]<UL><LI><a href="#[a2]">&gt;&gt;</a>&nbsp;&nbsp;&nbsp;__aeabi_ui2d
<LI><a href="#[96]">&gt;&gt;</a>&nbsp;&nbsp;&nbsp;__aeabi_dadd
<LI><a href="#[a1]">&gt;&gt;</a>&nbsp;&nbsp;&nbsp;__aeabi_i2d
<LI><a href="#[9d]">&gt;&gt;</a>&nbsp;&nbsp;&nbsp;__aeabi_dmul
</UL>

<P><STRONG><a name="[a7]"></a>__aeabi_d2ulz</STRONG> (Thumb, 48 bytes, Stack size 0 bytes, dfixul.o(.text), UNUSED)
<BR><BR>[Calls]<UL><LI><a href="#[a4]">&gt;&gt;</a>&nbsp;&nbsp;&nbsp;__aeabi_llsr
<LI><a href="#[97]">&gt;&gt;</a>&nbsp;&nbsp;&nbsp;__aeabi_llsl
</UL>
<BR>[Called By]<UL><LI><a href="#[1e0]">&gt;&gt;</a>&nbsp;&nbsp;&nbsp;_fp_digits
</UL>

<P><STRONG><a name="[8e]"></a>__scatterload</STRONG> (Thumb, 28 bytes, Stack size 0 bytes, init.o(.text))
<BR><BR>[Calls]<UL><LI><a href="#[a8]">&gt;&gt;</a>&nbsp;&nbsp;&nbsp;__main_after_scatterload
</UL>
<BR>[Called By]<UL><LI><a href="#[8d]">&gt;&gt;</a>&nbsp;&nbsp;&nbsp;_main_scatterload
</UL>

<P><STRONG><a name="[3b6]"></a>__scatterload_rt2</STRONG> (Thumb, 0 bytes, Stack size 0 bytes, init.o(.text), UNUSED)

<P><STRONG><a name="[3b7]"></a>__decompress</STRONG> (Thumb, 0 bytes, Stack size unknown bytes, __dczerorl2.o(.text), UNUSED)

<P><STRONG><a name="[3b8]"></a>__decompress1</STRONG> (Thumb, 86 bytes, Stack size unknown bytes, __dczerorl2.o(.text), UNUSED)

<P><STRONG><a name="[256]"></a>ADC_Cmd</STRONG> (Thumb, 22 bytes, Stack size 0 bytes, stm32f4xx_adc.o(i.ADC_Cmd))
<BR><BR>[Called By]<UL><LI><a href="#[247]">&gt;&gt;</a>&nbsp;&nbsp;&nbsp;getModuleDriverID
<LI><a href="#[24e]">&gt;&gt;</a>&nbsp;&nbsp;&nbsp;expModuleDriverInit
</UL>

<P><STRONG><a name="[251]"></a>ADC_CommonInit</STRONG> (Thumb, 34 bytes, Stack size 0 bytes, stm32f4xx_adc.o(i.ADC_CommonInit))
<BR><BR>[Called By]<UL><LI><a href="#[24e]">&gt;&gt;</a>&nbsp;&nbsp;&nbsp;expModuleDriverInit
</UL>

<P><STRONG><a name="[255]"></a>ADC_DMACmd</STRONG> (Thumb, 22 bytes, Stack size 0 bytes, stm32f4xx_adc.o(i.ADC_DMACmd))
<BR><BR>[Called By]<UL><LI><a href="#[24e]">&gt;&gt;</a>&nbsp;&nbsp;&nbsp;expModuleDriverInit
</UL>

<P><STRONG><a name="[254]"></a>ADC_DMARequestAfterLastTransferCmd</STRONG> (Thumb, 22 bytes, Stack size 0 bytes, stm32f4xx_adc.o(i.ADC_DMARequestAfterLastTransferCmd))
<BR><BR>[Called By]<UL><LI><a href="#[24e]">&gt;&gt;</a>&nbsp;&nbsp;&nbsp;expModuleDriverInit
</UL>

<P><STRONG><a name="[252]"></a>ADC_Init</STRONG> (Thumb, 74 bytes, Stack size 12 bytes, stm32f4xx_adc.o(i.ADC_Init))
<BR><BR>[Stack]<UL><LI>Max Depth = 12<LI>Call Chain = ADC_Init
</UL>
<BR>[Called By]<UL><LI><a href="#[24e]">&gt;&gt;</a>&nbsp;&nbsp;&nbsp;expModuleDriverInit
</UL>

<P><STRONG><a name="[253]"></a>ADC_RegularChannelConfig</STRONG> (Thumb, 184 bytes, Stack size 20 bytes, stm32f4xx_adc.o(i.ADC_RegularChannelConfig))
<BR><BR>[Stack]<UL><LI>Max Depth = 20<LI>Call Chain = ADC_RegularChannelConfig
</UL>
<BR>[Called By]<UL><LI><a href="#[24e]">&gt;&gt;</a>&nbsp;&nbsp;&nbsp;expModuleDriverInit
</UL>

<P><STRONG><a name="[257]"></a>ADC_SoftwareStartConv</STRONG> (Thumb, 10 bytes, Stack size 0 bytes, stm32f4xx_adc.o(i.ADC_SoftwareStartConv))
<BR><BR>[Called By]<UL><LI><a href="#[247]">&gt;&gt;</a>&nbsp;&nbsp;&nbsp;getModuleDriverID
<LI><a href="#[24e]">&gt;&gt;</a>&nbsp;&nbsp;&nbsp;expModuleDriverInit
</UL>

<P><STRONG><a name="[33]"></a>BusFault_Handler</STRONG> (Thumb, 64 bytes, Stack size 0 bytes, nvic.o(i.BusFault_Handler))
<BR><BR>[Stack]<UL><LI>Max Depth = 40<LI>Call Chain = BusFault_Handler &rArr; motorsSetRatio
</UL>
<BR>[Calls]<UL><LI><a href="#[a9]">&gt;&gt;</a>&nbsp;&nbsp;&nbsp;motorsSetRatio
<LI><a href="#[ab]">&gt;&gt;</a>&nbsp;&nbsp;&nbsp;ledSet
<LI><a href="#[aa]">&gt;&gt;</a>&nbsp;&nbsp;&nbsp;ledClearAll
<LI><a href="#[ac]">&gt;&gt;</a>&nbsp;&nbsp;&nbsp;storeAssertSnapshotData
</UL>
<BR>[Address Reference Count : 1]<UL><LI> startup_stm32f411xe.o(RESET)
</UL>
<P><STRONG><a name="[b6]"></a>DCD_EP_Close</STRONG> (Thumb, 74 bytes, Stack size 16 bytes, usb_dcd.o(i.DCD_EP_Close))
<BR><BR>[Stack]<UL><LI>Max Depth = 36<LI>Call Chain = DCD_EP_Close &rArr; USB_OTG_EPDeactivate
</UL>
<BR>[Calls]<UL><LI><a href="#[b7]">&gt;&gt;</a>&nbsp;&nbsp;&nbsp;USB_OTG_EPDeactivate
</UL>
<BR>[Called By]<UL><LI><a href="#[15]">&gt;&gt;</a>&nbsp;&nbsp;&nbsp;usbd_cdc_DeInit
</UL>

<P><STRONG><a name="[b8]"></a>DCD_EP_ClrStall</STRONG> (Thumb, 72 bytes, Stack size 16 bytes, usb_dcd.o(i.DCD_EP_ClrStall))
<BR><BR>[Stack]<UL><LI>Max Depth = 32<LI>Call Chain = DCD_EP_ClrStall &rArr; USB_OTG_EPClearStall
</UL>
<BR>[Calls]<UL><LI><a href="#[b9]">&gt;&gt;</a>&nbsp;&nbsp;&nbsp;USB_OTG_EPClearStall
</UL>
<BR>[Called By]<UL><LI><a href="#[14e]">&gt;&gt;</a>&nbsp;&nbsp;&nbsp;USBD_StdEPReq
</UL>

<P><STRONG><a name="[ba]"></a>DCD_EP_Open</STRONG> (Thumb, 104 bytes, Stack size 24 bytes, usb_dcd.o(i.DCD_EP_Open))
<BR><BR>[Stack]<UL><LI>Max Depth = 44<LI>Call Chain = DCD_EP_Open &rArr; USB_OTG_EPActivate
</UL>
<BR>[Calls]<UL><LI><a href="#[bb]">&gt;&gt;</a>&nbsp;&nbsp;&nbsp;USB_OTG_EPActivate
</UL>
<BR>[Called By]<UL><LI><a href="#[14]">&gt;&gt;</a>&nbsp;&nbsp;&nbsp;usbd_cdc_Init
<LI><a href="#[f]">&gt;&gt;</a>&nbsp;&nbsp;&nbsp;USBD_Reset
</UL>

<P><STRONG><a name="[bc]"></a>DCD_EP_PrepareRx</STRONG> (Thumb, 82 bytes, Stack size 24 bytes, usb_dcd.o(i.DCD_EP_PrepareRx))
<BR><BR>[Stack]<UL><LI>Max Depth = 80<LI>Call Chain = DCD_EP_PrepareRx &rArr; USB_OTG_EPStartXfer &rArr; USB_OTG_WritePacket
</UL>
<BR>[Calls]<UL><LI><a href="#[be]">&gt;&gt;</a>&nbsp;&nbsp;&nbsp;USB_OTG_EPStartXfer
<LI><a href="#[bd]">&gt;&gt;</a>&nbsp;&nbsp;&nbsp;USB_OTG_EP0StartXfer
</UL>
<BR>[Called By]<UL><LI><a href="#[14]">&gt;&gt;</a>&nbsp;&nbsp;&nbsp;usbd_cdc_Init
<LI><a href="#[19]">&gt;&gt;</a>&nbsp;&nbsp;&nbsp;usbd_cdc_DataOut
<LI><a href="#[131]">&gt;&gt;</a>&nbsp;&nbsp;&nbsp;USBD_CtlPrepareRx
<LI><a href="#[132]">&gt;&gt;</a>&nbsp;&nbsp;&nbsp;USBD_CtlReceiveStatus
<LI><a href="#[12f]">&gt;&gt;</a>&nbsp;&nbsp;&nbsp;USBD_CtlContinueRx
<LI><a href="#[c]">&gt;&gt;</a>&nbsp;&nbsp;&nbsp;USBD_DataInStage
</UL>

<P><STRONG><a name="[146]"></a>DCD_EP_SetAddress</STRONG> (Thumb, 28 bytes, Stack size 8 bytes, usb_dcd.o(i.DCD_EP_SetAddress))
<BR><BR>[Stack]<UL><LI>Max Depth = 8<LI>Call Chain = DCD_EP_SetAddress
</UL>
<BR>[Called By]<UL><LI><a href="#[145]">&gt;&gt;</a>&nbsp;&nbsp;&nbsp;USBD_SetAddress
</UL>

<P><STRONG><a name="[bf]"></a>DCD_EP_Stall</STRONG> (Thumb, 72 bytes, Stack size 16 bytes, usb_dcd.o(i.DCD_EP_Stall))
<BR><BR>[Stack]<UL><LI>Max Depth = 32<LI>Call Chain = DCD_EP_Stall &rArr; USB_OTG_EPSetStall
</UL>
<BR>[Calls]<UL><LI><a href="#[c0]">&gt;&gt;</a>&nbsp;&nbsp;&nbsp;USB_OTG_EPSetStall
</UL>
<BR>[Called By]<UL><LI><a href="#[12e]">&gt;&gt;</a>&nbsp;&nbsp;&nbsp;USBD_CtlError
<LI><a href="#[14e]">&gt;&gt;</a>&nbsp;&nbsp;&nbsp;USBD_StdEPReq
<LI><a href="#[d]">&gt;&gt;</a>&nbsp;&nbsp;&nbsp;USBD_SetupStage
</UL>

<P><STRONG><a name="[c1]"></a>DCD_EP_Tx</STRONG> (Thumb, 78 bytes, Stack size 24 bytes, usb_dcd.o(i.DCD_EP_Tx))
<BR><BR>[Stack]<UL><LI>Max Depth = 80<LI>Call Chain = DCD_EP_Tx &rArr; USB_OTG_EPStartXfer &rArr; USB_OTG_WritePacket
</UL>
<BR>[Calls]<UL><LI><a href="#[be]">&gt;&gt;</a>&nbsp;&nbsp;&nbsp;USB_OTG_EPStartXfer
<LI><a href="#[bd]">&gt;&gt;</a>&nbsp;&nbsp;&nbsp;USB_OTG_EP0StartXfer
</UL>
<BR>[Called By]<UL><LI><a href="#[18]">&gt;&gt;</a>&nbsp;&nbsp;&nbsp;usbd_cdc_DataIn
<LI><a href="#[fc]">&gt;&gt;</a>&nbsp;&nbsp;&nbsp;Handle_USBAsynchXfer
<LI><a href="#[133]">&gt;&gt;</a>&nbsp;&nbsp;&nbsp;USBD_CtlSendData
<LI><a href="#[12d]">&gt;&gt;</a>&nbsp;&nbsp;&nbsp;USBD_CtlSendStatus
<LI><a href="#[130]">&gt;&gt;</a>&nbsp;&nbsp;&nbsp;USBD_CtlContinueSendData
</UL>

<P><STRONG><a name="[d2]"></a>DCD_Init</STRONG> (Thumb, 156 bytes, Stack size 24 bytes, usb_dcd.o(i.DCD_Init))
<BR><BR>[Stack]<UL><LI>Max Depth = 104<LI>Call Chain = DCD_Init &rArr; USB_OTG_CoreInitDev &rArr; USB_OTG_FlushTxFifo &rArr; USB_OTG_BSP_uDelay
</UL>
<BR>[Calls]<UL><LI><a href="#[d6]">&gt;&gt;</a>&nbsp;&nbsp;&nbsp;USB_OTG_SetCurrentMode
<LI><a href="#[d3]">&gt;&gt;</a>&nbsp;&nbsp;&nbsp;USB_OTG_SelectCore
<LI><a href="#[d8]">&gt;&gt;</a>&nbsp;&nbsp;&nbsp;USB_OTG_EnableGlobalInt
<LI><a href="#[d4]">&gt;&gt;</a>&nbsp;&nbsp;&nbsp;USB_OTG_DisableGlobalInt
<LI><a href="#[d7]">&gt;&gt;</a>&nbsp;&nbsp;&nbsp;USB_OTG_CoreInitDev
<LI><a href="#[d5]">&gt;&gt;</a>&nbsp;&nbsp;&nbsp;USB_OTG_CoreInit
</UL>
<BR>[Called By]<UL><LI><a href="#[13a]">&gt;&gt;</a>&nbsp;&nbsp;&nbsp;USBD_Init
</UL>

<P><STRONG><a name="[44]"></a>DMA1_Stream0_IRQHandler</STRONG> (Thumb, 10 bytes, Stack size 8 bytes, i2c_drv.o(i.DMA1_Stream0_IRQHandler))
<BR><BR>[Stack]<UL><LI>Max Depth = 136<LI>Call Chain = DMA1_Stream0_IRQHandler &rArr; i2cdrvDmaIsrHandler &rArr; i2cNotifyClient &rArr; xQueueGiveFromISR &rArr; prvNotifyQueueSetContainer &rArr; prvCopyDataToQueue &rArr; xTaskPriorityDisinherit
</UL>
<BR>[Calls]<UL><LI><a href="#[da]">&gt;&gt;</a>&nbsp;&nbsp;&nbsp;i2cdrvDmaIsrHandler
</UL>
<BR>[Address Reference Count : 1]<UL><LI> startup_stm32f411xe.o(RESET)
</UL>
<P><STRONG><a name="[46]"></a>DMA1_Stream2_IRQHandler</STRONG> (Thumb, 10 bytes, Stack size 8 bytes, i2c_drv.o(i.DMA1_Stream2_IRQHandler))
<BR><BR>[Stack]<UL><LI>Max Depth = 136<LI>Call Chain = DMA1_Stream2_IRQHandler &rArr; i2cdrvDmaIsrHandler &rArr; i2cNotifyClient &rArr; xQueueGiveFromISR &rArr; prvNotifyQueueSetContainer &rArr; prvCopyDataToQueue &rArr; xTaskPriorityDisinherit
</UL>
<BR>[Calls]<UL><LI><a href="#[da]">&gt;&gt;</a>&nbsp;&nbsp;&nbsp;i2cdrvDmaIsrHandler
</UL>
<BR>[Address Reference Count : 1]<UL><LI> startup_stm32f411xe.o(RESET)
</UL>
<P><STRONG><a name="[47]"></a>DMA1_Stream3_IRQHandler</STRONG> (Thumb, 86 bytes, Stack size 8 bytes, spi.o(i.DMA1_Stream3_IRQHandler))
<BR><BR>[Stack]<UL><LI>Max Depth = 112<LI>Call Chain = DMA1_Stream3_IRQHandler &rArr; xQueueGiveFromISR &rArr; prvNotifyQueueSetContainer &rArr; prvCopyDataToQueue &rArr; xTaskPriorityDisinherit
</UL>
<BR>[Calls]<UL><LI><a href="#[e0]">&gt;&gt;</a>&nbsp;&nbsp;&nbsp;xQueueGiveFromISR
<LI><a href="#[db]">&gt;&gt;</a>&nbsp;&nbsp;&nbsp;DMA_ITConfig
<LI><a href="#[dc]">&gt;&gt;</a>&nbsp;&nbsp;&nbsp;DMA_ClearITPendingBit
<LI><a href="#[df]">&gt;&gt;</a>&nbsp;&nbsp;&nbsp;DMA_Cmd
<LI><a href="#[de]">&gt;&gt;</a>&nbsp;&nbsp;&nbsp;SPI_I2S_DMACmd
<LI><a href="#[dd]">&gt;&gt;</a>&nbsp;&nbsp;&nbsp;DMA_ClearFlag
</UL>
<BR>[Address Reference Count : 1]<UL><LI> startup_stm32f411xe.o(RESET)
</UL>
<P><STRONG><a name="[48]"></a>DMA1_Stream4_IRQHandler</STRONG> (Thumb, 130 bytes, Stack size 8 bytes, nvic.o(i.DMA1_Stream4_IRQHandler))
<BR><BR>[Stack]<UL><LI>Max Depth = 120<LI>Call Chain = DMA1_Stream4_IRQHandler &rArr; ws2812DmaIsr &rArr; xQueueGiveFromISR &rArr; prvNotifyQueueSetContainer &rArr; prvCopyDataToQueue &rArr; xTaskPriorityDisinherit
</UL>
<BR>[Calls]<UL><LI><a href="#[db]">&gt;&gt;</a>&nbsp;&nbsp;&nbsp;DMA_ITConfig
<LI><a href="#[df]">&gt;&gt;</a>&nbsp;&nbsp;&nbsp;DMA_Cmd
<LI><a href="#[e2]">&gt;&gt;</a>&nbsp;&nbsp;&nbsp;ws2812DmaIsr
<LI><a href="#[e3]">&gt;&gt;</a>&nbsp;&nbsp;&nbsp;spiTxDmaIsr
<LI><a href="#[e1]">&gt;&gt;</a>&nbsp;&nbsp;&nbsp;getModuleID
</UL>
<BR>[Address Reference Count : 1]<UL><LI> startup_stm32f411xe.o(RESET)
</UL>
<P><STRONG><a name="[4a]"></a>DMA1_Stream6_IRQHandler</STRONG> (Thumb, 8 bytes, Stack size 8 bytes, uart_syslink.o(i.DMA1_Stream6_IRQHandler))
<BR><BR>[Stack]<UL><LI>Max Depth = 120<LI>Call Chain = DMA1_Stream6_IRQHandler &rArr; uartslkDmaIsr &rArr; xQueueGiveFromISR &rArr; prvNotifyQueueSetContainer &rArr; prvCopyDataToQueue &rArr; xTaskPriorityDisinherit
</UL>
<BR>[Calls]<UL><LI><a href="#[e4]">&gt;&gt;</a>&nbsp;&nbsp;&nbsp;uartslkDmaIsr
</UL>
<BR>[Address Reference Count : 1]<UL><LI> startup_stm32f411xe.o(RESET)
</UL>
<P><STRONG><a name="[dd]"></a>DMA_ClearFlag</STRONG> (Thumb, 38 bytes, Stack size 0 bytes, stm32f4xx_dma.o(i.DMA_ClearFlag))
<BR><BR>[Called By]<UL><LI><a href="#[321]">&gt;&gt;</a>&nbsp;&nbsp;&nbsp;spiExchange
<LI><a href="#[47]">&gt;&gt;</a>&nbsp;&nbsp;&nbsp;DMA1_Stream3_IRQHandler
<LI><a href="#[e3]">&gt;&gt;</a>&nbsp;&nbsp;&nbsp;spiTxDmaIsr
</UL>

<P><STRONG><a name="[dc]"></a>DMA_ClearITPendingBit</STRONG> (Thumb, 38 bytes, Stack size 0 bytes, stm32f4xx_dma.o(i.DMA_ClearITPendingBit))
<BR><BR>[Called By]<UL><LI><a href="#[da]">&gt;&gt;</a>&nbsp;&nbsp;&nbsp;i2cdrvDmaIsrHandler
<LI><a href="#[272]">&gt;&gt;</a>&nbsp;&nbsp;&nbsp;i2cdrvClearDMA
<LI><a href="#[47]">&gt;&gt;</a>&nbsp;&nbsp;&nbsp;DMA1_Stream3_IRQHandler
<LI><a href="#[e4]">&gt;&gt;</a>&nbsp;&nbsp;&nbsp;uartslkDmaIsr
<LI><a href="#[354]">&gt;&gt;</a>&nbsp;&nbsp;&nbsp;uartslkPauseDma
<LI><a href="#[e2]">&gt;&gt;</a>&nbsp;&nbsp;&nbsp;ws2812DmaIsr
<LI><a href="#[e3]">&gt;&gt;</a>&nbsp;&nbsp;&nbsp;spiTxDmaIsr
</UL>

<P><STRONG><a name="[df]"></a>DMA_Cmd</STRONG> (Thumb, 22 bytes, Stack size 0 bytes, stm32f4xx_dma.o(i.DMA_Cmd))
<BR><BR>[Called By]<UL><LI><a href="#[282]">&gt;&gt;</a>&nbsp;&nbsp;&nbsp;i2cdrvStartTransfer
<LI><a href="#[272]">&gt;&gt;</a>&nbsp;&nbsp;&nbsp;i2cdrvClearDMA
<LI><a href="#[24e]">&gt;&gt;</a>&nbsp;&nbsp;&nbsp;expModuleDriverInit
<LI><a href="#[321]">&gt;&gt;</a>&nbsp;&nbsp;&nbsp;spiExchange
<LI><a href="#[47]">&gt;&gt;</a>&nbsp;&nbsp;&nbsp;DMA1_Stream3_IRQHandler
<LI><a href="#[33b]">&gt;&gt;</a>&nbsp;&nbsp;&nbsp;spiDMAInit
<LI><a href="#[28f]">&gt;&gt;</a>&nbsp;&nbsp;&nbsp;ws2812Send
<LI><a href="#[350]">&gt;&gt;</a>&nbsp;&nbsp;&nbsp;uartslkSendDataDmaBlocking
<LI><a href="#[e4]">&gt;&gt;</a>&nbsp;&nbsp;&nbsp;uartslkDmaIsr
<LI><a href="#[357]">&gt;&gt;</a>&nbsp;&nbsp;&nbsp;uartslkResumeDma
<LI><a href="#[354]">&gt;&gt;</a>&nbsp;&nbsp;&nbsp;uartslkPauseDma
<LI><a href="#[e2]">&gt;&gt;</a>&nbsp;&nbsp;&nbsp;ws2812DmaIsr
<LI><a href="#[e3]">&gt;&gt;</a>&nbsp;&nbsp;&nbsp;spiTxDmaIsr
<LI><a href="#[48]">&gt;&gt;</a>&nbsp;&nbsp;&nbsp;DMA1_Stream4_IRQHandler
</UL>

<P><STRONG><a name="[24f]"></a>DMA_DeInit</STRONG> (Thumb, 324 bytes, Stack size 0 bytes, stm32f4xx_dma.o(i.DMA_DeInit))
<BR><BR>[Called By]<UL><LI><a href="#[24e]">&gt;&gt;</a>&nbsp;&nbsp;&nbsp;expModuleDriverInit
<LI><a href="#[33b]">&gt;&gt;</a>&nbsp;&nbsp;&nbsp;spiDMAInit
<LI><a href="#[28e]">&gt;&gt;</a>&nbsp;&nbsp;&nbsp;ws2812Init
</UL>

<P><STRONG><a name="[399]"></a>DMA_DoubleBufferModeCmd</STRONG> (Thumb, 22 bytes, Stack size 0 bytes, stm32f4xx_dma.o(i.DMA_DoubleBufferModeCmd))
<BR><BR>[Called By]<UL><LI><a href="#[28e]">&gt;&gt;</a>&nbsp;&nbsp;&nbsp;ws2812Init
</UL>

<P><STRONG><a name="[39a]"></a>DMA_DoubleBufferModeConfig</STRONG> (Thumb, 24 bytes, Stack size 0 bytes, stm32f4xx_dma.o(i.DMA_DoubleBufferModeConfig))
<BR><BR>[Called By]<UL><LI><a href="#[28e]">&gt;&gt;</a>&nbsp;&nbsp;&nbsp;ws2812Init
</UL>

<P><STRONG><a name="[355]"></a>DMA_GetCmdStatus</STRONG> (Thumb, 20 bytes, Stack size 0 bytes, stm32f4xx_dma.o(i.DMA_GetCmdStatus))
<BR><BR>[Called By]<UL><LI><a href="#[350]">&gt;&gt;</a>&nbsp;&nbsp;&nbsp;uartslkSendDataDmaBlocking
<LI><a href="#[354]">&gt;&gt;</a>&nbsp;&nbsp;&nbsp;uartslkPauseDma
</UL>

<P><STRONG><a name="[356]"></a>DMA_GetCurrDataCounter</STRONG> (Thumb, 8 bytes, Stack size 0 bytes, stm32f4xx_dma.o(i.DMA_GetCurrDataCounter))
<BR><BR>[Called By]<UL><LI><a href="#[354]">&gt;&gt;</a>&nbsp;&nbsp;&nbsp;uartslkPauseDma
</UL>

<P><STRONG><a name="[396]"></a>DMA_GetCurrentMemoryTarget</STRONG> (Thumb, 20 bytes, Stack size 0 bytes, stm32f4xx_dma.o(i.DMA_GetCurrentMemoryTarget))
<BR><BR>[Called By]<UL><LI><a href="#[e2]">&gt;&gt;</a>&nbsp;&nbsp;&nbsp;ws2812DmaIsr
</UL>

<P><STRONG><a name="[275]"></a>DMA_GetFlagStatus</STRONG> (Thumb, 54 bytes, Stack size 12 bytes, stm32f4xx_dma.o(i.DMA_GetFlagStatus))
<BR><BR>[Stack]<UL><LI>Max Depth = 12<LI>Call Chain = DMA_GetFlagStatus
</UL>
<BR>[Called By]<UL><LI><a href="#[da]">&gt;&gt;</a>&nbsp;&nbsp;&nbsp;i2cdrvDmaIsrHandler
</UL>

<P><STRONG><a name="[395]"></a>DMA_GetITStatus</STRONG> (Thumb, 82 bytes, Stack size 16 bytes, stm32f4xx_dma.o(i.DMA_GetITStatus))
<BR><BR>[Stack]<UL><LI>Max Depth = 16<LI>Call Chain = DMA_GetITStatus
</UL>
<BR>[Called By]<UL><LI><a href="#[e2]">&gt;&gt;</a>&nbsp;&nbsp;&nbsp;ws2812DmaIsr
</UL>

<P><STRONG><a name="[db]"></a>DMA_ITConfig</STRONG> (Thumb, 58 bytes, Stack size 8 bytes, stm32f4xx_dma.o(i.DMA_ITConfig))
<BR><BR>[Stack]<UL><LI>Max Depth = 8<LI>Call Chain = DMA_ITConfig
</UL>
<BR>[Called By]<UL><LI><a href="#[fe]">&gt;&gt;</a>&nbsp;&nbsp;&nbsp;i2cdrvEventIsrHandler
<LI><a href="#[272]">&gt;&gt;</a>&nbsp;&nbsp;&nbsp;i2cdrvClearDMA
<LI><a href="#[321]">&gt;&gt;</a>&nbsp;&nbsp;&nbsp;spiExchange
<LI><a href="#[47]">&gt;&gt;</a>&nbsp;&nbsp;&nbsp;DMA1_Stream3_IRQHandler
<LI><a href="#[28e]">&gt;&gt;</a>&nbsp;&nbsp;&nbsp;ws2812Init
<LI><a href="#[350]">&gt;&gt;</a>&nbsp;&nbsp;&nbsp;uartslkSendDataDmaBlocking
<LI><a href="#[e4]">&gt;&gt;</a>&nbsp;&nbsp;&nbsp;uartslkDmaIsr
<LI><a href="#[357]">&gt;&gt;</a>&nbsp;&nbsp;&nbsp;uartslkResumeDma
<LI><a href="#[354]">&gt;&gt;</a>&nbsp;&nbsp;&nbsp;uartslkPauseDma
<LI><a href="#[e3]">&gt;&gt;</a>&nbsp;&nbsp;&nbsp;spiTxDmaIsr
<LI><a href="#[48]">&gt;&gt;</a>&nbsp;&nbsp;&nbsp;DMA1_Stream4_IRQHandler
</UL>

<P><STRONG><a name="[250]"></a>DMA_Init</STRONG> (Thumb, 82 bytes, Stack size 8 bytes, stm32f4xx_dma.o(i.DMA_Init))
<BR><BR>[Stack]<UL><LI>Max Depth = 8<LI>Call Chain = DMA_Init
</UL>
<BR>[Called By]<UL><LI><a href="#[282]">&gt;&gt;</a>&nbsp;&nbsp;&nbsp;i2cdrvStartTransfer
<LI><a href="#[24e]">&gt;&gt;</a>&nbsp;&nbsp;&nbsp;expModuleDriverInit
<LI><a href="#[33b]">&gt;&gt;</a>&nbsp;&nbsp;&nbsp;spiDMAInit
<LI><a href="#[28e]">&gt;&gt;</a>&nbsp;&nbsp;&nbsp;ws2812Init
<LI><a href="#[350]">&gt;&gt;</a>&nbsp;&nbsp;&nbsp;uartslkSendDataDmaBlocking
</UL>

<P><STRONG><a name="[358]"></a>DMA_SetCurrDataCounter</STRONG> (Thumb, 4 bytes, Stack size 0 bytes, stm32f4xx_dma.o(i.DMA_SetCurrDataCounter))
<BR><BR>[Called By]<UL><LI><a href="#[357]">&gt;&gt;</a>&nbsp;&nbsp;&nbsp;uartslkResumeDma
</UL>

<P><STRONG><a name="[36]"></a>DebugMon_Handler</STRONG> (Thumb, 2 bytes, Stack size 0 bytes, nvic.o(i.DebugMon_Handler))
<BR>[Address Reference Count : 1]<UL><LI> startup_stm32f411xe.o(RESET)
</UL>
<P><STRONG><a name="[8b]"></a>EXTI0_Callback</STRONG> (Thumb, 8 bytes, Stack size 8 bytes, uart_syslink.o(i.EXTI0_Callback))
<BR><BR>[Stack]<UL><LI>Max Depth = 32<LI>Call Chain = EXTI0_Callback &rArr; uartslkTxenFlowctrlIsr &rArr; uartslkResumeDma &rArr; DMA_ITConfig
</UL>
<BR>[Calls]<UL><LI><a href="#[e5]">&gt;&gt;</a>&nbsp;&nbsp;&nbsp;uartslkTxenFlowctrlIsr
</UL>
<BR>[Called By]<UL><LI><a href="#[3f]">&gt;&gt;</a>&nbsp;&nbsp;&nbsp;EXTI0_IRQHandler
</UL>

<P><STRONG><a name="[3f]"></a>EXTI0_IRQHandler</STRONG> (Thumb, 14 bytes, Stack size 8 bytes, exti.o(i.EXTI0_IRQHandler))
<BR><BR>[Stack]<UL><LI>Max Depth = 40<LI>Call Chain = EXTI0_IRQHandler &rArr; EXTI0_Callback &rArr; uartslkTxenFlowctrlIsr &rArr; uartslkResumeDma &rArr; DMA_ITConfig
</UL>
<BR>[Calls]<UL><LI><a href="#[e6]">&gt;&gt;</a>&nbsp;&nbsp;&nbsp;EXTI_ClearITPendingBit
<LI><a href="#[8b]">&gt;&gt;</a>&nbsp;&nbsp;&nbsp;EXTI0_Callback
</UL>
<BR>[Address Reference Count : 1]<UL><LI> startup_stm32f411xe.o(RESET)
</UL>
<P><STRONG><a name="[e8]"></a>EXTI10_Callback</STRONG> (Thumb, 2 bytes, Stack size 0 bytes, exti.o(i.EXTI10_Callback))
<BR><BR>[Called By]<UL><LI><a href="#[5c]">&gt;&gt;</a>&nbsp;&nbsp;&nbsp;EXTI15_10_IRQHandler
</UL>

<P><STRONG><a name="[e9]"></a>EXTI11_Callback</STRONG> (Thumb, 2 bytes, Stack size 0 bytes, exti.o(i.EXTI11_Callback))
<BR><BR>[Called By]<UL><LI><a href="#[5c]">&gt;&gt;</a>&nbsp;&nbsp;&nbsp;EXTI15_10_IRQHandler
</UL>

<P><STRONG><a name="[ea]"></a>EXTI12_Callback</STRONG> (Thumb, 2 bytes, Stack size 0 bytes, exti.o(i.EXTI12_Callback))
<BR><BR>[Called By]<UL><LI><a href="#[5c]">&gt;&gt;</a>&nbsp;&nbsp;&nbsp;EXTI15_10_IRQHandler
</UL>

<P><STRONG><a name="[eb]"></a>EXTI13_Callback</STRONG> (Thumb, 2 bytes, Stack size 0 bytes, exti.o(i.EXTI13_Callback))
<BR><BR>[Called By]<UL><LI><a href="#[5c]">&gt;&gt;</a>&nbsp;&nbsp;&nbsp;EXTI15_10_IRQHandler
</UL>

<P><STRONG><a name="[ec]"></a>EXTI14_Callback</STRONG> (Thumb, 2 bytes, Stack size 0 bytes, exti.o(i.EXTI14_Callback))
<BR><BR>[Called By]<UL><LI><a href="#[5c]">&gt;&gt;</a>&nbsp;&nbsp;&nbsp;EXTI15_10_IRQHandler
</UL>

<P><STRONG><a name="[5c]"></a>EXTI15_10_IRQHandler</STRONG> (Thumb, 136 bytes, Stack size 8 bytes, exti.o(i.EXTI15_10_IRQHandler))
<BR><BR>[Stack]<UL><LI>Max Depth = 8<LI>Call Chain = EXTI15_10_IRQHandler
</UL>
<BR>[Calls]<UL><LI><a href="#[ed]">&gt;&gt;</a>&nbsp;&nbsp;&nbsp;EXTI15_Callback
<LI><a href="#[ec]">&gt;&gt;</a>&nbsp;&nbsp;&nbsp;EXTI14_Callback
<LI><a href="#[eb]">&gt;&gt;</a>&nbsp;&nbsp;&nbsp;EXTI13_Callback
<LI><a href="#[ea]">&gt;&gt;</a>&nbsp;&nbsp;&nbsp;EXTI12_Callback
<LI><a href="#[e9]">&gt;&gt;</a>&nbsp;&nbsp;&nbsp;EXTI11_Callback
<LI><a href="#[e8]">&gt;&gt;</a>&nbsp;&nbsp;&nbsp;EXTI10_Callback
<LI><a href="#[e7]">&gt;&gt;</a>&nbsp;&nbsp;&nbsp;EXTI_GetITStatus
<LI><a href="#[e6]">&gt;&gt;</a>&nbsp;&nbsp;&nbsp;EXTI_ClearITPendingBit
</UL>
<BR>[Address Reference Count : 1]<UL><LI> startup_stm32f411xe.o(RESET)
</UL>
<P><STRONG><a name="[ed]"></a>EXTI15_Callback</STRONG> (Thumb, 2 bytes, Stack size 0 bytes, exti.o(i.EXTI15_Callback))
<BR><BR>[Called By]<UL><LI><a href="#[5c]">&gt;&gt;</a>&nbsp;&nbsp;&nbsp;EXTI15_10_IRQHandler
</UL>

<P><STRONG><a name="[ee]"></a>EXTI1_Callback</STRONG> (Thumb, 2 bytes, Stack size 0 bytes, exti.o(i.EXTI1_Callback))
<BR><BR>[Called By]<UL><LI><a href="#[40]">&gt;&gt;</a>&nbsp;&nbsp;&nbsp;EXTI1_IRQHandler
</UL>

<P><STRONG><a name="[40]"></a>EXTI1_IRQHandler</STRONG> (Thumb, 14 bytes, Stack size 8 bytes, exti.o(i.EXTI1_IRQHandler))
<BR><BR>[Stack]<UL><LI>Max Depth = 8<LI>Call Chain = EXTI1_IRQHandler
</UL>
<BR>[Calls]<UL><LI><a href="#[ee]">&gt;&gt;</a>&nbsp;&nbsp;&nbsp;EXTI1_Callback
<LI><a href="#[e6]">&gt;&gt;</a>&nbsp;&nbsp;&nbsp;EXTI_ClearITPendingBit
</UL>
<BR>[Address Reference Count : 1]<UL><LI> startup_stm32f411xe.o(RESET)
</UL>
<P><STRONG><a name="[ef]"></a>EXTI2_Callback</STRONG> (Thumb, 2 bytes, Stack size 0 bytes, exti.o(i.EXTI2_Callback))
<BR><BR>[Called By]<UL><LI><a href="#[41]">&gt;&gt;</a>&nbsp;&nbsp;&nbsp;EXTI2_IRQHandler
</UL>

<P><STRONG><a name="[41]"></a>EXTI2_IRQHandler</STRONG> (Thumb, 14 bytes, Stack size 8 bytes, exti.o(i.EXTI2_IRQHandler))
<BR><BR>[Stack]<UL><LI>Max Depth = 8<LI>Call Chain = EXTI2_IRQHandler
</UL>
<BR>[Calls]<UL><LI><a href="#[ef]">&gt;&gt;</a>&nbsp;&nbsp;&nbsp;EXTI2_Callback
<LI><a href="#[e6]">&gt;&gt;</a>&nbsp;&nbsp;&nbsp;EXTI_ClearITPendingBit
</UL>
<BR>[Address Reference Count : 1]<UL><LI> startup_stm32f411xe.o(RESET)
</UL>
<P><STRONG><a name="[f0]"></a>EXTI3_Callback</STRONG> (Thumb, 2 bytes, Stack size 0 bytes, exti.o(i.EXTI3_Callback))
<BR><BR>[Called By]<UL><LI><a href="#[42]">&gt;&gt;</a>&nbsp;&nbsp;&nbsp;EXTI3_IRQHandler
</UL>

<P><STRONG><a name="[42]"></a>EXTI3_IRQHandler</STRONG> (Thumb, 14 bytes, Stack size 8 bytes, exti.o(i.EXTI3_IRQHandler))
<BR><BR>[Stack]<UL><LI>Max Depth = 8<LI>Call Chain = EXTI3_IRQHandler
</UL>
<BR>[Calls]<UL><LI><a href="#[f0]">&gt;&gt;</a>&nbsp;&nbsp;&nbsp;EXTI3_Callback
<LI><a href="#[e6]">&gt;&gt;</a>&nbsp;&nbsp;&nbsp;EXTI_ClearITPendingBit
</UL>
<BR>[Address Reference Count : 1]<UL><LI> startup_stm32f411xe.o(RESET)
</UL>
<P><STRONG><a name="[8c]"></a>EXTI4_Callback</STRONG> (Thumb, 38 bytes, Stack size 8 bytes, sensors.o(i.EXTI4_Callback))
<BR><BR>[Stack]<UL><LI>Max Depth = 112<LI>Call Chain = EXTI4_Callback &rArr; xQueueGiveFromISR &rArr; prvNotifyQueueSetContainer &rArr; prvCopyDataToQueue &rArr; xTaskPriorityDisinherit
</UL>
<BR>[Calls]<UL><LI><a href="#[e0]">&gt;&gt;</a>&nbsp;&nbsp;&nbsp;xQueueGiveFromISR
</UL>
<BR>[Called By]<UL><LI><a href="#[43]">&gt;&gt;</a>&nbsp;&nbsp;&nbsp;EXTI4_IRQHandler
</UL>

<P><STRONG><a name="[43]"></a>EXTI4_IRQHandler</STRONG> (Thumb, 14 bytes, Stack size 8 bytes, exti.o(i.EXTI4_IRQHandler))
<BR><BR>[Stack]<UL><LI>Max Depth = 120<LI>Call Chain = EXTI4_IRQHandler &rArr; EXTI4_Callback &rArr; xQueueGiveFromISR &rArr; prvNotifyQueueSetContainer &rArr; prvCopyDataToQueue &rArr; xTaskPriorityDisinherit
</UL>
<BR>[Calls]<UL><LI><a href="#[e6]">&gt;&gt;</a>&nbsp;&nbsp;&nbsp;EXTI_ClearITPendingBit
<LI><a href="#[8c]">&gt;&gt;</a>&nbsp;&nbsp;&nbsp;EXTI4_Callback
</UL>
<BR>[Address Reference Count : 1]<UL><LI> startup_stm32f411xe.o(RESET)
</UL>
<P><STRONG><a name="[f1]"></a>EXTI5_Callback</STRONG> (Thumb, 2 bytes, Stack size 0 bytes, exti.o(i.EXTI5_Callback))
<BR><BR>[Called By]<UL><LI><a href="#[4c]">&gt;&gt;</a>&nbsp;&nbsp;&nbsp;EXTI9_5_IRQHandler
</UL>

<P><STRONG><a name="[f2]"></a>EXTI6_Callback</STRONG> (Thumb, 2 bytes, Stack size 0 bytes, exti.o(i.EXTI6_Callback))
<BR><BR>[Called By]<UL><LI><a href="#[4c]">&gt;&gt;</a>&nbsp;&nbsp;&nbsp;EXTI9_5_IRQHandler
</UL>

<P><STRONG><a name="[f3]"></a>EXTI7_Callback</STRONG> (Thumb, 2 bytes, Stack size 0 bytes, exti.o(i.EXTI7_Callback))
<BR><BR>[Called By]<UL><LI><a href="#[4c]">&gt;&gt;</a>&nbsp;&nbsp;&nbsp;EXTI9_5_IRQHandler
</UL>

<P><STRONG><a name="[f4]"></a>EXTI8_Callback</STRONG> (Thumb, 2 bytes, Stack size 0 bytes, exti.o(i.EXTI8_Callback))
<BR><BR>[Called By]<UL><LI><a href="#[4c]">&gt;&gt;</a>&nbsp;&nbsp;&nbsp;EXTI9_5_IRQHandler
</UL>

<P><STRONG><a name="[4c]"></a>EXTI9_5_IRQHandler</STRONG> (Thumb, 108 bytes, Stack size 8 bytes, exti.o(i.EXTI9_5_IRQHandler))
<BR><BR>[Stack]<UL><LI>Max Depth = 8<LI>Call Chain = EXTI9_5_IRQHandler
</UL>
<BR>[Calls]<UL><LI><a href="#[f5]">&gt;&gt;</a>&nbsp;&nbsp;&nbsp;EXTI9_Callback
<LI><a href="#[f4]">&gt;&gt;</a>&nbsp;&nbsp;&nbsp;EXTI8_Callback
<LI><a href="#[f3]">&gt;&gt;</a>&nbsp;&nbsp;&nbsp;EXTI7_Callback
<LI><a href="#[f2]">&gt;&gt;</a>&nbsp;&nbsp;&nbsp;EXTI6_Callback
<LI><a href="#[f1]">&gt;&gt;</a>&nbsp;&nbsp;&nbsp;EXTI5_Callback
<LI><a href="#[e7]">&gt;&gt;</a>&nbsp;&nbsp;&nbsp;EXTI_GetITStatus
<LI><a href="#[e6]">&gt;&gt;</a>&nbsp;&nbsp;&nbsp;EXTI_ClearITPendingBit
</UL>
<BR>[Address Reference Count : 1]<UL><LI> startup_stm32f411xe.o(RESET)
</UL>
<P><STRONG><a name="[f5]"></a>EXTI9_Callback</STRONG> (Thumb, 2 bytes, Stack size 0 bytes, exti.o(i.EXTI9_Callback))
<BR><BR>[Called By]<UL><LI><a href="#[4c]">&gt;&gt;</a>&nbsp;&nbsp;&nbsp;EXTI9_5_IRQHandler
</UL>

<P><STRONG><a name="[359]"></a>EXTI_ClearFlag</STRONG> (Thumb, 6 bytes, Stack size 0 bytes, stm32f4xx_exti.o(i.EXTI_ClearFlag))
<BR><BR>[Called By]<UL><LI><a href="#[e5]">&gt;&gt;</a>&nbsp;&nbsp;&nbsp;uartslkTxenFlowctrlIsr
</UL>

<P><STRONG><a name="[e6]"></a>EXTI_ClearITPendingBit</STRONG> (Thumb, 6 bytes, Stack size 0 bytes, stm32f4xx_exti.o(i.EXTI_ClearITPendingBit))
<BR><BR>[Called By]<UL><LI><a href="#[4c]">&gt;&gt;</a>&nbsp;&nbsp;&nbsp;EXTI9_5_IRQHandler
<LI><a href="#[43]">&gt;&gt;</a>&nbsp;&nbsp;&nbsp;EXTI4_IRQHandler
<LI><a href="#[42]">&gt;&gt;</a>&nbsp;&nbsp;&nbsp;EXTI3_IRQHandler
<LI><a href="#[41]">&gt;&gt;</a>&nbsp;&nbsp;&nbsp;EXTI2_IRQHandler
<LI><a href="#[40]">&gt;&gt;</a>&nbsp;&nbsp;&nbsp;EXTI1_IRQHandler
<LI><a href="#[5c]">&gt;&gt;</a>&nbsp;&nbsp;&nbsp;EXTI15_10_IRQHandler
<LI><a href="#[3f]">&gt;&gt;</a>&nbsp;&nbsp;&nbsp;EXTI0_IRQHandler
<LI><a href="#[31d]">&gt;&gt;</a>&nbsp;&nbsp;&nbsp;uartslkInit
<LI><a href="#[336]">&gt;&gt;</a>&nbsp;&nbsp;&nbsp;sensorsInterruptInit
</UL>

<P><STRONG><a name="[e7]"></a>EXTI_GetITStatus</STRONG> (Thumb, 20 bytes, Stack size 0 bytes, stm32f4xx_exti.o(i.EXTI_GetITStatus))
<BR><BR>[Called By]<UL><LI><a href="#[4c]">&gt;&gt;</a>&nbsp;&nbsp;&nbsp;EXTI9_5_IRQHandler
<LI><a href="#[5c]">&gt;&gt;</a>&nbsp;&nbsp;&nbsp;EXTI15_10_IRQHandler
</UL>

<P><STRONG><a name="[338]"></a>EXTI_Init</STRONG> (Thumb, 142 bytes, Stack size 0 bytes, stm32f4xx_exti.o(i.EXTI_Init))
<BR><BR>[Called By]<UL><LI><a href="#[31d]">&gt;&gt;</a>&nbsp;&nbsp;&nbsp;uartslkInit
<LI><a href="#[336]">&gt;&gt;</a>&nbsp;&nbsp;&nbsp;sensorsInterruptInit
</UL>

<P><STRONG><a name="[115]"></a>FLASH_DataCacheCmd</STRONG> (Thumb, 30 bytes, Stack size 0 bytes, stm32f4xx_flash.o(i.FLASH_DataCacheCmd))
<BR><BR>[Called By]<UL><LI><a href="#[113]">&gt;&gt;</a>&nbsp;&nbsp;&nbsp;STMFLASH_Write
</UL>

<P><STRONG><a name="[f6]"></a>FLASH_EraseSector</STRONG> (Thumb, 130 bytes, Stack size 16 bytes, stm32f4xx_flash.o(i.FLASH_EraseSector))
<BR><BR>[Stack]<UL><LI>Max Depth = 24<LI>Call Chain = FLASH_EraseSector &rArr; FLASH_WaitForLastOperation
</UL>
<BR>[Calls]<UL><LI><a href="#[f7]">&gt;&gt;</a>&nbsp;&nbsp;&nbsp;FLASH_WaitForLastOperation
</UL>
<BR>[Called By]<UL><LI><a href="#[113]">&gt;&gt;</a>&nbsp;&nbsp;&nbsp;STMFLASH_Write
</UL>

<P><STRONG><a name="[f9]"></a>FLASH_GetStatus</STRONG> (Thumb, 80 bytes, Stack size 0 bytes, stm32f4xx_flash.o(i.FLASH_GetStatus))
<BR><BR>[Called By]<UL><LI><a href="#[f7]">&gt;&gt;</a>&nbsp;&nbsp;&nbsp;FLASH_WaitForLastOperation
</UL>

<P><STRONG><a name="[117]"></a>FLASH_Lock</STRONG> (Thumb, 14 bytes, Stack size 0 bytes, stm32f4xx_flash.o(i.FLASH_Lock))
<BR><BR>[Called By]<UL><LI><a href="#[113]">&gt;&gt;</a>&nbsp;&nbsp;&nbsp;STMFLASH_Write
</UL>

<P><STRONG><a name="[f8]"></a>FLASH_ProgramWord</STRONG> (Thumb, 74 bytes, Stack size 12 bytes, stm32f4xx_flash.o(i.FLASH_ProgramWord))
<BR><BR>[Stack]<UL><LI>Max Depth = 20<LI>Call Chain = FLASH_ProgramWord &rArr; FLASH_WaitForLastOperation
</UL>
<BR>[Calls]<UL><LI><a href="#[f7]">&gt;&gt;</a>&nbsp;&nbsp;&nbsp;FLASH_WaitForLastOperation
</UL>
<BR>[Called By]<UL><LI><a href="#[113]">&gt;&gt;</a>&nbsp;&nbsp;&nbsp;STMFLASH_Write
</UL>

<P><STRONG><a name="[114]"></a>FLASH_Unlock</STRONG> (Thumb, 24 bytes, Stack size 0 bytes, stm32f4xx_flash.o(i.FLASH_Unlock))
<BR><BR>[Called By]<UL><LI><a href="#[113]">&gt;&gt;</a>&nbsp;&nbsp;&nbsp;STMFLASH_Write
</UL>

<P><STRONG><a name="[f7]"></a>FLASH_WaitForLastOperation</STRONG> (Thumb, 34 bytes, Stack size 8 bytes, stm32f4xx_flash.o(i.FLASH_WaitForLastOperation))
<BR><BR>[Stack]<UL><LI>Max Depth = 8<LI>Call Chain = FLASH_WaitForLastOperation
</UL>
<BR>[Calls]<UL><LI><a href="#[f9]">&gt;&gt;</a>&nbsp;&nbsp;&nbsp;FLASH_GetStatus
</UL>
<BR>[Called By]<UL><LI><a href="#[f8]">&gt;&gt;</a>&nbsp;&nbsp;&nbsp;FLASH_ProgramWord
<LI><a href="#[f6]">&gt;&gt;</a>&nbsp;&nbsp;&nbsp;FLASH_EraseSector
</UL>

<P><STRONG><a name="[152]"></a>GPIO_Init</STRONG> (Thumb, 144 bytes, Stack size 20 bytes, stm32f4xx_gpio.o(i.GPIO_Init))
<BR><BR>[Stack]<UL><LI>Max Depth = 20<LI>Call Chain = GPIO_Init
</UL>
<BR>[Called By]<UL><LI><a href="#[29d]">&gt;&gt;</a>&nbsp;&nbsp;&nbsp;motorsInit
<LI><a href="#[28c]">&gt;&gt;</a>&nbsp;&nbsp;&nbsp;ledInit
<LI><a href="#[27d]">&gt;&gt;</a>&nbsp;&nbsp;&nbsp;i2cdrvInitBus
<LI><a href="#[247]">&gt;&gt;</a>&nbsp;&nbsp;&nbsp;getModuleDriverID
<LI><a href="#[24e]">&gt;&gt;</a>&nbsp;&nbsp;&nbsp;expModuleDriverInit
<LI><a href="#[24d]">&gt;&gt;</a>&nbsp;&nbsp;&nbsp;opticalFlowInit
<LI><a href="#[24c]">&gt;&gt;</a>&nbsp;&nbsp;&nbsp;wifiModuleInit
<LI><a href="#[366]">&gt;&gt;</a>&nbsp;&nbsp;&nbsp;vl53IICInit
<LI><a href="#[2c9]">&gt;&gt;</a>&nbsp;&nbsp;&nbsp;spi2Init
<LI><a href="#[28e]">&gt;&gt;</a>&nbsp;&nbsp;&nbsp;ws2812Init
<LI><a href="#[34c]">&gt;&gt;</a>&nbsp;&nbsp;&nbsp;uart1Init
<LI><a href="#[31d]">&gt;&gt;</a>&nbsp;&nbsp;&nbsp;uartslkInit
<LI><a href="#[13b]">&gt;&gt;</a>&nbsp;&nbsp;&nbsp;USB_OTG_BSP_Init
<LI><a href="#[336]">&gt;&gt;</a>&nbsp;&nbsp;&nbsp;sensorsInterruptInit
</UL>

<P><STRONG><a name="[153]"></a>GPIO_PinAFConfig</STRONG> (Thumb, 70 bytes, Stack size 20 bytes, stm32f4xx_gpio.o(i.GPIO_PinAFConfig))
<BR><BR>[Stack]<UL><LI>Max Depth = 20<LI>Call Chain = GPIO_PinAFConfig
</UL>
<BR>[Called By]<UL><LI><a href="#[29d]">&gt;&gt;</a>&nbsp;&nbsp;&nbsp;motorsInit
<LI><a href="#[27d]">&gt;&gt;</a>&nbsp;&nbsp;&nbsp;i2cdrvInitBus
<LI><a href="#[2c9]">&gt;&gt;</a>&nbsp;&nbsp;&nbsp;spi2Init
<LI><a href="#[28e]">&gt;&gt;</a>&nbsp;&nbsp;&nbsp;ws2812Init
<LI><a href="#[34c]">&gt;&gt;</a>&nbsp;&nbsp;&nbsp;uart1Init
<LI><a href="#[31d]">&gt;&gt;</a>&nbsp;&nbsp;&nbsp;uartslkInit
<LI><a href="#[13b]">&gt;&gt;</a>&nbsp;&nbsp;&nbsp;USB_OTG_BSP_Init
</UL>

<P><STRONG><a name="[262]"></a>GPIO_ReadInputDataBit</STRONG> (Thumb, 18 bytes, Stack size 0 bytes, stm32f4xx_gpio.o(i.GPIO_ReadInputDataBit))
<BR><BR>[Called By]<UL><LI><a href="#[280]">&gt;&gt;</a>&nbsp;&nbsp;&nbsp;i2cdrvdevUnlockBus
<LI><a href="#[247]">&gt;&gt;</a>&nbsp;&nbsp;&nbsp;getModuleDriverID
<LI><a href="#[e5]">&gt;&gt;</a>&nbsp;&nbsp;&nbsp;uartslkTxenFlowctrlIsr
</UL>

<P><STRONG><a name="[286]"></a>GPIO_ResetBits</STRONG> (Thumb, 4 bytes, Stack size 0 bytes, stm32f4xx_gpio.o(i.GPIO_ResetBits))
<BR><BR>[Called By]<UL><LI><a href="#[ab]">&gt;&gt;</a>&nbsp;&nbsp;&nbsp;ledSet
<LI><a href="#[280]">&gt;&gt;</a>&nbsp;&nbsp;&nbsp;i2cdrvdevUnlockBus
<LI><a href="#[291]">&gt;&gt;</a>&nbsp;&nbsp;&nbsp;ws2812PowerControl
<LI><a href="#[290]">&gt;&gt;</a>&nbsp;&nbsp;&nbsp;setHeadlightsOn
</UL>

<P><STRONG><a name="[284]"></a>GPIO_SetBits</STRONG> (Thumb, 4 bytes, Stack size 0 bytes, stm32f4xx_gpio.o(i.GPIO_SetBits))
<BR><BR>[Called By]<UL><LI><a href="#[ab]">&gt;&gt;</a>&nbsp;&nbsp;&nbsp;ledSet
<LI><a href="#[280]">&gt;&gt;</a>&nbsp;&nbsp;&nbsp;i2cdrvdevUnlockBus
<LI><a href="#[366]">&gt;&gt;</a>&nbsp;&nbsp;&nbsp;vl53IICInit
<LI><a href="#[291]">&gt;&gt;</a>&nbsp;&nbsp;&nbsp;ws2812PowerControl
<LI><a href="#[28e]">&gt;&gt;</a>&nbsp;&nbsp;&nbsp;ws2812Init
<LI><a href="#[290]">&gt;&gt;</a>&nbsp;&nbsp;&nbsp;setHeadlightsOn
</UL>

<P><STRONG><a name="[27f]"></a>GPIO_StructInit</STRONG> (Thumb, 18 bytes, Stack size 0 bytes, stm32f4xx_gpio.o(i.GPIO_StructInit))
<BR><BR>[Called By]<UL><LI><a href="#[27d]">&gt;&gt;</a>&nbsp;&nbsp;&nbsp;i2cdrvInitBus
</UL>

<P><STRONG><a name="[55]"></a>I2C1_ER_IRQHandler</STRONG> (Thumb, 10 bytes, Stack size 8 bytes, i2c_drv.o(i.I2C1_ER_IRQHandler))
<BR><BR>[Stack]<UL><LI>Max Depth = 136<LI>Call Chain = I2C1_ER_IRQHandler &rArr; i2cdrvErrorIsrHandler &rArr; i2cNotifyClient &rArr; xQueueGiveFromISR &rArr; prvNotifyQueueSetContainer &rArr; prvCopyDataToQueue &rArr; xTaskPriorityDisinherit
</UL>
<BR>[Calls]<UL><LI><a href="#[fd]">&gt;&gt;</a>&nbsp;&nbsp;&nbsp;i2cdrvErrorIsrHandler
</UL>
<BR>[Address Reference Count : 1]<UL><LI> startup_stm32f411xe.o(RESET)
</UL>
<P><STRONG><a name="[54]"></a>I2C1_EV_IRQHandler</STRONG> (Thumb, 10 bytes, Stack size 8 bytes, i2c_drv.o(i.I2C1_EV_IRQHandler))
<BR><BR>[Stack]<UL><LI>Max Depth = 144<LI>Call Chain = I2C1_EV_IRQHandler &rArr; i2cdrvEventIsrHandler &rArr; i2cNotifyClient &rArr; xQueueGiveFromISR &rArr; prvNotifyQueueSetContainer &rArr; prvCopyDataToQueue &rArr; xTaskPriorityDisinherit
</UL>
<BR>[Calls]<UL><LI><a href="#[fe]">&gt;&gt;</a>&nbsp;&nbsp;&nbsp;i2cdrvEventIsrHandler
</UL>
<BR>[Address Reference Count : 1]<UL><LI> startup_stm32f411xe.o(RESET)
</UL>
<P><STRONG><a name="[6e]"></a>I2C3_ER_IRQHandler</STRONG> (Thumb, 10 bytes, Stack size 8 bytes, i2c_drv.o(i.I2C3_ER_IRQHandler))
<BR><BR>[Stack]<UL><LI>Max Depth = 136<LI>Call Chain = I2C3_ER_IRQHandler &rArr; i2cdrvErrorIsrHandler &rArr; i2cNotifyClient &rArr; xQueueGiveFromISR &rArr; prvNotifyQueueSetContainer &rArr; prvCopyDataToQueue &rArr; xTaskPriorityDisinherit
</UL>
<BR>[Calls]<UL><LI><a href="#[fd]">&gt;&gt;</a>&nbsp;&nbsp;&nbsp;i2cdrvErrorIsrHandler
</UL>
<BR>[Address Reference Count : 1]<UL><LI> startup_stm32f411xe.o(RESET)
</UL>
<P><STRONG><a name="[6d]"></a>I2C3_EV_IRQHandler</STRONG> (Thumb, 10 bytes, Stack size 8 bytes, i2c_drv.o(i.I2C3_EV_IRQHandler))
<BR><BR>[Stack]<UL><LI>Max Depth = 144<LI>Call Chain = I2C3_EV_IRQHandler &rArr; i2cdrvEventIsrHandler &rArr; i2cNotifyClient &rArr; xQueueGiveFromISR &rArr; prvNotifyQueueSetContainer &rArr; prvCopyDataToQueue &rArr; xTaskPriorityDisinherit
</UL>
<BR>[Calls]<UL><LI><a href="#[fe]">&gt;&gt;</a>&nbsp;&nbsp;&nbsp;i2cdrvEventIsrHandler
</UL>
<BR>[Address Reference Count : 1]<UL><LI> startup_stm32f411xe.o(RESET)
</UL>
<P><STRONG><a name="[27a]"></a>I2C_AcknowledgeConfig</STRONG> (Thumb, 24 bytes, Stack size 0 bytes, stm32f4xx_i2c.o(i.I2C_AcknowledgeConfig))
<BR><BR>[Called By]<UL><LI><a href="#[fe]">&gt;&gt;</a>&nbsp;&nbsp;&nbsp;i2cdrvEventIsrHandler
</UL>

<P><STRONG><a name="[278]"></a>I2C_ClearFlag</STRONG> (Thumb, 12 bytes, Stack size 0 bytes, stm32f4xx_i2c.o(i.I2C_ClearFlag))
<BR><BR>[Called By]<UL><LI><a href="#[fd]">&gt;&gt;</a>&nbsp;&nbsp;&nbsp;i2cdrvErrorIsrHandler
</UL>

<P><STRONG><a name="[273]"></a>I2C_DMACmd</STRONG> (Thumb, 24 bytes, Stack size 0 bytes, stm32f4xx_i2c.o(i.I2C_DMACmd))
<BR><BR>[Called By]<UL><LI><a href="#[fe]">&gt;&gt;</a>&nbsp;&nbsp;&nbsp;i2cdrvEventIsrHandler
<LI><a href="#[272]">&gt;&gt;</a>&nbsp;&nbsp;&nbsp;i2cdrvClearDMA
</UL>

<P><STRONG><a name="[274]"></a>I2C_DMALastTransferCmd</STRONG> (Thumb, 24 bytes, Stack size 0 bytes, stm32f4xx_i2c.o(i.I2C_DMALastTransferCmd))
<BR><BR>[Called By]<UL><LI><a href="#[fe]">&gt;&gt;</a>&nbsp;&nbsp;&nbsp;i2cdrvEventIsrHandler
<LI><a href="#[272]">&gt;&gt;</a>&nbsp;&nbsp;&nbsp;i2cdrvClearDMA
</UL>

<P><STRONG><a name="[ff]"></a>I2C_DeInit</STRONG> (Thumb, 82 bytes, Stack size 8 bytes, stm32f4xx_i2c.o(i.I2C_DeInit))
<BR><BR>[Stack]<UL><LI>Max Depth = 8<LI>Call Chain = I2C_DeInit
</UL>
<BR>[Calls]<UL><LI><a href="#[100]">&gt;&gt;</a>&nbsp;&nbsp;&nbsp;RCC_APB1PeriphResetCmd
</UL>
<BR>[Called By]<UL><LI><a href="#[27d]">&gt;&gt;</a>&nbsp;&nbsp;&nbsp;i2cdrvInitBus
</UL>

<P><STRONG><a name="[277]"></a>I2C_GetFlagStatus</STRONG> (Thumb, 58 bytes, Stack size 12 bytes, stm32f4xx_i2c.o(i.I2C_GetFlagStatus))
<BR><BR>[Stack]<UL><LI>Max Depth = 12<LI>Call Chain = I2C_GetFlagStatus
</UL>
<BR>[Called By]<UL><LI><a href="#[fd]">&gt;&gt;</a>&nbsp;&nbsp;&nbsp;i2cdrvErrorIsrHandler
</UL>

<P><STRONG><a name="[269]"></a>I2C_ITConfig</STRONG> (Thumb, 18 bytes, Stack size 0 bytes, stm32f4xx_i2c.o(i.I2C_ITConfig))
<BR><BR>[Called By]<UL><LI><a href="#[282]">&gt;&gt;</a>&nbsp;&nbsp;&nbsp;i2cdrvStartTransfer
<LI><a href="#[27d]">&gt;&gt;</a>&nbsp;&nbsp;&nbsp;i2cdrvInitBus
<LI><a href="#[fe]">&gt;&gt;</a>&nbsp;&nbsp;&nbsp;i2cdrvEventIsrHandler
<LI><a href="#[268]">&gt;&gt;</a>&nbsp;&nbsp;&nbsp;i2cTryNextMessage
</UL>

<P><STRONG><a name="[101]"></a>I2C_Init</STRONG> (Thumb, 218 bytes, Stack size 48 bytes, stm32f4xx_i2c.o(i.I2C_Init))
[...]
<BR>[Calls]<UL><LI><a href="#[204]">&gt;&gt;</a>&nbsp;&nbsp;&nbsp;atkpSendPacket
</UL>
<BR>[Called By]<UL><LI><a href="#[208]">&gt;&gt;</a>&nbsp;&nbsp;&nbsp;atkpSendPeriod
</UL>

<P><STRONG><a name="[211]"></a>sendRCData</STRONG> (Thumb, 308 bytes, Stack size 56 bytes, atkp.o(i.sendRCData))
<BR><BR>[Stack]<UL><LI>Max Depth = 216<LI>Call Chain = sendRCData &rArr; atkpSendPacket &rArr; usblinkSendPacket &rArr; xQueueGenericSend &rArr; prvUnlockQueue &rArr; prvNotifyQueueSetContainer &rArr; prvCopyDataToQueue &rArr; xTaskPriorityDisinherit
</UL>
<BR>[Calls]<UL><LI><a href="#[204]">&gt;&gt;</a>&nbsp;&nbsp;&nbsp;atkpSendPacket
</UL>
<BR>[Called By]<UL><LI><a href="#[208]">&gt;&gt;</a>&nbsp;&nbsp;&nbsp;atkpSendPeriod
</UL>

<P><STRONG><a name="[20d]"></a>sendSenser</STRONG> (Thumb, 362 bytes, Stack size 72 bytes, atkp.o(i.sendSenser))
<BR><BR>[Stack]<UL><LI>Max Depth = 232<LI>Call Chain = sendSenser &rArr; atkpSendPacket &rArr; usblinkSendPacket &rArr; xQueueGenericSend &rArr; prvUnlockQueue &rArr; prvNotifyQueueSetContainer &rArr; prvCopyDataToQueue &rArr; xTaskPriorityDisinherit
</UL>
<BR>[Calls]<UL><LI><a href="#[204]">&gt;&gt;</a>&nbsp;&nbsp;&nbsp;atkpSendPacket
</UL>
<BR>[Called By]<UL><LI><a href="#[208]">&gt;&gt;</a>&nbsp;&nbsp;&nbsp;atkpSendPeriod
</UL>

<P><STRONG><a name="[216]"></a>sendSenser2</STRONG> (Thumb, 90 bytes, Stack size 48 bytes, atkp.o(i.sendSenser2))
<BR><BR>[Stack]<UL><LI>Max Depth = 208<LI>Call Chain = sendSenser2 &rArr; atkpSendPacket &rArr; usblinkSendPacket &rArr; xQueueGenericSend &rArr; prvUnlockQueue &rArr; prvNotifyQueueSetContainer &rArr; prvCopyDataToQueue &rArr; xTaskPriorityDisinherit
</UL>
<BR>[Calls]<UL><LI><a href="#[204]">&gt;&gt;</a>&nbsp;&nbsp;&nbsp;atkpSendPacket
</UL>
<BR>[Called By]<UL><LI><a href="#[208]">&gt;&gt;</a>&nbsp;&nbsp;&nbsp;atkpSendPeriod
</UL>

<P><STRONG><a name="[20b]"></a>sendStatus</STRONG> (Thumb, 268 bytes, Stack size 80 bytes, atkp.o(i.sendStatus))
<BR><BR>[Stack]<UL><LI>Max Depth = 240<LI>Call Chain = sendStatus &rArr; atkpSendPacket &rArr; usblinkSendPacket &rArr; xQueueGenericSend &rArr; prvUnlockQueue &rArr; prvNotifyQueueSetContainer &rArr; prvCopyDataToQueue &rArr; xTaskPriorityDisinherit
</UL>
<BR>[Calls]<UL><LI><a href="#[204]">&gt;&gt;</a>&nbsp;&nbsp;&nbsp;atkpSendPacket
</UL>
<BR>[Called By]<UL><LI><a href="#[208]">&gt;&gt;</a>&nbsp;&nbsp;&nbsp;atkpSendPeriod
</UL>

<P><STRONG><a name="[20f]"></a>sendUserData</STRONG> (Thumb, 332 bytes, Stack size 72 bytes, atkp.o(i.sendUserData))
<BR><BR>[Stack]<UL><LI>Max Depth = 232<LI>Call Chain = sendUserData &rArr; atkpSendPacket &rArr; usblinkSendPacket &rArr; xQueueGenericSend &rArr; prvUnlockQueue &rArr; prvNotifyQueueSetContainer &rArr; prvCopyDataToQueue &rArr; xTaskPriorityDisinherit
</UL>
<BR>[Calls]<UL><LI><a href="#[204]">&gt;&gt;</a>&nbsp;&nbsp;&nbsp;atkpSendPacket
</UL>
<BR>[Called By]<UL><LI><a href="#[208]">&gt;&gt;</a>&nbsp;&nbsp;&nbsp;atkpSendPeriod
</UL>

<P><STRONG><a name="[22f]"></a>commanderDropToGround</STRONG> (Thumb, 48 bytes, Stack size 8 bytes, commander.o(i.commanderDropToGround))
<BR><BR>[Stack]<UL><LI>Max Depth = 8<LI>Call Chain = commanderDropToGround
</UL>
<BR>[Calls]<UL><LI><a href="#[230]">&gt;&gt;</a>&nbsp;&nbsp;&nbsp;commanderLevelRPY
</UL>
<BR>[Called By]<UL><LI><a href="#[232]">&gt;&gt;</a>&nbsp;&nbsp;&nbsp;ctrlDataUpdate
</UL>

<P><STRONG><a name="[230]"></a>commanderLevelRPY</STRONG> (Thumb, 34 bytes, Stack size 0 bytes, commander.o(i.commanderLevelRPY))
<BR><BR>[Called By]<UL><LI><a href="#[232]">&gt;&gt;</a>&nbsp;&nbsp;&nbsp;ctrlDataUpdate
<LI><a href="#[22f]">&gt;&gt;</a>&nbsp;&nbsp;&nbsp;commanderDropToGround
</UL>

<P><STRONG><a name="[232]"></a>ctrlDataUpdate</STRONG> (Thumb, 418 bytes, Stack size 32 bytes, commander.o(i.ctrlDataUpdate))
<BR><BR>[Stack]<UL><LI>Max Depth = 40<LI>Call Chain = ctrlDataUpdate &rArr; getSysTickCnt
</UL>
<BR>[Calls]<UL><LI><a href="#[241]">&gt;&gt;</a>&nbsp;&nbsp;&nbsp;getSysTickCnt
<LI><a href="#[230]">&gt;&gt;</a>&nbsp;&nbsp;&nbsp;commanderLevelRPY
<LI><a href="#[22f]">&gt;&gt;</a>&nbsp;&nbsp;&nbsp;commanderDropToGround
<LI><a href="#[242]">&gt;&gt;</a>&nbsp;&nbsp;&nbsp;__aeabi_memcpy
</UL>
<BR>[Called By]<UL><LI><a href="#[231]">&gt;&gt;</a>&nbsp;&nbsp;&nbsp;commanderGetSetpoint
</UL>

<P><STRONG><a name="[237]"></a>rotateYawCarefree</STRONG> (Thumb, 168 bytes, Stack size 32 bytes, commander.o(i.rotateYawCarefree))
<BR><BR>[Stack]<UL><LI>Max Depth = 68<LI>Call Chain = rotateYawCarefree &rArr; __hardfp_sinf &rArr; __mathlib_rredf2
</UL>
<BR>[Calls]<UL><LI><a href="#[1dd]">&gt;&gt;</a>&nbsp;&nbsp;&nbsp;__hardfp_sinf
<LI><a href="#[1d9]">&gt;&gt;</a>&nbsp;&nbsp;&nbsp;__hardfp_cosf
</UL>
<BR>[Called By]<UL><LI><a href="#[231]">&gt;&gt;</a>&nbsp;&nbsp;&nbsp;commanderGetSetpoint
</UL>

<P><STRONG><a name="[293]"></a>getPrio</STRONG> (Thumb, 32 bytes, Stack size 0 bytes, ledseq.o(i.getPrio))
<BR><BR>[Called By]<UL><LI><a href="#[295]">&gt;&gt;</a>&nbsp;&nbsp;&nbsp;ledseqStop
<LI><a href="#[1f4]">&gt;&gt;</a>&nbsp;&nbsp;&nbsp;ledseqRun
</UL>

<P><STRONG><a name="[78]"></a>runLedseq</STRONG> (Thumb, 256 bytes, Stack size 32 bytes, ledseq.o(i.runLedseq))
<BR><BR>[Stack]<UL><LI>Max Depth = 216<LI>Call Chain = runLedseq &rArr; xTimerGenericCommand &rArr; xQueueGenericSend &rArr; prvUnlockQueue &rArr; prvNotifyQueueSetContainer &rArr; prvCopyDataToQueue &rArr; xTaskPriorityDisinherit
</UL>
<BR>[Calls]<UL><LI><a href="#[203]">&gt;&gt;</a>&nbsp;&nbsp;&nbsp;xQueueGenericSend
<LI><a href="#[1f5]">&gt;&gt;</a>&nbsp;&nbsp;&nbsp;xQueueGenericReceive
<LI><a href="#[ab]">&gt;&gt;</a>&nbsp;&nbsp;&nbsp;ledSet
<LI><a href="#[25a]">&gt;&gt;</a>&nbsp;&nbsp;&nbsp;xTimerGenericCommand
<LI><a href="#[259]">&gt;&gt;</a>&nbsp;&nbsp;&nbsp;xTaskGetTickCount
<LI><a href="#[31b]">&gt;&gt;</a>&nbsp;&nbsp;&nbsp;pvTimerGetTimerID
<LI><a href="#[294]">&gt;&gt;</a>&nbsp;&nbsp;&nbsp;updateActive
</UL>
<BR>[Called By]<UL><LI><a href="#[295]">&gt;&gt;</a>&nbsp;&nbsp;&nbsp;ledseqStop
<LI><a href="#[1f4]">&gt;&gt;</a>&nbsp;&nbsp;&nbsp;ledseqRun
</UL>
<BR>[Address Reference Count : 1]<UL><LI> ledseq.o(i.ledseqInit)
</UL>
<P><STRONG><a name="[294]"></a>updateActive</STRONG> (Thumb, 62 bytes, Stack size 16 bytes, ledseq.o(i.updateActive))
<BR><BR>[Stack]<UL><LI>Max Depth = 32<LI>Call Chain = updateActive &rArr; ledSet
</UL>
<BR>[Calls]<UL><LI><a href="#[ab]">&gt;&gt;</a>&nbsp;&nbsp;&nbsp;ledSet
</UL>
<BR>[Called By]<UL><LI><a href="#[295]">&gt;&gt;</a>&nbsp;&nbsp;&nbsp;ledseqStop
<LI><a href="#[1f4]">&gt;&gt;</a>&nbsp;&nbsp;&nbsp;ledseqRun
<LI><a href="#[78]">&gt;&gt;</a>&nbsp;&nbsp;&nbsp;runLedseq
</UL>

<P><STRONG><a name="[2d1]"></a>pmSetBatteryVoltage</STRONG> (Thumb, 48 bytes, Stack size 0 bytes, pm.o(i.pmSetBatteryVoltage))
<BR><BR>[Called By]<UL><LI><a href="#[2d0]">&gt;&gt;</a>&nbsp;&nbsp;&nbsp;pmInit
<LI><a href="#[1fc]">&gt;&gt;</a>&nbsp;&nbsp;&nbsp;pmSyslinkUpdate
</UL>

<P><STRONG><a name="[1f2]"></a>atkpPacketDispatch</STRONG> (Thumb, 76 bytes, Stack size 8 bytes, radiolink.o(i.atkpPacketDispatch))
<BR><BR>[Stack]<UL><LI>Max Depth = 240<LI>Call Chain = atkpPacketDispatch &rArr; ledseqRun &rArr; runLedseq &rArr; xTimerGenericCommand &rArr; xQueueGenericSend &rArr; prvUnlockQueue &rArr; prvNotifyQueueSetContainer &rArr; prvCopyDataToQueue &rArr; xTaskPriorityDisinherit
</UL>
<BR>[Calls]<UL><LI><a href="#[1f5]">&gt;&gt;</a>&nbsp;&nbsp;&nbsp;xQueueGenericReceive
<LI><a href="#[1ef]">&gt;&gt;</a>&nbsp;&nbsp;&nbsp;assertFail
<LI><a href="#[1f6]">&gt;&gt;</a>&nbsp;&nbsp;&nbsp;uartSendPacket
<LI><a href="#[1f4]">&gt;&gt;</a>&nbsp;&nbsp;&nbsp;ledseqRun
<LI><a href="#[1f3]">&gt;&gt;</a>&nbsp;&nbsp;&nbsp;atkpReceivePacketBlocking
</UL>
<BR>[Called By]<UL><LI><a href="#[7c]">&gt;&gt;</a>&nbsp;&nbsp;&nbsp;radiolinkTask
</UL>

<P><STRONG><a name="[1f6]"></a>uartSendPacket</STRONG> (Thumb, 96 bytes, Stack size 56 bytes, radiolink.o(i.uartSendPacket))
<BR><BR>[Stack]<UL><LI>Max Depth = 216<LI>Call Chain = uartSendPacket &rArr; uartslkSendDataDmaBlocking &rArr; xQueueGenericSend &rArr; prvUnlockQueue &rArr; prvNotifyQueueSetContainer &rArr; prvCopyDataToQueue &rArr; xTaskPriorityDisinherit
</UL>
<BR>[Calls]<UL><LI><a href="#[1ef]">&gt;&gt;</a>&nbsp;&nbsp;&nbsp;assertFail
<LI><a href="#[350]">&gt;&gt;</a>&nbsp;&nbsp;&nbsp;uartslkSendDataDmaBlocking
<LI><a href="#[242]">&gt;&gt;</a>&nbsp;&nbsp;&nbsp;__aeabi_memcpy
</UL>
<BR>[Called By]<UL><LI><a href="#[1f2]">&gt;&gt;</a>&nbsp;&nbsp;&nbsp;atkpPacketDispatch
</UL>

<P><STRONG><a name="[1e8]"></a>detecFreeFall</STRONG> (Thumb, 158 bytes, Stack size 32 bytes, anomal_detec.o(i.detecFreeFall))
<BR><BR>[Stack]<UL><LI>Max Depth = 40<LI>Call Chain = detecFreeFall &rArr; __hardfp_fabs
</UL>
<BR>[Calls]<UL><LI><a href="#[21a]">&gt;&gt;</a>&nbsp;&nbsp;&nbsp;__aeabi_f2d
<LI><a href="#[21b]">&gt;&gt;</a>&nbsp;&nbsp;&nbsp;__aeabi_cdcmple
<LI><a href="#[246]">&gt;&gt;</a>&nbsp;&nbsp;&nbsp;__hardfp_fabs
</UL>
<BR>[Called By]<UL><LI><a href="#[1e5]">&gt;&gt;</a>&nbsp;&nbsp;&nbsp;anomalDetec
</UL>

<P><STRONG><a name="[1eb]"></a>detecTumbled</STRONG> (Thumb, 180 bytes, Stack size 40 bytes, anomal_detec.o(i.detecTumbled))
<BR><BR>[Stack]<UL><LI>Max Depth = 48<LI>Call Chain = detecTumbled &rArr; __aeabi_d2f
</UL>
<BR>[Calls]<UL><LI><a href="#[21a]">&gt;&gt;</a>&nbsp;&nbsp;&nbsp;__aeabi_f2d
<LI><a href="#[a5]">&gt;&gt;</a>&nbsp;&nbsp;&nbsp;__aeabi_d2f
<LI><a href="#[246]">&gt;&gt;</a>&nbsp;&nbsp;&nbsp;__hardfp_fabs
</UL>
<BR>[Called By]<UL><LI><a href="#[1e5]">&gt;&gt;</a>&nbsp;&nbsp;&nbsp;anomalDetec
</UL>

<P><STRONG><a name="[222]"></a>pidOutLimit</STRONG> (Thumb, 50 bytes, Stack size 0 bytes, attitude_pid.o(i.pidOutLimit))
<BR><BR>[Called By]<UL><LI><a href="#[221]">&gt;&gt;</a>&nbsp;&nbsp;&nbsp;attitudeRatePID
</UL>

<P><STRONG><a name="[2d6]"></a>velocityController</STRONG> (Thumb, 384 bytes, Stack size 48 bytes, position_pid.o(i.velocityController))
<BR><BR>[Stack]<UL><LI>Max Depth = 56<LI>Call Chain = velocityController &rArr; __hardfp_fabs
</UL>
<BR>[Calls]<UL><LI><a href="#[21a]">&gt;&gt;</a>&nbsp;&nbsp;&nbsp;__aeabi_f2d
<LI><a href="#[21b]">&gt;&gt;</a>&nbsp;&nbsp;&nbsp;__aeabi_cdcmple
<LI><a href="#[235]">&gt;&gt;</a>&nbsp;&nbsp;&nbsp;constrainf
<LI><a href="#[219]">&gt;&gt;</a>&nbsp;&nbsp;&nbsp;pidUpdate
<LI><a href="#[2da]">&gt;&gt;</a>&nbsp;&nbsp;&nbsp;getCommanderKeyland
<LI><a href="#[1e6]">&gt;&gt;</a>&nbsp;&nbsp;&nbsp;getCommanderKeyFlight
<LI><a href="#[1e1]">&gt;&gt;</a>&nbsp;&nbsp;&nbsp;__aeabi_cdrcmple
<LI><a href="#[246]">&gt;&gt;</a>&nbsp;&nbsp;&nbsp;__hardfp_fabs
</UL>
<BR>[Called By]<UL><LI><a href="#[2d5]">&gt;&gt;</a>&nbsp;&nbsp;&nbsp;positionController
</UL>

<P><STRONG><a name="[229]"></a>calBaseAcc</STRONG> (Thumb, 270 bytes, Stack size 8 bytes, sensfusion6.o(i.calBaseAcc))
<BR><BR>[Stack]<UL><LI>Max Depth = 240<LI>Call Chain = calBaseAcc &rArr; ledseqRun &rArr; runLedseq &rArr; xTimerGenericCommand &rArr; xQueueGenericSend &rArr; prvUnlockQueue &rArr; prvNotifyQueueSetContainer &rArr; prvCopyDataToQueue &rArr; xTaskPriorityDisinherit
</UL>
<BR>[Calls]<UL><LI><a href="#[1f4]">&gt;&gt;</a>&nbsp;&nbsp;&nbsp;ledseqRun
</UL>
<BR>[Called By]<UL><LI><a href="#[288]">&gt;&gt;</a>&nbsp;&nbsp;&nbsp;imuUpdate
</UL>

<P><STRONG><a name="[289]"></a>invSqrt</STRONG> (Thumb, 56 bytes, Stack size 0 bytes, sensfusion6.o(i.invSqrt))
<BR><BR>[Called By]<UL><LI><a href="#[288]">&gt;&gt;</a>&nbsp;&nbsp;&nbsp;imuUpdate
</UL>

<P><STRONG><a name="[1ed]"></a>applyAxis3fLpf</STRONG> (Thumb, 52 bytes, Stack size 16 bytes, sensors.o(i.applyAxis3fLpf))
<BR><BR>[Stack]<UL><LI>Max Depth = 16<LI>Call Chain = applyAxis3fLpf
</UL>
<BR>[Calls]<UL><LI><a href="#[1ee]">&gt;&gt;</a>&nbsp;&nbsp;&nbsp;lpf2pApply
</UL>
<BR>[Called By]<UL><LI><a href="#[2e5]">&gt;&gt;</a>&nbsp;&nbsp;&nbsp;processAccGyroMeasurements
</UL>

<P><STRONG><a name="[2e7]"></a>processAccScale</STRONG> (Thumb, 194 bytes, Stack size 24 bytes, sensors.o(i.processAccScale))
<BR><BR>[Stack]<UL><LI>Max Depth = 40<LI>Call Chain = processAccScale &rArr; __hardfp_sqrtf
</UL>
<BR>[Calls]<UL><LI><a href="#[1de]">&gt;&gt;</a>&nbsp;&nbsp;&nbsp;__hardfp_sqrtf
<LI><a href="#[110]">&gt;&gt;</a>&nbsp;&nbsp;&nbsp;__hardfp_powf
</UL>
<BR>[Called By]<UL><LI><a href="#[2e5]">&gt;&gt;</a>&nbsp;&nbsp;&nbsp;processAccGyroMeasurements
</UL>

<P><STRONG><a name="[2e6]"></a>processGyroBias</STRONG> (Thumb, 68 bytes, Stack size 24 bytes, sensors.o(i.processGyroBias))
<BR><BR>[Stack]<UL><LI>Max Depth = 216<LI>Call Chain = processGyroBias &rArr; sensorsFindBiasValue &rArr; sensorsCalculateVarianceAndMean &rArr; __aeabi_ldivmod &rArr; __aeabi_uldivmod
</UL>
<BR>[Calls]<UL><LI><a href="#[2ed]">&gt;&gt;</a>&nbsp;&nbsp;&nbsp;sensorsFindBiasValue
<LI><a href="#[2ec]">&gt;&gt;</a>&nbsp;&nbsp;&nbsp;sensorsAddBiasValue
</UL>
<BR>[Called By]<UL><LI><a href="#[2e5]">&gt;&gt;</a>&nbsp;&nbsp;&nbsp;processAccGyroMeasurements
</UL>

<P><STRONG><a name="[2ec]"></a>sensorsAddBiasValue</STRONG> (Thumb, 46 bytes, Stack size 12 bytes, sensors.o(i.sensorsAddBiasValue))
<BR><BR>[Stack]<UL><LI>Max Depth = 12<LI>Call Chain = sensorsAddBiasValue
</UL>
<BR>[Called By]<UL><LI><a href="#[2e6]">&gt;&gt;</a>&nbsp;&nbsp;&nbsp;processGyroBias
</UL>

<P><STRONG><a name="[335]"></a>sensorsBiasObjInit</STRONG> (Thumb, 12 bytes, Stack size 0 bytes, sensors.o(i.sensorsBiasObjInit))
<BR><BR>[Called By]<UL><LI><a href="#[334]">&gt;&gt;</a>&nbsp;&nbsp;&nbsp;sensorsInit
</UL>

<P><STRONG><a name="[330]"></a>sensorsCalculateVarianceAndMean</STRONG> (Thumb, 452 bytes, Stack size 88 bytes, sensors.o(i.sensorsCalculateVarianceAndMean))
<BR><BR>[Stack]<UL><LI>Max Depth = 152<LI>Call Chain = sensorsCalculateVarianceAndMean &rArr; __aeabi_ldivmod &rArr; __aeabi_uldivmod
</UL>
<BR>[Calls]<UL><LI><a href="#[9f]">&gt;&gt;</a>&nbsp;&nbsp;&nbsp;__aeabi_l2f
<LI><a href="#[331]">&gt;&gt;</a>&nbsp;&nbsp;&nbsp;__aeabi_memclr4
<LI><a href="#[91]">&gt;&gt;</a>&nbsp;&nbsp;&nbsp;__aeabi_ldivmod
</UL>
<BR>[Called By]<UL><LI><a href="#[2ed]">&gt;&gt;</a>&nbsp;&nbsp;&nbsp;sensorsFindBiasValue
</UL>

<P><STRONG><a name="[2ed]"></a>sensorsFindBiasValue</STRONG> (Thumb, 122 bytes, Stack size 40 bytes, sensors.o(i.sensorsFindBiasValue))
<BR><BR>[Stack]<UL><LI>Max Depth = 192<LI>Call Chain = sensorsFindBiasValue &rArr; sensorsCalculateVarianceAndMean &rArr; __aeabi_ldivmod &rArr; __aeabi_uldivmod
</UL>
<BR>[Calls]<UL><LI><a href="#[330]">&gt;&gt;</a>&nbsp;&nbsp;&nbsp;sensorsCalculateVarianceAndMean
</UL>
<BR>[Called By]<UL><LI><a href="#[2e6]">&gt;&gt;</a>&nbsp;&nbsp;&nbsp;processGyroBias
</UL>

<P><STRONG><a name="[336]"></a>sensorsInterruptInit</STRONG> (Thumb, 96 bytes, Stack size 24 bytes, sensors.o(i.sensorsInterruptInit))
<BR><BR>[Stack]<UL><LI>Max Depth = 44<LI>Call Chain = sensorsInterruptInit &rArr; GPIO_Init
</UL>
<BR>[Calls]<UL><LI><a href="#[152]">&gt;&gt;</a>&nbsp;&nbsp;&nbsp;GPIO_Init
<LI><a href="#[e6]">&gt;&gt;</a>&nbsp;&nbsp;&nbsp;EXTI_ClearITPendingBit
<LI><a href="#[338]">&gt;&gt;</a>&nbsp;&nbsp;&nbsp;EXTI_Init
<LI><a href="#[337]">&gt;&gt;</a>&nbsp;&nbsp;&nbsp;SYSCFG_EXTILineConfig
</UL>
<BR>[Called By]<UL><LI><a href="#[334]">&gt;&gt;</a>&nbsp;&nbsp;&nbsp;sensorsInit
</UL>

<P><STRONG><a name="[339]"></a>sensorsSetupSlaveRead</STRONG> (Thumb, 256 bytes, Stack size 8 bytes, sensors.o(i.sensorsSetupSlaveRead))
<BR><BR>[Stack]<UL><LI>Max Depth = 408<LI>Call Chain = sensorsSetupSlaveRead &rArr; mpu6500SetSlaveDataLength &rArr; i2cdevWriteBits &rArr; i2cdevWriteByte &rArr; i2cdevWrite &rArr; i2cdrvMessageTransfer &rArr; i2cdrvTryToRestartBus &rArr; i2cdrvInitBus &rArr; xQueueCreateMutex &rArr; prvInitialiseMutex &rArr; xQueueGenericSend &rArr; prvUnlockQueue &rArr; prvNotifyQueueSetContainer &rArr; prvCopyDataToQueue &rArr; xTaskPriorityDisinherit
</UL>
<BR>[Calls]<UL><LI><a href="#[2c6]">&gt;&gt;</a>&nbsp;&nbsp;&nbsp;mpu6500SetWaitForExternalSensorEnabled
<LI><a href="#[2c3]">&gt;&gt;</a>&nbsp;&nbsp;&nbsp;mpu6500SetSlaveRegister
<LI><a href="#[2c2]">&gt;&gt;</a>&nbsp;&nbsp;&nbsp;mpu6500SetSlaveReadWriteTransitionEnabled
<LI><a href="#[2c1]">&gt;&gt;</a>&nbsp;&nbsp;&nbsp;mpu6500SetSlaveEnabled
<LI><a href="#[2c0]">&gt;&gt;</a>&nbsp;&nbsp;&nbsp;mpu6500SetSlaveDelayEnabled
<LI><a href="#[2bf]">&gt;&gt;</a>&nbsp;&nbsp;&nbsp;mpu6500SetSlaveDataLength
<LI><a href="#[2be]">&gt;&gt;</a>&nbsp;&nbsp;&nbsp;mpu6500SetSlaveAddress
<LI><a href="#[2bd]">&gt;&gt;</a>&nbsp;&nbsp;&nbsp;mpu6500SetSlave4MasterDelay
<LI><a href="#[2bb]">&gt;&gt;</a>&nbsp;&nbsp;&nbsp;mpu6500SetMasterClockSpeed
<LI><a href="#[2ba]">&gt;&gt;</a>&nbsp;&nbsp;&nbsp;mpu6500SetInterruptMode
<LI><a href="#[2b9]">&gt;&gt;</a>&nbsp;&nbsp;&nbsp;mpu6500SetInterruptLatchClear
<LI><a href="#[2b8]">&gt;&gt;</a>&nbsp;&nbsp;&nbsp;mpu6500SetInterruptLatch
<LI><a href="#[2b7]">&gt;&gt;</a>&nbsp;&nbsp;&nbsp;mpu6500SetInterruptDrive
<LI><a href="#[2b5]">&gt;&gt;</a>&nbsp;&nbsp;&nbsp;mpu6500SetIntDataReadyEnabled
<LI><a href="#[2b4]">&gt;&gt;</a>&nbsp;&nbsp;&nbsp;mpu6500SetI2CMasterModeEnabled
<LI><a href="#[2b3]">&gt;&gt;</a>&nbsp;&nbsp;&nbsp;mpu6500SetI2CBypassEnabled
</UL>
<BR>[Called By]<UL><LI><a href="#[83]">&gt;&gt;</a>&nbsp;&nbsp;&nbsp;sensorsTask
</UL>

<P><STRONG><a name="[25d]"></a>fastAdjustPosZ</STRONG> (Thumb, 222 bytes, Stack size 16 bytes, stabilizer.o(i.fastAdjustPosZ))
<BR><BR>[Stack]<UL><LI>Max Depth = 16<LI>Call Chain = fastAdjustPosZ
</UL>
<BR>[Calls]<UL><LI><a href="#[210]">&gt;&gt;</a>&nbsp;&nbsp;&nbsp;getFusedHeight
<LI><a href="#[e1]">&gt;&gt;</a>&nbsp;&nbsp;&nbsp;getModuleID
<LI><a href="#[234]">&gt;&gt;</a>&nbsp;&nbsp;&nbsp;estRstAll
<LI><a href="#[25e]">&gt;&gt;</a>&nbsp;&nbsp;&nbsp;estRstHeight
</UL>
<BR>[Called By]<UL><LI><a href="#[84]">&gt;&gt;</a>&nbsp;&nbsp;&nbsp;stabilizerTask
</UL>

<P><STRONG><a name="[2dc]"></a>inavFilterCorrectPos</STRONG> (Thumb, 66 bytes, Stack size 0 bytes, state_estimator.o(i.inavFilterCorrectPos))
<BR><BR>[Called By]<UL><LI><a href="#[2d7]">&gt;&gt;</a>&nbsp;&nbsp;&nbsp;positionEstimate
</UL>

<P><STRONG><a name="[2dd]"></a>inavFilterCorrectVel</STRONG> (Thumb, 30 bytes, Stack size 0 bytes, state_estimator.o(i.inavFilterCorrectVel))
<BR><BR>[Called By]<UL><LI><a href="#[2d7]">&gt;&gt;</a>&nbsp;&nbsp;&nbsp;positionEstimate
</UL>

<P><STRONG><a name="[2db]"></a>inavFilterPredict</STRONG> (Thumb, 84 bytes, Stack size 0 bytes, state_estimator.o(i.inavFilterPredict))
<BR><BR>[Called By]<UL><LI><a href="#[2d7]">&gt;&gt;</a>&nbsp;&nbsp;&nbsp;positionEstimate
</UL>

<P><STRONG><a name="[1e0]"></a>_fp_digits</STRONG> (Thumb, 334 bytes, Stack size 56 bytes, printfa.o(i._fp_digits), UNUSED)
<BR><BR>[Calls]<UL><LI><a href="#[9e]">&gt;&gt;</a>&nbsp;&nbsp;&nbsp;__aeabi_ddiv
<LI><a href="#[96]">&gt;&gt;</a>&nbsp;&nbsp;&nbsp;__aeabi_dadd
<LI><a href="#[9d]">&gt;&gt;</a>&nbsp;&nbsp;&nbsp;__aeabi_dmul
<LI><a href="#[1e1]">&gt;&gt;</a>&nbsp;&nbsp;&nbsp;__aeabi_cdrcmple
<LI><a href="#[92]">&gt;&gt;</a>&nbsp;&nbsp;&nbsp;__aeabi_uldivmod
<LI><a href="#[a7]">&gt;&gt;</a>&nbsp;&nbsp;&nbsp;__aeabi_d2ulz
</UL>
<BR>[Called By]<UL><LI><a href="#[1cf]">&gt;&gt;</a>&nbsp;&nbsp;&nbsp;_printf_core
</UL>

<P><STRONG><a name="[1cf]"></a>_printf_core</STRONG> (Thumb, 1744 bytes, Stack size 136 bytes, printfa.o(i._printf_core), UNUSED)
<BR><BR>[Calls]<UL><LI><a href="#[92]">&gt;&gt;</a>&nbsp;&nbsp;&nbsp;__aeabi_uldivmod
<LI><a href="#[1e4]">&gt;&gt;</a>&nbsp;&nbsp;&nbsp;__aeabi_uidivmod
<LI><a href="#[1e2]">&gt;&gt;</a>&nbsp;&nbsp;&nbsp;_printf_pre_padding
<LI><a href="#[1e3]">&gt;&gt;</a>&nbsp;&nbsp;&nbsp;_printf_post_padding
<LI><a href="#[1e0]">&gt;&gt;</a>&nbsp;&nbsp;&nbsp;_fp_digits
</UL>
<BR>[Called By]<UL><LI><a href="#[1ce]">&gt;&gt;</a>&nbsp;&nbsp;&nbsp;__0printf
</UL>

<P><STRONG><a name="[1e3]"></a>_printf_post_padding</STRONG> (Thumb, 36 bytes, Stack size 24 bytes, printfa.o(i._printf_post_padding), UNUSED)
<BR><BR>[Called By]<UL><LI><a href="#[1cf]">&gt;&gt;</a>&nbsp;&nbsp;&nbsp;_printf_core
</UL>

<P><STRONG><a name="[1e2]"></a>_printf_pre_padding</STRONG> (Thumb, 46 bytes, Stack size 24 bytes, printfa.o(i._printf_pre_padding), UNUSED)
<BR><BR>[Called By]<UL><LI><a href="#[1cf]">&gt;&gt;</a>&nbsp;&nbsp;&nbsp;_printf_core
</UL>
<P>
<H3>
Undefined Global Symbols
</H3><HR></body></html>
